Archive member included to satisfy reference by file (symbol)

C:/ST/STM32CubeIDE_2.1.1/STM32CubeIDE/plugins/com.st.stm32cube.ide.mcu.externaltools.gnu-tools-for-stm32.14.3.rel1.win32_1.0.100.202602081740/tools/bin/../lib/gcc/arm-none-eabi/14.3.1/../../../../arm-none-eabi/lib/thumb/v7e-m+fp/hard\libc_nano.a(libc_a-exit.o)
                              C:/ST/STM32CubeIDE_2.1.1/STM32CubeIDE/plugins/com.st.stm32cube.ide.mcu.externaltools.gnu-tools-for-stm32.14.3.rel1.win32_1.0.100.202602081740/tools/bin/../lib/gcc/arm-none-eabi/14.3.1/../../../../arm-none-eabi/lib/thumb/v7e-m+fp/hard/crt0.o (exit)
C:/ST/STM32CubeIDE_2.1.1/STM32CubeIDE/plugins/com.st.stm32cube.ide.mcu.externaltools.gnu-tools-for-stm32.14.3.rel1.win32_1.0.100.202602081740/tools/bin/../lib/gcc/arm-none-eabi/14.3.1/../../../../arm-none-eabi/lib/thumb/v7e-m+fp/hard\libc_nano.a(libc_a-findfp.o)
                              C:/ST/STM32CubeIDE_2.1.1/STM32CubeIDE/plugins/com.st.stm32cube.ide.mcu.externaltools.gnu-tools-for-stm32.14.3.rel1.win32_1.0.100.202602081740/tools/bin/../lib/gcc/arm-none-eabi/14.3.1/../../../../arm-none-eabi/lib/thumb/v7e-m+fp/hard\libc_nano.a(libc_a-exit.o) (__stdio_exit_handler)
C:/ST/STM32CubeIDE_2.1.1/STM32CubeIDE/plugins/com.st.stm32cube.ide.mcu.externaltools.gnu-tools-for-stm32.14.3.rel1.win32_1.0.100.202602081740/tools/bin/../lib/gcc/arm-none-eabi/14.3.1/../../../../arm-none-eabi/lib/thumb/v7e-m+fp/hard\libc_nano.a(libc_a-fwalk.o)
                              C:/ST/STM32CubeIDE_2.1.1/STM32CubeIDE/plugins/com.st.stm32cube.ide.mcu.externaltools.gnu-tools-for-stm32.14.3.rel1.win32_1.0.100.202602081740/tools/bin/../lib/gcc/arm-none-eabi/14.3.1/../../../../arm-none-eabi/lib/thumb/v7e-m+fp/hard\libc_nano.a(libc_a-findfp.o) (_fwalk_sglue)
C:/ST/STM32CubeIDE_2.1.1/STM32CubeIDE/plugins/com.st.stm32cube.ide.mcu.externaltools.gnu-tools-for-stm32.14.3.rel1.win32_1.0.100.202602081740/tools/bin/../lib/gcc/arm-none-eabi/14.3.1/../../../../arm-none-eabi/lib/thumb/v7e-m+fp/hard\libc_nano.a(libc_a-stdio.o)
                              C:/ST/STM32CubeIDE_2.1.1/STM32CubeIDE/plugins/com.st.stm32cube.ide.mcu.externaltools.gnu-tools-for-stm32.14.3.rel1.win32_1.0.100.202602081740/tools/bin/../lib/gcc/arm-none-eabi/14.3.1/../../../../arm-none-eabi/lib/thumb/v7e-m+fp/hard\libc_nano.a(libc_a-findfp.o) (__sread)
C:/ST/STM32CubeIDE_2.1.1/STM32CubeIDE/plugins/com.st.stm32cube.ide.mcu.externaltools.gnu-tools-for-stm32.14.3.rel1.win32_1.0.100.202602081740/tools/bin/../lib/gcc/arm-none-eabi/14.3.1/../../../../arm-none-eabi/lib/thumb/v7e-m+fp/hard\libc_nano.a(libc_a-memset.o)
                              C:/ST/STM32CubeIDE_2.1.1/STM32CubeIDE/plugins/com.st.stm32cube.ide.mcu.externaltools.gnu-tools-for-stm32.14.3.rel1.win32_1.0.100.202602081740/tools/bin/../lib/gcc/arm-none-eabi/14.3.1/../../../../arm-none-eabi/lib/thumb/v7e-m+fp/hard/crt0.o (memset)
C:/ST/STM32CubeIDE_2.1.1/STM32CubeIDE/plugins/com.st.stm32cube.ide.mcu.externaltools.gnu-tools-for-stm32.14.3.rel1.win32_1.0.100.202602081740/tools/bin/../lib/gcc/arm-none-eabi/14.3.1/../../../../arm-none-eabi/lib/thumb/v7e-m+fp/hard\libc_nano.a(libc_a-closer.o)
                              C:/ST/STM32CubeIDE_2.1.1/STM32CubeIDE/plugins/com.st.stm32cube.ide.mcu.externaltools.gnu-tools-for-stm32.14.3.rel1.win32_1.0.100.202602081740/tools/bin/../lib/gcc/arm-none-eabi/14.3.1/../../../../arm-none-eabi/lib/thumb/v7e-m+fp/hard\libc_nano.a(libc_a-stdio.o) (_close_r)
C:/ST/STM32CubeIDE_2.1.1/STM32CubeIDE/plugins/com.st.stm32cube.ide.mcu.externaltools.gnu-tools-for-stm32.14.3.rel1.win32_1.0.100.202602081740/tools/bin/../lib/gcc/arm-none-eabi/14.3.1/../../../../arm-none-eabi/lib/thumb/v7e-m+fp/hard\libc_nano.a(libc_a-reent.o)
                              C:/ST/STM32CubeIDE_2.1.1/STM32CubeIDE/plugins/com.st.stm32cube.ide.mcu.externaltools.gnu-tools-for-stm32.14.3.rel1.win32_1.0.100.202602081740/tools/bin/../lib/gcc/arm-none-eabi/14.3.1/../../../../arm-none-eabi/lib/thumb/v7e-m+fp/hard\libc_nano.a(libc_a-closer.o) (errno)
C:/ST/STM32CubeIDE_2.1.1/STM32CubeIDE/plugins/com.st.stm32cube.ide.mcu.externaltools.gnu-tools-for-stm32.14.3.rel1.win32_1.0.100.202602081740/tools/bin/../lib/gcc/arm-none-eabi/14.3.1/../../../../arm-none-eabi/lib/thumb/v7e-m+fp/hard\libc_nano.a(libc_a-impure.o)
                              C:/ST/STM32CubeIDE_2.1.1/STM32CubeIDE/plugins/com.st.stm32cube.ide.mcu.externaltools.gnu-tools-for-stm32.14.3.rel1.win32_1.0.100.202602081740/tools/bin/../lib/gcc/arm-none-eabi/14.3.1/../../../../arm-none-eabi/lib/thumb/v7e-m+fp/hard\libc_nano.a(libc_a-reent.o) (_impure_ptr)
C:/ST/STM32CubeIDE_2.1.1/STM32CubeIDE/plugins/com.st.stm32cube.ide.mcu.externaltools.gnu-tools-for-stm32.14.3.rel1.win32_1.0.100.202602081740/tools/bin/../lib/gcc/arm-none-eabi/14.3.1/../../../../arm-none-eabi/lib/thumb/v7e-m+fp/hard\libc_nano.a(libc_a-lseekr.o)
[...]
Memory Configuration

Name             Origin             Length             Attributes
RAM              0x20000000         0x00020000         xrw
FLASH            0x08000000         0x00080000         xr
*default*        0x00000000         0xffffffff

Linker script and memory map

LOAD C:/ST/STM32CubeIDE_2.1.1/STM32CubeIDE/plugins/com.st.stm32cube.ide.mcu.externaltools.gnu-tools-for-stm32.14.3.rel1.win32_1.0.100.202602081740/tools/bin/../lib/gcc/arm-none-eabi/14.3.1/thumb/v7e-m+fp/hard/crti.o
LOAD C:/ST/STM32CubeIDE_2.1.1/STM32CubeIDE/plugins/com.st.stm32cube.ide.mcu.externaltools.gnu-tools-for-stm32.14.3.rel1.win32_1.0.100.202602081740/tools/bin/../lib/gcc/arm-none-eabi/14.3.1/thumb/v7e-m+fp/hard/crtbegin.o
LOAD C:/ST/STM32CubeIDE_2.1.1/STM32CubeIDE/plugins/com.st.stm32cube.ide.mcu.externaltools.gnu-tools-for-stm32.14.3.rel1.win32_1.0.100.202602081740/tools/bin/../lib/gcc/arm-none-eabi/14.3.1/../../../../arm-none-eabi/lib/thumb/v7e-m+fp/hard/crt0.o
LOAD ./Drivers/STM32F4xx_HAL_Driver/Src/stm32f4xx_hal.o
LOAD ./Drivers/STM32F4xx_HAL_Driver/Src/stm32f4xx_hal_adc.o
LOAD ./Drivers/STM32F4xx_HAL_Driver/Src/stm32f4xx_hal_adc_ex.o
LOAD ./Drivers/STM32F4xx_HAL_Driver/Src/stm32f4xx_hal_cortex.o
LOAD ./Drivers/STM32F4xx_HAL_Driver/Src/stm32f4xx_hal_dma.o
LOAD ./Drivers/STM32F4xx_HAL_Driver/Src/stm32f4xx_hal_dma_ex.o
LOAD ./Drivers/STM32F4xx_HAL_Driver/Src/stm32f4xx_hal_exti.o
LOAD ./Drivers/STM32F4xx_HAL_Driver/Src/stm32f4xx_hal_flash.o
LOAD ./Drivers/STM32F4xx_HAL_Driver/Src/stm32f4xx_hal_flash_ex.o
LOAD ./Drivers/STM32F4xx_HAL_Driver/Src/stm32f4xx_hal_flash_ramfunc.o
LOAD ./Drivers/STM32F4xx_HAL_Driver/Src/stm32f4xx_hal_gpio.o
LOAD ./Drivers/STM32F4xx_HAL_Driver/Src/stm32f4xx_hal_i2c.o
LOAD ./Drivers/STM32F4xx_HAL_Driver/Src/stm32f4xx_hal_i2c_ex.o
LOAD ./Drivers/STM32F4xx_HAL_Driver/Src/stm32f4xx_hal_iwdg.o
LOAD ./Drivers/STM32F4xx_HAL_Driver/Src/stm32f4xx_hal_pwr.o
LOAD ./Drivers/STM32F4xx_HAL_Driver/Src/stm32f4xx_hal_pwr_ex.o
LOAD ./Drivers/STM32F4xx_HAL_Driver/Src/stm32f4xx_hal_rcc.o
LOAD ./Drivers/STM32F4xx_HAL_Driver/Src/stm32f4xx_hal_rcc_ex.o
LOAD ./Drivers/STM32F4xx_HAL_Driver/Src/stm32f4xx_hal_tim.o
LOAD ./Drivers/STM32F4xx_HAL_Driver/Src/stm32f4xx_hal_tim_ex.o
LOAD ./Drivers/STM32F4xx_HAL_Driver/Src/stm32f4xx_hal_uart.o
LOAD ./Drivers/STM32F4xx_HAL_Driver/Src/stm32f4xx_ll_adc.o
LOAD ./SensusSrc/1wire_ds2482.o
LOAD ./SensusSrc/adc.o
LOAD ./SensusSrc/buttons.o
LOAD ./SensusSrc/collimator.o
LOAD ./SensusSrc/control_comm.o
LOAD ./SensusSrc/crcccitt.o
LOAD ./SensusSrc/flow.o
LOAD ./SensusSrc/leds.o
LOAD ./SensusSrc/lis2mdl.o
LOAD ./SensusSrc/lis3mdl.o
LOAD ./SensusSrc/magnetometer.o
LOAD ./SensusSrc/qc.o
LOAD ./SensusSrc/setup.o
LOAD ./SensusSrc/sys_data.o
LOAD ./SensusSrc/timer.o
LOAD ./Src/main.o
LOAD ./Src/stm32f4xx_hal_msp.o
LOAD ./Src/stm32f4xx_it.o
LOAD ./Src/syscalls.o
LOAD ./Src/system_stm32f4xx.o
LOAD ./startup/startup_stm32f411xe.o
START GROUP
LOAD C:/ST/STM32CubeIDE_2.1.1/STM32CubeIDE/plugins/com.st.stm32cube.ide.mcu.externaltools.gnu-tools-for-stm32.14.3.rel1.win32_1.0.100.202602081740/tools/bin/../lib/gcc/arm-none-eabi/14.3.1/../../../../arm-none-eabi/lib/thumb/v7e-m+fp/hard\libc_nano.a
LOAD C:/ST/STM32CubeIDE_2.1.1/STM32CubeIDE/plugins/com.st.stm32cube.ide.mcu.externaltools.gnu-tools-for-stm32.14.3.rel1.win32_1.0.100.202602081740/tools/bin/../lib/gcc/arm-none-eabi/14.3.1/../../../../arm-none-eabi/lib/thumb/v7e-m+fp/hard\libm.a
END GROUP
START GROUP
LOAD C:/ST/STM32CubeIDE_2.1.1/STM32CubeIDE/plugins/com.st.stm32cube.ide.mcu.externaltools.gnu-tools-for-stm32.14.3.rel1.win32_1.0.100.202602081740/tools/bin/../lib/gcc/arm-none-eabi/14.3.1/thumb/v7e-m+fp/hard\libgcc.a
LOAD C:/ST/STM32CubeIDE_2.1.1/STM32CubeIDE/plugins/com.st.stm32cube.ide.mcu.externaltools.gnu-tools-for-stm32.14.3.rel1.win32_1.0.100.202602081740/tools/bin/../lib/gcc/arm-none-eabi/14.3.1/../../../../arm-none-eabi/lib/thumb/v7e-m+fp/hard\libc_nano.a
END GROUP
START GROUP
LOAD C:/ST/STM32CubeIDE_2.1.1/STM32CubeIDE/plugins/com.st.stm32cube.ide.mcu.externaltools.gnu-tools-for-stm32.14.3.rel1.win32_1.0.100.202602081740/tools/bin/../lib/gcc/arm-none-eabi/14.3.1/thumb/v7e-m+fp/hard\libgcc.a
LOAD C:/ST/STM32CubeIDE_2.1.1/STM32CubeIDE/plugins/com.st.stm32cube.ide.mcu.externaltools.gnu-tools-for-stm32.14.3.rel1.win32_1.0.100.202602081740/tools/bin/../lib/gcc/arm-none-eabi/14.3.1/../../../../arm-none-eabi/lib/thumb/v7e-m+fp/hard\libc_nano.a
LOAD C:/ST/STM32CubeIDE_2.1.1/STM32CubeIDE/plugins/com.st.stm32cube.ide.mcu.externaltools.gnu-tools-for-stm32.14.3.rel1.win32_1.0.100.202602081740/tools/bin/../lib/gcc/arm-none-eabi/14.3.1/../../../../arm-none-eabi/lib/thumb/v7e-m+fp/hard\libnosys.a
END GROUP
START GROUP
LOAD C:/ST/STM32CubeIDE_2.1.1/STM32CubeIDE/plugins/com.st.stm32cube.ide.mcu.externaltools.gnu-tools-for-stm32.14.3.rel1.win32_1.0.100.202602081740/tools/bin/../lib/gcc/arm-none-eabi/14.3.1/thumb/v7e-m+fp/hard\libgcc.a
LOAD C:/ST/STM32CubeIDE_2.1.1/STM32CubeIDE/plugins/com.st.stm32cube.ide.mcu.externaltools.gnu-tools-for-stm32.14.3.rel1.win32_1.0.100.202602081740/tools/bin/../lib/gcc/arm-none-eabi/14.3.1/../../../../arm-none-eabi/lib/thumb/v7e-m+fp/hard\libc_nano.a
LOAD C:/ST/STM32CubeIDE_2.1.1/STM32CubeIDE/plugins/com.st.stm32cube.ide.mcu.externaltools.gnu-tools-for-stm32.14.3.rel1.win32_1.0.100.202602081740/tools/bin/../lib/gcc/arm-none-eabi/14.3.1/../../../../arm-none-eabi/lib/thumb/v7e-m+fp/hard\libnosys.a
END GROUP
LOAD C:/ST/STM32CubeIDE_2.1.1/STM32CubeIDE/plugins/com.st.stm32cube.ide.mcu.externaltools.gnu-tools-for-stm32.14.3.rel1.win32_1.0.100.202602081740/tools/bin/../lib/gcc/arm-none-eabi/14.3.1/thumb/v7e-m+fp/hard/crtend.o
LOAD C:/ST/STM32CubeIDE_2.1.1/STM32CubeIDE/plugins/com.st.stm32cube.ide.mcu.externaltools.gnu-tools-for-stm32.14.3.rel1.win32_1.0.100.202602081740/tools/bin/../lib/gcc/arm-none-eabi/14.3.1/thumb/v7e-m+fp/hard/crtn.o
                0x20020000                        _estack = 0x20020000
                0x00000200                        _Min_Heap_Size = 0x200
                0x00000400                        _Min_Stack_Size = 0x400

.isr_vector     0x08000000      0x198
                0x08000000                        . = ALIGN (0x4)
 *(.isr_vector)
 .isr_vector    0x08000000      0x198 ./startup/startup_stm32f411xe.o
                0x08000000                g_pfnVectors
                0x08000198                        . = ALIGN (0x4)

.text           0x08000198     0x4a50
                0x08000198                        . = ALIGN (0x4)
 *(.text)
 .text          0x08000198       0x40 C:/ST/STM32CubeIDE_2.1.1/STM32CubeIDE/plugins/com.st.stm32cube.ide.mcu.externaltools.gnu-tools-for-stm32.14.3.rel1.win32_1.0.100.202602081740/tools/bin/../lib/gcc/arm-none-eabi/14.3.1/thumb/v7e-m+fp/hard/crtbegin.o
 .text          0x080001d8      0x254 C:/ST/STM32CubeIDE_2.1.1/STM32CubeIDE/plugins/com.st.stm32cube.ide.mcu.externaltools.gnu-tools-for-stm32.14.3.rel1.win32_1.0.100.202602081740/tools/bin/../lib/gcc/arm-none-eabi/14.3.1/thumb/v7e-m+fp/hard\libgcc.a(_arm_muldf3.o)
                0x080001d8                __muldf3
                0x080001d8                __aeabi_dmul
 .text          0x0800042c      0x378 C:/ST/STM32CubeIDE_2.1.1/STM32CubeIDE/plugins/com.st.stm32cube.ide.mcu.externaltools.gnu-tools-for-stm32.14.3.rel1.win32_1.0.100.202602081740/tools/bin/../lib/gcc/arm-none-eabi/14.3.1/thumb/v7e-m+fp/hard\libgcc.a(_arm_addsubdf3.o)
                0x0800042c                __aeabi_drsub
                0x08000434                __aeabi_dsub
                0x08000434                __subdf3
                0x08000438                __aeabi_dadd
                0x08000438                __adddf3
                0x080006b0                __floatunsidf
                0x080006b0                __aeabi_ui2d
                0x080006d0                __floatsidf
                0x080006d0                __aeabi_i2d
                0x080006f4                __aeabi_f2d
                0x080006f4                __extendsfdf2
                0x08000738                __floatundidf
                0x08000738                __aeabi_ul2d
                0x08000748                __floatdidf
                0x08000748                __aeabi_l2d
 .text          0x080007a4       0xa0 C:/ST/STM32CubeIDE_2.1.1/STM32CubeIDE/plugins/com.st.stm32cube.ide.mcu.externaltools.gnu-tools-for-stm32.14.3.rel1.win32_1.0.100.202602081740/tools/bin/../lib/gcc/arm-none-eabi/14.3.1/thumb/v7e-m+fp/hard\libgcc.a(_arm_truncdfsf2.o)
                0x080007a4                __truncdfsf2
                0x080007a4                __aeabi_d2f
 .text          0x08000844       0x30 C:/ST/STM32CubeIDE_2.1.1/STM32CubeIDE/plugins/com.st.stm32cube.ide.mcu.externaltools.gnu-tools-for-stm32.14.3.rel1.win32_1.0.100.202602081740/tools/bin/../lib/gcc/arm-none-eabi/14.3.1/thumb/v7e-m+fp/hard\libgcc.a(_aeabi_uldivmod.o)
                0x08000844                __aeabi_uldivmod
 .text          0x08000874      0x2f8 C:/ST/STM32CubeIDE_2.1.1/STM32CubeIDE/plugins/com.st.stm32cube.ide.mcu.externaltools.gnu-tools-for-stm32.14.3.rel1.win32_1.0.100.202602081740/tools/bin/../lib/gcc/arm-none-eabi/14.3.1/thumb/v7e-m+fp/hard\libgcc.a(_udivmoddi4.o)
                0x08000874                __udivmoddi4
 .text          0x08000b6c        0x4 C:/ST/STM32CubeIDE_2.1.1/STM32CubeIDE/plugins/com.st.stm32cube.ide.mcu.externaltools.gnu-tools-for-stm32.14.3.rel1.win32_1.0.100.202602081740/tools/bin/../lib/gcc/arm-none-eabi/14.3.1/thumb/v7e-m+fp/hard\libgcc.a(_dvmd_tls.o)
                0x08000b6c                __aeabi_idiv0
                0x08000b6c                __aeabi_ldiv0
 *(.text*)
 .text.HAL_InitTick
                0x08000b70       0x48 ./Drivers/STM32F4xx_HAL_Driver/Src/stm32f4xx_hal.o
                0x08000b70                HAL_InitTick
 .text.HAL_Init
                0x08000bb8       0x34 ./Drivers/STM32F4xx_HAL_Driver/Src/stm32f4xx_hal.o
                0x08000bb8                HAL_Init
 .text.HAL_IncTick
                0x08000bec       0x18 ./Drivers/STM32F4xx_HAL_Driver/Src/stm32f4xx_hal.o
                0x08000bec                HAL_IncTick
 .text.HAL_GetTick
                0x08000c04        0xc ./Drivers/STM32F4xx_HAL_Driver/Src/stm32f4xx_hal.o
                0x08000c04                HAL_GetTick
 .text.HAL_ADC_Init
                0x08000c10      0x14c ./Drivers/STM32F4xx_HAL_Driver/Src/stm32f4xx_hal_adc.o
                0x08000c10                HAL_ADC_Init
 .text.HAL_ADC_Start_IT
                0x08000d5c       0xdc ./Drivers/STM32F4xx_HAL_Driver/Src/stm32f4xx_hal_adc.o
                0x08000d5c                HAL_ADC_Start_IT
 .text.HAL_ADC_GetValue
                0x08000e38        0x6 ./Drivers/STM32F4xx_HAL_Driver/Src/stm32f4xx_hal_adc.o
                0x08000e38                HAL_ADC_GetValue
 .text.HAL_ADC_LevelOutOfWindowCallback
                0x08000e3e        0x2 ./Drivers/STM32F4xx_HAL_Driver/Src/stm32f4xx_hal_adc.o
                0x08000e3e                HAL_ADC_LevelOutOfWindowCallback
 .text.HAL_ADC_ErrorCallback
                0x08000e40        0x2 ./Drivers/STM32F4xx_HAL_Driver/Src/stm32f4xx_hal_adc.o
                0x08000e40                HAL_ADC_ErrorCallback
 .text.HAL_ADC_IRQHandler
                0x08000e42      0x11c ./Drivers/STM32F4xx_HAL_Driver/Src/stm32f4xx_hal_adc.o
                0x08000e42                HAL_ADC_IRQHandler
 *fill*         0x08000f5e        0x2 
 .text.HAL_ADC_ConfigChannel
                0x08000f60      0x138 ./Drivers/STM32F4xx_HAL_Driver/Src/stm32f4xx_hal_adc.o
                0x08000f60                HAL_ADC_ConfigChannel
 .text.HAL_ADCEx_InjectedConvCpltCallback
                0x08001098        0x2 ./Drivers/STM32F4xx_HAL_Driver/Src/stm32f4xx_hal_adc_ex.o
                0x08001098                HAL_ADCEx_InjectedConvCpltCallback
 *fill*         0x0800109a        0x2 
 .text.HAL_NVIC_SetPriorityGrouping
                0x0800109c       0x24 ./Drivers/STM32F4xx_HAL_Driver/Src/stm32f4xx_hal_cortex.o
                0x0800109c                HAL_NVIC_SetPriorityGrouping
 .text.HAL_NVIC_SetPriority
                0x080010c0       0x64 ./Drivers/STM32F4xx_HAL_Driver/Src/stm32f4xx_hal_cortex.o
                0x080010c0                HAL_NVIC_SetPriority
 .text.HAL_NVIC_EnableIRQ
                0x08001124       0x1c ./Drivers/STM32F4xx_HAL_Driver/Src/stm32f4xx_hal_cortex.o
                0x08001124                HAL_NVIC_EnableIRQ
 .text.HAL_SYSTICK_Config
                0x08001140       0x28 ./Drivers/STM32F4xx_HAL_Driver/Src/stm32f4xx_hal_cortex.o
                0x08001140                HAL_SYSTICK_Config
 .text.HAL_DMA_Abort
                0x08001168       0x7c ./Drivers/STM32F4xx_HAL_Driver/Src/stm32f4xx_hal_dma.o
                0x08001168                HAL_DMA_Abort
 .text.HAL_DMA_Abort_IT
                0x080011e4       0x24 ./Drivers/STM32F4xx_HAL_Driver/Src/stm32f4xx_hal_dma.o
                0x080011e4                HAL_DMA_Abort_IT
 .text.HAL_DMA_GetState
                0x08001208        0x6 ./Drivers/STM32F4xx_HAL_Driver/Src/stm32f4xx_hal_dma.o
                0x08001208                HAL_DMA_GetState
 *fill*         0x0800120e        0x2 
 .text.HAL_GPIO_Init
                0x08001210      0x18c ./Drivers/STM32F4xx_HAL_Driver/Src/stm32f4xx_hal_gpio.o
                0x08001210                HAL_GPIO_Init
 .text.HAL_GPIO_ReadPin
                0x0800139c        0xc ./Drivers/STM32F4xx_HAL_Driver/Src/stm32f4xx_hal_gpio.o
                0x0800139c                HAL_GPIO_ReadPin
 .text.HAL_GPIO_WritePin
                0x080013a8        0xa ./Drivers/STM32F4xx_HAL_Driver/Src/stm32f4xx_hal_gpio.o
                0x080013a8                HAL_GPIO_WritePin
 .text.HAL_GPIO_TogglePin
                0x080013b2       0x12 ./Drivers/STM32F4xx_HAL_Driver/Src/stm32f4xx_hal_gpio.o
                0x080013b2                HAL_GPIO_TogglePin
 .text.I2C_IsAcknowledgeFailed
                0x080013c4       0x34 ./Drivers/STM32F4xx_HAL_Driver/Src/stm32f4xx_hal_i2c.o
 .text.I2C_WaitOnFlagUntilTimeout
                0x080013f8       0x9c ./Drivers/STM32F4xx_HAL_Driver/Src/stm32f4xx_hal_i2c.o
 .text.I2C_WaitOnMasterAddressFlagUntilTimeout
                0x08001494       0x84 ./Drivers/STM32F4xx_HAL_Driver/Src/stm32f4xx_hal_i2c.o
 .text.I2C_WaitOnTXEFlagUntilTimeout
                0x08001518       0x54 ./Drivers/STM32F4xx_HAL_Driver/Src/stm32f4xx_hal_i2c.o
 .text.I2C_RequestMemoryWrite
                0x0800156c       0xb4 ./Drivers/STM32F4xx_HAL_Driver/Src/stm32f4xx_hal_i2c.o
 .text.I2C_RequestMemoryRead
                0x08001620      0x100 ./Drivers/STM32F4xx_HAL_Driver/Src/stm32f4xx_hal_i2c.o
 .text.I2C_WaitOnBTFFlagUntilTimeout
                0x08001720       0x54 ./Drivers/STM32F4xx_HAL_Driver/Src/stm32f4xx_hal_i2c.o
 .text.I2C_WaitOnRXNEFlagUntilTimeout
                0x08001774       0x66 ./Drivers/STM32F4xx_HAL_Driver/Src/stm32f4xx_hal_i2c.o
 *fill*         0x080017da        0x2 
 .text.HAL_I2C_Init
                0x080017dc      0x150 ./Drivers/STM32F4xx_HAL_Driver/Src/stm32f4xx_hal_i2c.o
                0x080017dc                HAL_I2C_Init
 .text.HAL_I2C_Mem_Write
                0x0800192c      0x120 ./Drivers/STM32F4xx_HAL_Driver/Src/stm32f4xx_hal_i2c.o
                0x0800192c                HAL_I2C_Mem_Write
 .text.HAL_I2C_Mem_Read
                0x08001a4c      0x21c ./Drivers/STM32F4xx_HAL_Driver/Src/stm32f4xx_hal_i2c.o
                0x08001a4c                HAL_I2C_Mem_Read
 .text.HAL_I2C_SlaveTxCpltCallback
                0x08001c68        0x2 ./Drivers/STM32F4xx_HAL_Driver/Src/stm32f4xx_hal_i2c.o
                0x08001c68                HAL_I2C_SlaveTxCpltCallback
 .text.HAL_I2C_SlaveRxCpltCallback
                0x08001c6a        0x2 ./Drivers/STM32F4xx_HAL_Driver/Src/stm32f4xx_hal_i2c.o
                0x08001c6a                HAL_I2C_SlaveRxCpltCallback
 .text.HAL_I2C_AddrCallback
                0x08001c6c        0x2 ./Drivers/STM32F4xx_HAL_Driver/Src/stm32f4xx_hal_i2c.o
                0x08001c6c                HAL_I2C_AddrCallback
 .text.HAL_I2C_ListenCpltCallback
                0x08001c6e        0x2 ./Drivers/STM32F4xx_HAL_Driver/Src/stm32f4xx_hal_i2c.o
                0x08001c6e                HAL_I2C_ListenCpltCallback
 .text.I2C_MemoryTransmit_TXE_BTF
                0x08001c70       0xb0 ./Drivers/STM32F4xx_HAL_Driver/Src/stm32f4xx_hal_i2c.o
 .text.HAL_I2C_AbortCpltCallback
                0x08001d20        0x2 ./Drivers/STM32F4xx_HAL_Driver/Src/stm32f4xx_hal_i2c.o
                0x08001d20                HAL_I2C_AbortCpltCallback
 *fill*         0x08001d22        0x2 
 .text.I2C_DMAAbort
                0x08001d24       0xc0 ./Drivers/STM32F4xx_HAL_Driver/Src/stm32f4xx_hal_i2c.o
 .text.I2C_ITError
                0x08001de4      0x150 ./Drivers/STM32F4xx_HAL_Driver/Src/stm32f4xx_hal_i2c.o
 .text.HAL_I2C_EV_IRQHandler
                0x08001f34      0x8a4 ./Drivers/STM32F4xx_HAL_Driver/Src/stm32f4xx_hal_i2c.o
                0x08001f34                HAL_I2C_EV_IRQHandler
 .text.HAL_I2C_ER_IRQHandler
                0x080027d8      0x138 ./Drivers/STM32F4xx_HAL_Driver/Src/stm32f4xx_hal_i2c.o
                0x080027d8                HAL_I2C_ER_IRQHandler
 .text.HAL_IWDG_Init
                0x08002910       0x52 ./Drivers/STM32F4xx_HAL_Driver/Src/stm32f4xx_hal_iwdg.o
                0x08002910                HAL_IWDG_Init
 .text.HAL_IWDG_Refresh
                0x08002962        0xc ./Drivers/STM32F4xx_HAL_Driver/Src/stm32f4xx_hal_iwdg.o
                0x08002962                HAL_IWDG_Refresh
 *fill*         0x0800296e        0x2 
 .text.HAL_RCC_OscConfig
                0x08002970      0x35c ./Drivers/STM32F4xx_HAL_Driver/Src/stm32f4xx_hal_rcc.o
                0x08002970                HAL_RCC_OscConfig
 .text.HAL_RCC_GetSysClockFreq
                0x08002ccc       0x5c ./Drivers/STM32F4xx_HAL_Driver/Src/stm32f4xx_hal_rcc.o
                0x08002ccc                HAL_RCC_GetSysClockFreq
 .text.HAL_RCC_ClockConfig
                0x08002d28      0x134 ./Drivers/STM32F4xx_HAL_Driver/Src/stm32f4xx_hal_rcc.o
                0x08002d28                HAL_RCC_ClockConfig
 .text.HAL_RCC_GetPCLK1Freq
                0x08002e5c       0x20 ./Drivers/STM32F4xx_HAL_Driver/Src/stm32f4xx_hal_rcc.o
                0x08002e5c                HAL_RCC_GetPCLK1Freq
 .text.HAL_RCC_GetPCLK2Freq
                0x08002e7c       0x20 ./Drivers/STM32F4xx_HAL_Driver/Src/stm32f4xx_hal_rcc.o
                0x08002e7c                HAL_RCC_GetPCLK2Freq
 .text.TIM_OC1_SetConfig
                0x08002e9c       0x50 ./Drivers/STM32F4xx_HAL_Driver/Src/stm32f4xx_hal_tim.o
 .text.TIM_OC3_SetConfig
                0x08002eec       0x54 ./Drivers/STM32F4xx_HAL_Driver/Src/stm32f4xx_hal_tim.o
 .text.TIM_OC4_SetConfig
                0x08002f40       0x44 ./Drivers/STM32F4xx_HAL_Driver/Src/stm32f4xx_hal_tim.o
 .text.HAL_TIM_OC_MspInit
                0x08002f84        0x2 ./Drivers/STM32F4xx_HAL_Driver/Src/stm32f4xx_hal_tim.o
                0x08002f84                HAL_TIM_OC_MspInit
 .text.HAL_TIM_PeriodElapsedCallback
                0x08002f86        0x2 ./Drivers/STM32F4xx_HAL_Driver/Src/stm32f4xx_hal_tim.o
                0x08002f86                HAL_TIM_PeriodElapsedCallback
 .text.HAL_TIM_OC_DelayElapsedCallback
                0x08002f88        0x2 ./Drivers/STM32F4xx_HAL_Driver/Src/stm32f4xx_hal_tim.o
                0x08002f88                HAL_TIM_OC_DelayElapsedCallback
 .text.HAL_TIM_IC_CaptureCallback
                0x08002f8a        0x2 ./Drivers/STM32F4xx_HAL_Driver/Src/stm32f4xx_hal_tim.o
                0x08002f8a                HAL_TIM_IC_CaptureCallback
 .text.HAL_TIM_PWM_PulseFinishedCallback
                0x08002f8c        0x2 ./Drivers/STM32F4xx_HAL_Driver/Src/stm32f4xx_hal_tim.o
                0x08002f8c                HAL_TIM_PWM_PulseFinishedCallback
 .text.HAL_TIM_TriggerCallback
                0x08002f8e        0x2 ./Drivers/STM32F4xx_HAL_Driver/Src/stm32f4xx_hal_tim.o
                0x08002f8e                HAL_TIM_TriggerCallback
 .text.HAL_TIM_IRQHandler
                0x08002f90      0x128 ./Drivers/STM32F4xx_HAL_Driver/Src/stm32f4xx_hal_tim.o
                0x08002f90                HAL_TIM_IRQHandler
 .text.TIM_Base_SetConfig
                0x080030b8       0x80 ./Drivers/STM32F4xx_HAL_Driver/Src/stm32f4xx_hal_tim.o
                0x080030b8                TIM_Base_SetConfig
 .text.HAL_TIM_Base_Init
                0x08003138       0x58 ./Drivers/STM32F4xx_HAL_Driver/Src/stm32f4xx_hal_tim.o
                0x08003138                HAL_TIM_Base_Init
 .text.HAL_TIM_OC_Init
                0x08003190       0x58 ./Drivers/STM32F4xx_HAL_Driver/Src/stm32f4xx_hal_tim.o
                0x08003190                HAL_TIM_OC_Init
 .text.TIM_OC2_SetConfig
                0x080031e8       0x58 ./Drivers/STM32F4xx_HAL_Driver/Src/stm32f4xx_hal_tim.o
                0x080031e8                TIM_OC2_SetConfig
 .text.HAL_TIM_OC_ConfigChannel
                0x08003240       0x4c ./Drivers/STM32F4xx_HAL_Driver/Src/stm32f4xx_hal_tim.o
                0x08003240                HAL_TIM_OC_ConfigChannel
 .text.HAL_TIMEx_CommutCallback
                0x0800328c        0x2 ./Drivers/STM32F4xx_HAL_Driver/Src/stm32f4xx_hal_tim_ex.o
                0x0800328c                HAL_TIMEx_CommutCallback
 .text.HAL_TIMEx_BreakCallback
                0x0800328e        0x2 ./Drivers/STM32F4xx_HAL_Driver/Src/stm32f4xx_hal_tim_ex.o
                0x0800328e                HAL_TIMEx_BreakCallback
 .text.UART_EndRxTransfer
                0x08003290       0x5c ./Drivers/STM32F4xx_HAL_Driver/Src/stm32f4xx_hal_uart.o
 .text.UART_SetConfig
                0x080032ec       0xbc ./Drivers/STM32F4xx_HAL_Driver/Src/stm32f4xx_hal_uart.o
 .text.HAL_UART_Init
                0x080033a8       0x5e ./Drivers/STM32F4xx_HAL_Driver/Src/stm32f4xx_hal_uart.o
                0x080033a8                HAL_UART_Init
 .text.HAL_UART_Transmit_IT
                0x08003406       0x32 ./Drivers/STM32F4xx_HAL_Driver/Src/stm32f4xx_hal_uart.o
                0x08003406                HAL_UART_Transmit_IT
 .text.HAL_UART_ErrorCallback
                0x08003438        0x2 ./Drivers/STM32F4xx_HAL_Driver/Src/stm32f4xx_hal_uart.o
                0x08003438                HAL_UART_ErrorCallback
 .text.UART_DMAAbortOnError
                0x0800343a        0xe ./Drivers/STM32F4xx_HAL_Driver/Src/stm32f4xx_hal_uart.o
 .text.HAL_UARTEx_RxEventCallback
                0x08003448        0x2 ./Drivers/STM32F4xx_HAL_Driver/Src/stm32f4xx_hal_uart.o
                0x08003448                HAL_UARTEx_RxEventCallback
 .text.UART_Receive_IT.isra.0
                0x0800344a       0xb4 ./Drivers/STM32F4xx_HAL_Driver/Src/stm32f4xx_hal_uart.o
 *fill*         0x080034fe        0x2 
 .text.HAL_UART_IRQHandler
                0x08003500      0x2a0 ./Drivers/STM32F4xx_HAL_Driver/Src/stm32f4xx_hal_uart.o
                0x08003500                HAL_UART_IRQHandler
 .text.UART_Start_Receive_IT
                0x080037a0       0x32 ./Drivers/STM32F4xx_HAL_Driver/Src/stm32f4xx_hal_uart.o
                0x080037a0                UART_Start_Receive_IT
 .text.HAL_UART_Receive_IT
                0x080037d2       0x22 ./Drivers/STM32F4xx_HAL_Driver/Src/stm32f4xx_hal_uart.o
                0x080037d2                HAL_UART_Receive_IT
 .text.init_adc
                0x080037f4       0x30 ./SensusSrc/adc.o
                0x080037f4                init_adc
 .text.process_adc
                0x08003824       0xc8 ./SensusSrc/adc.o
                0x08003824                process_adc
 .text.adc_cb   0x080038ec       0x28 ./SensusSrc/adc.o
                0x080038ec                adc_cb
 .text.init_control_comm
                0x08003914       0x50 ./SensusSrc/control_comm.o
                0x08003914                init_control_comm
 .text.process_control_comm
                0x08003964      0x238 ./SensusSrc/control_comm.o
                0x08003964                process_control_comm
 .text.control_comm_rx_cb
                0x08003b9c        0xc ./SensusSrc/control_comm.o
                0x08003b9c                control_comm_rx_cb
 .text.control_comm_tx_cb
                0x08003ba8        0xc ./SensusSrc/control_comm.o
                0x08003ba8                control_comm_tx_cb
 .text.init_crcccitt_tab
                0x08003bb4       0x50 ./SensusSrc/crcccitt.o
                0x08003bb4                init_crcccitt_tab
 .text.init_flow
                0x08003c04        0x2 ./SensusSrc/flow.o
                0x08003c04                init_flow
 *fill*         0x08003c06        0x2 
 .text.process_flow
                0x08003c08       0x9c ./SensusSrc/flow.o
                0x08003c08                process_flow
 .text.LIS2MDL_WhoAmI
                0x08003ca4       0x2c ./SensusSrc/lis2mdl.o
                0x08003ca4                LIS2MDL_WhoAmI
 .text.LIS2MDL_Init
                0x08003cd0       0x9e ./SensusSrc/lis2mdl.o
                0x08003cd0                LIS2MDL_Init
 .text.LIS2MDL_ReadMagnetometers
                0x08003d6e       0x64 ./SensusSrc/lis2mdl.o
                0x08003d6e                LIS2MDL_ReadMagnetometers
 *fill*         0x08003dd2        0x2 
 .text.init_magnetometer
                0x08003dd4       0x28 ./SensusSrc/magnetometer.o
                0x08003dd4                init_magnetometer
 .text.process_magnetometer
                0x08003dfc       0x74 ./SensusSrc/magnetometer.o
                0x08003dfc                process_magnetometer
 .text.mag_i2c_rx_cb
                0x08003e70       0x24 ./SensusSrc/magnetometer.o
                0x08003e70                mag_i2c_rx_cb
 .text.HAL_I2C_MasterTxCpltCallback
                0x08003e94       0x28 ./SensusSrc/qc.o
                0x08003e94                HAL_I2C_MasterTxCpltCallback
 .text.HAL_I2C_MasterRxCpltCallback
                0x08003ebc       0x64 ./SensusSrc/qc.o
                0x08003ebc                HAL_I2C_MasterRxCpltCallback
 .text.HAL_I2C_ErrorCallback
                0x08003f20       0x60 ./SensusSrc/qc.o
                0x08003f20                HAL_I2C_ErrorCallback
 .text.run_setup
                0x08003f80       0x16 ./SensusSrc/setup.o
                0x08003f80                run_setup
 .text.run_loop
                0x08003f96       0x16 ./SensusSrc/setup.o
                0x08003f96                run_loop
 .text.HAL_I2C_MemRxCpltCallback
                0x08003fac       0x14 ./SensusSrc/setup.o
                0x08003fac                HAL_I2C_MemRxCpltCallback
 .text.HAL_I2C_MemTxCpltCallback
                0x08003fc0        0x2 ./SensusSrc/setup.o
                0x08003fc0                HAL_I2C_MemTxCpltCallback
 .text.HAL_UART_RxCpltCallback
                0x08003fc2        0x4 ./SensusSrc/setup.o
                0x08003fc2                HAL_UART_RxCpltCallback
 .text.HAL_UART_TxCpltCallback
                0x08003fc6        0x4 ./SensusSrc/setup.o
                0x08003fc6                HAL_UART_TxCpltCallback
 .text.HAL_ADC_ConvCpltCallback
                0x08003fca        0x4 ./SensusSrc/setup.o
                0x08003fca                HAL_ADC_ConvCpltCallback
 *fill*         0x08003fce        0x2 
 .text.update_mag_cal_window
                0x08003fd0       0xe0 ./SensusSrc/sys_data.o
                0x08003fd0                update_mag_cal_window
 .text.report_magnetometer_data
                0x080040b0      0x178 ./SensusSrc/sys_data.o
                0x080040b0                report_magnetometer_data
 .text.report_temperature_data
                0x08004228        0xc ./SensusSrc/sys_data.o
                0x08004228                report_temperature_data
 .text.report_flow_data
                0x08004234       0x20 ./SensusSrc/sys_data.o
                0x08004234                report_flow_data
 .text.report_pressure_data
                0x08004254        0xc ./SensusSrc/sys_data.o
                0x08004254                report_pressure_data
 .text.get_sys_data
                0x08004260      0x13c ./SensusSrc/sys_data.o
                0x08004260                get_sys_data
 .text.update_system_timers
                0x0800439c       0x24 ./SensusSrc/timer.o
                0x0800439c                update_system_timers
 .text.SystemClock_Config
                0x080043c0       0x80 ./Src/main.o
                0x080043c0                SystemClock_Config
 .text.startup.main
                0x08004440      0x2d4 ./Src/main.o
                0x08004440                main
 .text.HAL_MspInit
                0x08004714       0x38 ./Src/stm32f4xx_hal_msp.o
                0x08004714                HAL_MspInit
 .text.HAL_ADC_MspInit
                0x0800474c       0x98 ./Src/stm32f4xx_hal_msp.o
                0x0800474c                HAL_ADC_MspInit
 .text.HAL_I2C_MspInit
                0x080047e4      0x1b8 ./Src/stm32f4xx_hal_msp.o
                0x080047e4                HAL_I2C_MspInit
 .text.HAL_TIM_Base_MspInit
                0x0800499c       0x40 ./Src/stm32f4xx_hal_msp.o
                0x0800499c                HAL_TIM_Base_MspInit
 .text.HAL_UART_MspInit
                0x080049dc       0x7c ./Src/stm32f4xx_hal_msp.o
                0x080049dc                HAL_UART_MspInit
 .text.NMI_Handler
                0x08004a58        0x2 ./Src/stm32f4xx_it.o
                0x08004a58                NMI_Handler
 .text.HardFault_Handler
                0x08004a5a        0x2 ./Src/stm32f4xx_it.o
                0x08004a5a                HardFault_Handler
 .text.MemManage_Handler
                0x08004a5c        0x2 ./Src/stm32f4xx_it.o
                0x08004a5c                MemManage_Handler
 .text.BusFault_Handler
                0x08004a5e        0x2 ./Src/stm32f4xx_it.o
                0x08004a5e                BusFault_Handler
 .text.UsageFault_Handler
                0x08004a60        0x2 ./Src/stm32f4xx_it.o
                0x08004a60                UsageFault_Handler
 .text.SVC_Handler
                0x08004a62        0x2 ./Src/stm32f4xx_it.o
                0x08004a62                SVC_Handler
 .text.DebugMon_Handler
                0x08004a64        0x2 ./Src/stm32f4xx_it.o
                0x08004a64                DebugMon_Handler
 .text.PendSV_Handler
                0x08004a66        0x2 ./Src/stm32f4xx_it.o
                0x08004a66                PendSV_Handler
 .text.SysTick_Handler
                0x08004a68        0xe ./Src/stm32f4xx_it.o
                0x08004a68                SysTick_Handler
 *fill*         0x08004a76        0x2 
 .text.ADC_IRQHandler
                0x08004a78        0xc ./Src/stm32f4xx_it.o
                0x08004a78                ADC_IRQHandler
 .text.TIM1_UP_TIM10_IRQHandler
                0x08004a84        0xc ./Src/stm32f4xx_it.o
                0x08004a84                TIM1_UP_TIM10_IRQHandler
 .text.I2C1_EV_IRQHandler
                0x08004a90        0xc ./Src/stm32f4xx_it.o
                0x08004a90                I2C1_EV_IRQHandler
 .text.I2C1_ER_IRQHandler
                0x08004a9c        0xc ./Src/stm32f4xx_it.o
                0x08004a9c                I2C1_ER_IRQHandler
 .text.I2C2_EV_IRQHandler
                0x08004aa8        0xc ./Src/stm32f4xx_it.o
                0x08004aa8                I2C2_EV_IRQHandler
 .text.I2C2_ER_IRQHandler
                0x08004ab4        0xc ./Src/stm32f4xx_it.o
                0x08004ab4                I2C2_ER_IRQHandler
 .text.USART2_IRQHandler
                0x08004ac0        0xc ./Src/stm32f4xx_it.o
                0x08004ac0                USART2_IRQHandler
 .text.I2C3_EV_IRQHandler
                0x08004acc        0xc ./Src/stm32f4xx_it.o
                0x08004acc                I2C3_EV_IRQHandler
 .text.SystemInit
                0x08004ad8       0x4c ./Src/system_stm32f4xx.o
                0x08004ad8                SystemInit
 .text.Reset_Handler
                0x08004b24       0x50 ./startup/startup_stm32f411xe.o
                0x08004b24                Reset_Handler
 .text.Default_Handler
                0x08004b74        0x2 ./startup/startup_stm32f411xe.o
                0x08004b74                RTC_Alarm_IRQHandler
                0x08004b74                EXTI2_IRQHandler
                0x08004b74                SPI4_IRQHandler
                0x08004b74                TIM1_CC_IRQHandler
                0x08004b74                DMA2_Stream5_IRQHandler
                0x08004b74                DMA1_Stream5_IRQHandler
                0x08004b74                PVD_IRQHandler
                0x08004b74                SDIO_IRQHandler
                0x08004b74                TAMP_STAMP_IRQHandler
                0x08004b74                EXTI3_IRQHandler
                0x08004b74                I2C3_ER_IRQHandler
                0x08004b74                EXTI0_IRQHandler
                0x08004b74                DMA1_Stream2_IRQHandler
                0x08004b74                FPU_IRQHandler
                0x08004b74                DMA2_Stream2_IRQHandler
                0x08004b74                SPI1_IRQHandler
                0x08004b74                TIM1_BRK_TIM9_IRQHandler
                0x08004b74                DMA2_Stream3_IRQHandler
                0x08004b74                USART6_IRQHandler
                0x08004b74                DMA2_Stream0_IRQHandler
                0x08004b74                TIM4_IRQHandler
                0x08004b74                DMA1_Stream6_IRQHandler
                0x08004b74                DMA1_Stream1_IRQHandler
                0x08004b74                TIM3_IRQHandler
                0x08004b74                RCC_IRQHandler
                0x08004b74                Default_Handler
                0x08004b74                EXTI15_10_IRQHandler
                0x08004b74                DMA1_Stream7_IRQHandler
                0x08004b74                SPI5_IRQHandler
                0x08004b74                TIM5_IRQHandler
                0x08004b74                DMA2_Stream7_IRQHandler
                0x08004b74                EXTI9_5_IRQHandler
                0x08004b74                RTC_WKUP_IRQHandler
                0x08004b74                SPI2_IRQHandler
                0x08004b74                DMA1_Stream0_IRQHandler
                0x08004b74                EXTI4_IRQHandler
                0x08004b74                WWDG_IRQHandler
                0x08004b74                TIM2_IRQHandler
                0x08004b74                OTG_FS_WKUP_IRQHandler
                0x08004b74                TIM1_TRG_COM_TIM11_IRQHandler
                0x08004b74                EXTI1_IRQHandler
                0x08004b74                DMA2_Stream1_IRQHandler
                0x08004b74                FLASH_IRQHandler
                0x08004b74                DMA2_Stream4_IRQHandler
                0x08004b74                USART1_IRQHandler
                0x08004b74                OTG_FS_IRQHandler
                0x08004b74                SPI3_IRQHandler
                0x08004b74                DMA1_Stream4_IRQHandler
                0x08004b74                DMA2_Stream6_IRQHandler
                0x08004b74                DMA1_Stream3_IRQHandler
 .text.memset   0x08004b76       0x10 C:/ST/STM32CubeIDE_2.1.1/STM32CubeIDE/plugins/com.st.stm32cube.ide.mcu.externaltools.gnu-tools-for-stm32.14.3.rel1.win32_1.0.100.202602081740/tools/bin/../lib/gcc/arm-none-eabi/14.3.1/../../../../arm-none-eabi/lib/thumb/v7e-m+fp/hard\libc_nano.a(libc_a-memset.o)
                0x08004b76                memset
 *fill*         0x08004b86        0x2 
 .text.__libc_init_array
                0x08004b88       0x48 C:/ST/STM32CubeIDE_2.1.1/STM32CubeIDE/plugins/com.st.stm32cube.ide.mcu.externaltools.gnu-tools-for-stm32.14.3.rel1.win32_1.0.100.202602081740/tools/bin/../lib/gcc/arm-none-eabi/14.3.1/../../../../arm-none-eabi/lib/thumb/v7e-m+fp/hard\libc_nano.a(libc_a-init.o)
                0x08004b88                __libc_init_array
 *(.glue_7)
 .glue_7        0x08004bd0        0x0 linker stubs
 *(.glue_7t)
 .glue_7t       0x08004bd0        0x0 linker stubs
 *(.eh_frame)
 .eh_frame      0x08004bd0        0x0 C:/ST/STM32CubeIDE_2.1.1/STM32CubeIDE/plugins/com.st.stm32cube.ide.mcu.externaltools.gnu-tools-for-stm32.14.3.rel1.win32_1.0.100.202602081740/tools/bin/../lib/gcc/arm-none-eabi/14.3.1/thumb/v7e-m+fp/hard/crtbegin.o
 *(.init)
 .init          0x08004bd0        0x4 C:/ST/STM32CubeIDE_2.1.1/STM32CubeIDE/plugins/com.st.stm32cube.ide.mcu.externaltools.gnu-tools-for-stm32.14.3.rel1.win32_1.0.100.202602081740/tools/bin/../lib/gcc/arm-none-eabi/14.3.1/thumb/v7e-m+fp/hard/crti.o
                0x08004bd0                _init
 .init          0x08004bd4        0x8 C:/ST/STM32CubeIDE_2.1.1/STM32CubeIDE/plugins/com.st.stm32cube.ide.mcu.externaltools.gnu-tools-for-stm32.14.3.rel1.win32_1.0.100.202602081740/tools/bin/../lib/gcc/arm-none-eabi/14.3.1/thumb/v7e-m+fp/hard/crtn.o
 *(.fini)
 .fini          0x08004bdc        0x4 C:/ST/STM32CubeIDE_2.1.1/STM32CubeIDE/plugins/com.st.stm32cube.ide.mcu.externaltools.gnu-tools-for-stm32.14.3.rel1.win32_1.0.100.202602081740/tools/bin/../lib/gcc/arm-none-eabi/14.3.1/thumb/v7e-m+fp/hard/crti.o
                0x08004bdc                _fini
 .fini          0x08004be0        0x8 C:/ST/STM32CubeIDE_2.1.1/STM32CubeIDE/plugins/com.st.stm32cube.ide.mcu.externaltools.gnu-tools-for-stm32.14.3.rel1.win32_1.0.100.202602081740/tools/bin/../lib/gcc/arm-none-eabi/14.3.1/thumb/v7e-m+fp/hard/crtn.o
                0x08004be8                        . = ALIGN (0x4)
                0x08004be8                        _etext = .

.vfp11_veneer   0x08004be8        0x0
 .vfp11_veneer  0x08004be8        0x0 linker stubs

.v4_bx          0x08004be8        0x0
 .v4_bx         0x08004be8        0x0 linker stubs

.iplt           0x08004be8        0x0
 .iplt          0x08004be8        0x0 C:/ST/STM32CubeIDE_2.1.1/STM32CubeIDE/plugins/com.st.stm32cube.ide.mcu.externaltools.gnu-tools-for-stm32.14.3.rel1.win32_1.0.100.202602081740/tools/bin/../lib/gcc/arm-none-eabi/14.3.1/thumb/v7e-m+fp/hard/crtbegin.o

.rodata         0x08004be8       0x18
                0x08004be8                        . = ALIGN (0x4)
 *(.rodata)
 *(.rodata*)
 .rodata.APBPrescTable
                0x08004be8        0x8 ./Src/system_stm32f4xx.o
                0x08004be8                APBPrescTable
 .rodata.AHBPrescTable
                0x08004bf0       0x10 ./Src/system_stm32f4xx.o
                0x08004bf0                AHBPrescTable
                0x08004c00                        . = ALIGN (0x4)

.ARM.extab
 *(.ARM.extab* .gnu.linkonce.armextab.*)

.ARM            0x08004c00        0x8
                0x08004c00                        __exidx_start = .
 *(.ARM.exidx*)
 .ARM.exidx     0x08004c00        0x8 C:/ST/STM32CubeIDE_2.1.1/STM32CubeIDE/plugins/com.st.stm32cube.ide.mcu.externaltools.gnu-tools-for-stm32.14.3.rel1.win32_1.0.100.202602081740/tools/bin/../lib/gcc/arm-none-eabi/14.3.1/thumb/v7e-m+fp/hard\libgcc.a(_udivmoddi4.o)
                0x08004c08                        __exidx_end = .

.rel.dyn        0x08004c08        0x0
 .rel.iplt      0x08004c08        0x0 C:/ST/STM32CubeIDE_2.1.1/STM32CubeIDE/plugins/com.st.stm32cube.ide.mcu.externaltools.gnu-tools-for-stm32.14.3.rel1.win32_1.0.100.202602081740/tools/bin/../lib/gcc/arm-none-eabi/14.3.1/thumb/v7e-m+fp/hard/crtbegin.o

.preinit_array  0x08004c08        0x0
                0x08004c08                        PROVIDE (__preinit_array_start = .)
 *(.preinit_array*)
                0x08004c08                        PROVIDE (__preinit_array_end = .)

.init_array     0x08004c08        0x4
                0x08004c08                        PROVIDE (__init_array_start = .)
 *(SORT_BY_NAME(.init_array.*))
 *(.init_array*)
 .init_array    0x08004c08        0x4 C:/ST/STM32CubeIDE_2.1.1/STM32CubeIDE/plugins/com.st.stm32cube.ide.mcu.externaltools.gnu-tools-for-stm32.14.3.rel1.win32_1.0.100.202602081740/tools/bin/../lib/gcc/arm-none-eabi/14.3.1/thumb/v7e-m+fp/hard/crtbegin.o
                0x08004c0c                        PROVIDE (__init_array_end = .)

.fini_array     0x08004c0c        0x4
                [!provide]                        PROVIDE (__fini_array_start = .)
 *(SORT_BY_NAME(.fini_array.*))
 *(.fini_array*)
 .fini_array    0x08004c0c        0x4 C:/ST/STM32CubeIDE_2.1.1/STM32CubeIDE/plugins/com.st.stm32cube.ide.mcu.externaltools.gnu-tools-for-stm32.14.3.rel1.win32_1.0.100.202602081740/tools/bin/../lib/gcc/arm-none-eabi/14.3.1/thumb/v7e-m+fp/hard/crtbegin.o
                [!provide]                        PROVIDE (__fini_array_end = .)
                0x08004c10                        _sidata = LOADADDR (.data)

.data           0x20000000      0x1b8 load address 0x08004c10
                0x20000000                        . = ALIGN (0x4)
                0x20000000                        _sdata = .
 *(.data)
 *(.data*)
 .data.uwTickFreq
                0x20000000        0x1 ./Drivers/STM32F4xx_HAL_Driver/Src/stm32f4xx_hal.o
                0x20000000                uwTickFreq
 *fill*         0x20000001        0x3 
 .data.uwTickPrio
                0x20000004        0x4 ./Drivers/STM32F4xx_HAL_Driver/Src/stm32f4xx_hal.o
                0x20000004                uwTickPrio
 .data.adc_status
                0x20000008        0x1 ./SensusSrc/adc.o
                0x20000008                adc_status
 .data.mag_rolling
                0x20000009        0x1 ./SensusSrc/control_comm.o
                0x20000009                mag_rolling
 *fill*         0x2000000a        0x2 
 .data.control_comm_ms
                0x2000000c        0x4 ./SensusSrc/control_comm.o
                0x2000000c                control_comm_ms
 .data.flow_update_ms
                0x20000010        0x4 ./SensusSrc/flow.o
                0x20000010                flow_update_ms
 .data.read_mag_ms
                0x20000014        0x4 ./SensusSrc/magnetometer.o
                0x20000014                read_mag_ms
 .data.adc2_discard_next
                0x20000018        0x1 ./SensusSrc/qc.o
 .data.adc1_discard_next
                0x20000019        0x1 ./SensusSrc/qc.o
 .data.adc2_needs_prime
                0x2000001a        0x1 ./SensusSrc/qc.o
 .data.adc1_needs_prime
                0x2000001b        0x1 ./SensusSrc/qc.o
 .data.adc_ready
                0x2000001c        0x1 ./SensusSrc/qc.o
 *fill*         0x2000001d        0x3 
 .data.max_mag_idx
                0x20000020        0x4 ./SensusSrc/sys_data.o
                0x20000020                max_mag_idx
 .data.thermistor_table
                0x20000024      0x190 ./SensusSrc/sys_data.o
                0x20000024                thermistor_table
 .data.SystemCoreClock
                0x200001b4        0x4 ./Src/system_stm32f4xx.o
                0x200001b4                SystemCoreClock
                0x200001b8                        . = ALIGN (0x4)
                0x200001b8                        _edata = .

.igot.plt       0x200001b8        0x0 load address 0x08004dc8
 .igot.plt      0x200001b8        0x0 C:/ST/STM32CubeIDE_2.1.1/STM32CubeIDE/plugins/com.st.stm32cube.ide.mcu.externaltools.gnu-tools-for-stm32.14.3.rel1.win32_1.0.100.202602081740/tools/bin/../lib/gcc/arm-none-eabi/14.3.1/thumb/v7e-m+fp/hard/crtbegin.o
                0x200001b8                        . = ALIGN (0x4)

.bss            0x200001b8     0x71d8 load address 0x08004dc8
                0x200001b8                        _sbss = .
                0x200001b8                        __bss_start__ = _sbss
 *(.bss)
 .bss           0x200001b8       0x1c C:/ST/STM32CubeIDE_2.1.1/STM32CubeIDE/plugins/com.st.stm32cube.ide.mcu.externaltools.gnu-tools-for-stm32.14.3.rel1.win32_1.0.100.202602081740/tools/bin/../lib/gcc/arm-none-eabi/14.3.1/thumb/v7e-m+fp/hard/crtbegin.o
 *(.bss*)
 .bss.uwTick    0x200001d4        0x4 ./Drivers/STM32F4xx_HAL_Driver/Src/stm32f4xx_hal.o
                0x200001d4                uwTick
 .bss.sConfig   0x200001d8       0x10 ./SensusSrc/adc.o
                0x200001d8                sConfig
 .bss.adc_val   0x200001e8        0x4 ./SensusSrc/adc.o
                0x200001e8                adc_val
 .bss.temperature_idx
                0x200001ec        0x1 ./SensusSrc/adc.o
                0x200001ec                temperature_idx
 .bss.pressure_idx
                0x200001ed        0x1 ./SensusSrc/adc.o
                0x200001ed                pressure_idx
 *fill*         0x200001ee        0x2 
 .bss.temperature_raw
                0x200001f0       0x80 ./SensusSrc/adc.o
                0x200001f0                temperature_raw
 .bss.pressure_raw
                0x20000270       0x80 ./SensusSrc/adc.o
                0x20000270                pressure_raw
 .bss.mag_cal_tx_out
                0x200002f0       0x78 ./SensusSrc/control_comm.o
                0x200002f0                mag_cal_tx_out
 .bss.control_tx_out
                0x20000368       0x41 ./SensusSrc/control_comm.o
                0x20000368                control_tx_out
 .bss.control_comm_rx_buf
                0x200003a9        0x8 ./SensusSrc/control_comm.o
                0x200003a9                control_comm_rx_buf
 .bss.control_comm_rx_val
                0x200003b1        0x1 ./SensusSrc/control_comm.o
                0x200003b1                control_comm_rx_val
 .bss.control_comm_rx_in
                0x200003b2        0x1 ./SensusSrc/control_comm.o
                0x200003b2                control_comm_rx_in
 *fill*         0x200003b3        0x1 
 .bss.control_comm_rx_idx
                0x200003b4        0x4 ./SensusSrc/control_comm.o
                0x200003b4                control_comm_rx_idx
 .bss.control_comm_rx_recv
                0x200003b8        0x1 ./SensusSrc/control_comm.o
                0x200003b8                control_comm_rx_recv
 *fill*         0x200003b9        0x3 
 .bss.control_comm_tx_timeout
                0x200003bc        0x4 ./SensusSrc/control_comm.o
                0x200003bc                control_comm_tx_timeout
 .bss.control_comm_rx_timeout
                0x200003c0        0x4 ./SensusSrc/control_comm.o
                0x200003c0                control_comm_rx_timeout
 .bss.control_comm_tx_busy
                0x200003c4        0x1 ./SensusSrc/control_comm.o
                0x200003c4                control_comm_tx_busy
 *fill*         0x200003c5        0x1 
 .bss.crc_tabccitt
                0x200003c6      0x200 ./SensusSrc/crcccitt.o
 .bss.crc_tabccitt_init
                0x200005c6        0x1 ./SensusSrc/crcccitt.o
 .bss.last_flow_state
                0x200005c7        0x1 ./SensusSrc/flow.o
                0x200005c7                last_flow_state
 .bss.flow_sum  0x200005c8        0x4 ./SensusSrc/flow.o
                0x200005c8                flow_sum
 .bss.flow_count_buf
                0x200005cc       0x2c ./SensusSrc/flow.o
                0x200005cc                flow_count_buf
 .bss.flow_buf_idx
                0x200005f8        0x4 ./SensusSrc/flow.o
                0x200005f8                flow_buf_idx
 .bss.last_flow_count
                0x200005fc        0x4 ./SensusSrc/flow.o
                0x200005fc                last_flow_count
 .bss.update_flow
                0x20000600        0x1 ./SensusSrc/flow.o
                0x20000600                update_flow
 *fill*         0x20000601        0x1 
 .bss.magnetometer_rx_1
                0x20000602        0xc ./SensusSrc/magnetometer.o
                0x20000602                magnetometer_rx_1
 .bss.magnetometer_rx_0
                0x2000060e        0xc ./SensusSrc/magnetometer.o
                0x2000060e                magnetometer_rx_0
 .bss.chained_mag_complete
                0x2000061a        0x1 ./SensusSrc/magnetometer.o
                0x2000061a                chained_mag_complete
 .bss.read_chained_mag
                0x2000061b        0x1 ./SensusSrc/magnetometer.o
                0x2000061b                read_chained_mag
 .bss.mag_rx_missing
                0x2000061c        0x4 ./SensusSrc/magnetometer.o
                0x2000061c                mag_rx_missing
 .bss.reset_i2c2
                0x20000620        0x1 ./SensusSrc/qc.o
 .bss.reset_i2c1
                0x20000621        0x1 ./SensusSrc/qc.o
 .bss.adc_tx_cplt
                0x20000622        0x1 ./SensusSrc/qc.o
 *fill*         0x20000623        0x1 
 .bss.conversion_start_tick
                0x20000624        0x4 ./SensusSrc/qc.o
 .bss.current_devAddr
                0x20000628        0x1 ./SensusSrc/qc.o
 .bss.adc_rx_buf
                0x20000629        0x2 ./SensusSrc/qc.o
 *fill*         0x2000062b        0x1 
 .bss.QC2_data  0x2000062c        0x2 ./SensusSrc/qc.o
                0x2000062c                QC2_data
 .bss.QC1_data  0x2000062e        0x2 ./SensusSrc/qc.o
                0x2000062e                QC1_data
 .bss.mag_sq_array
                0x20000630     0x4698 ./SensusSrc/sys_data.o
                0x20000630                mag_sq_array
 .bss.mag_sum_array
                0x20004cc8     0x234c ./SensusSrc/sys_data.o
                0x20004cc8                mag_sum_array
 *fill*         0x20007014        0x4 
 .bss.mag_slice_sq_old
                0x20007018       0x48 ./SensusSrc/sys_data.o
                0x20007018                mag_slice_sq_old
 .bss.mag_slice_sq
                0x20007060       0x48 ./SensusSrc/sys_data.o
                0x20007060                mag_slice_sq
 .bss.mag_sq_val
                0x200070a8       0x48 ./SensusSrc/sys_data.o
                0x200070a8                mag_sq_val
 .bss.mag_slice_sum_old
                0x200070f0       0x24 ./SensusSrc/sys_data.o
                0x200070f0                mag_slice_sum_old
 .bss.mag_slice_sum
                0x20007114       0x24 ./SensusSrc/sys_data.o
                0x20007114                mag_slice_sum
 .bss.mag_sum_val
                0x20007138       0x24 ./SensusSrc/sys_data.o
                0x20007138                mag_sum_val
 .bss.mag_sum_idx
                0x2000715c       0x24 ./SensusSrc/sys_data.o
                0x2000715c                mag_sum_idx
 .bss.sys_data_magnetometer
                0x20007180       0x18 ./SensusSrc/sys_data.o
                0x20007180                sys_data_magnetometer
 .bss.sys_data_io
                0x20007198        0x4 ./SensusSrc/sys_data.o
                0x20007198                sys_data_io
 .bss.sys_data_temperature
                0x2000719c        0x4 ./SensusSrc/sys_data.o
                0x2000719c                sys_data_temperature
 .bss.raw_sys_temp_data
                0x200071a0        0x4 ./SensusSrc/sys_data.o
                0x200071a0                raw_sys_temp_data
 .bss.sys_data_flow_rate
                0x200071a4        0x4 ./SensusSrc/sys_data.o
                0x200071a4                sys_data_flow_rate
 .bss.sys_data_pressure
                0x200071a8        0x4 ./SensusSrc/sys_data.o
                0x200071a8                sys_data_pressure
 .bss.raw_sys_pressure_data
                0x200071ac        0x4 ./SensusSrc/sys_data.o
                0x200071ac                raw_sys_pressure_data
 .bss.huart2    0x200071b0       0x48 ./Src/main.o
                0x200071b0                huart2
 .bss.htim10    0x200071f8       0x48 ./Src/main.o
                0x200071f8                htim10
 .bss.hiwdg     0x20007240        0xc ./Src/main.o
                0x20007240                hiwdg
 .bss.hi2c3     0x2000724c       0x54 ./Src/main.o
                0x2000724c                hi2c3
 .bss.hi2c2     0x200072a0       0x54 ./Src/main.o
                0x200072a0                hi2c2
 .bss.hi2c1     0x200072f4       0x54 ./Src/main.o
                0x200072f4                hi2c1
 .bss.hadc1     0x20007348       0x48 ./Src/main.o
                0x20007348                hadc1
 *(COMMON)
                0x20007390                        . = ALIGN (0x4)
                0x20007390                        _ebss = .
                0x20007390                        __bss_end__ = _ebss

._user_heap_stack
                0x20007390      0x600 load address 0x08004dc8
                0x20007390                        . = ALIGN (0x4)
                0x20007390                        PROVIDE (end = .)
                [!provide]                        PROVIDE (_end = .)
                0x20007590                        . = (. + _Min_Heap_Size)
 *fill*         0x20007390      0x200 
                0x20007990                        . = (. + _Min_Stack_Size)
 *fill*         0x20007590      0x400 
                0x20007990                        . = ALIGN (0x4)

/DISCARD/
 libc.a(*)
 libm.a(*)
 libgcc.a(*)

.ARM.attributes
                0x00000000       0x30
 *(.ARM.attributes)
 .ARM.attributes
                0x00000000       0x22 C:/ST/STM32CubeIDE_2.1.1/STM32CubeIDE/plugins/com.st.stm32cube.ide.mcu.externaltools.gnu-tools-for-stm32.14.3.rel1.win32_1.0.100.202602081740/tools/bin/../lib/gcc/arm-none-eabi/14.3.1/thumb/v7e-m+fp/hard/crti.o
 .ARM.attributes
                0x00000022       0x34 C:/ST/STM32CubeIDE_2.1.1/STM32CubeIDE/plugins/com.st.stm32cube.ide.mcu.externaltools.gnu-tools-for-stm32.14.3.rel1.win32_1.0.100.202602081740/tools/bin/../lib/gcc/arm-none-eabi/14.3.1/thumb/v7e-m+fp/hard/crtbegin.o
 .ARM.attributes
                0x00000056       0x34 ./Drivers/STM32F4xx_HAL_Driver/Src/stm32f4xx_hal.o
 .ARM.attributes
                0x0000008a       0x34 ./Drivers/STM32F4xx_HAL_Driver/Src/stm32f4xx_hal_adc.o
 .ARM.attributes
                0x000000be       0x34 ./Drivers/STM32F4xx_HAL_Driver/Src/stm32f4xx_hal_adc_ex.o
 .ARM.attributes
                0x000000f2       0x34 ./Drivers/STM32F4xx_HAL_Driver/Src/stm32f4xx_hal_cortex.o
 .ARM.attributes
                0x00000126       0x34 ./Drivers/STM32F4xx_HAL_Driver/Src/stm32f4xx_hal_dma.o
 .ARM.attributes
                0x0000015a       0x34 ./Drivers/STM32F4xx_HAL_Driver/Src/stm32f4xx_hal_gpio.o
 .ARM.attributes
                0x0000018e       0x34 ./Drivers/STM32F4xx_HAL_Driver/Src/stm32f4xx_hal_i2c.o
 .ARM.attributes
                0x000001c2       0x34 ./Drivers/STM32F4xx_HAL_Driver/Src/stm32f4xx_hal_iwdg.o
 .ARM.attributes
                0x000001f6       0x34 ./Drivers/STM32F4xx_HAL_Driver/Src/stm32f4xx_hal_rcc.o
 .ARM.attributes
                0x0000022a       0x34 ./Drivers/STM32F4xx_HAL_Driver/Src/stm32f4xx_hal_tim.o
 .ARM.attributes
                0x0000025e       0x34 ./Drivers/STM32F4xx_HAL_Driver/Src/stm32f4xx_hal_tim_ex.o
 .ARM.attributes
                0x00000292       0x34 ./Drivers/STM32F4xx_HAL_Driver/Src/stm32f4xx_hal_uart.o
 .ARM.attributes
                0x000002c6       0x34 ./SensusSrc/adc.o
 .ARM.attributes
                0x000002fa       0x34 ./SensusSrc/control_comm.o
 .ARM.attributes
                0x0000032e       0x34 ./SensusSrc/crcccitt.o
 .ARM.attributes
                0x00000362       0x34 ./SensusSrc/flow.o
 .ARM.attributes
                0x00000396       0x34 ./SensusSrc/lis2mdl.o
 .ARM.attributes
                0x000003ca       0x34 ./SensusSrc/magnetometer.o
 .ARM.attributes
                0x000003fe       0x34 ./SensusSrc/qc.o
 .ARM.attributes
                0x00000432       0x34 ./SensusSrc/setup.o
 .ARM.attributes
                0x00000466       0x34 ./SensusSrc/sys_data.o
 .ARM.attributes
                0x0000049a       0x34 ./SensusSrc/timer.o
 .ARM.attributes
                0x000004ce       0x34 ./Src/main.o
 .ARM.attributes
                0x00000502       0x34 ./Src/stm32f4xx_hal_msp.o
 .ARM.attributes
                0x00000536       0x34 ./Src/stm32f4xx_it.o
 .ARM.attributes
                0x0000056a       0x34 ./Src/system_stm32f4xx.o
 .ARM.attributes
                0x0000059e       0x21 ./startup/startup_stm32f411xe.o
 .ARM.attributes
                0x000005bf       0x34 C:/ST/STM32CubeIDE_2.1.1/STM32CubeIDE/plugins/com.st.stm32cube.ide.mcu.externaltools.gnu-tools-for-stm32.14.3.rel1.win32_1.0.100.202602081740/tools/bin/../lib/gcc/arm-none-eabi/14.3.1/../../../../arm-none-eabi/lib/thumb/v7e-m+fp/hard\libc_nano.a(libc_a-memset.o)
 .ARM.attributes
                0x000005f3       0x34 C:/ST/STM32CubeIDE_2.1.1/STM32CubeIDE/plugins/com.st.stm32cube.ide.mcu.externaltools.gnu-tools-for-stm32.14.3.rel1.win32_1.0.100.202602081740/tools/bin/../lib/gcc/arm-none-eabi/14.3.1/../../../../arm-none-eabi/lib/thumb/v7e-m+fp/hard\libc_nano.a(libc_a-init.o)
 .ARM.attributes
                0x00000627       0x22 C:/ST/STM32CubeIDE_2.1.1/STM32CubeIDE/plugins/com.st.stm32cube.ide.mcu.externaltools.gnu-tools-for-stm32.14.3.rel1.win32_1.0.100.202602081740/tools/bin/../lib/gcc/arm-none-eabi/14.3.1/thumb/v7e-m+fp/hard\libgcc.a(_arm_muldf3.o)
 .ARM.attributes
                0x00000649       0x22 C:/ST/STM32CubeIDE_2.1.1/STM32CubeIDE/plugins/com.st.stm32cube.ide.mcu.externaltools.gnu-tools-for-stm32.14.3.rel1.win32_1.0.100.202602081740/tools/bin/../lib/gcc/arm-none-eabi/14.3.1/thumb/v7e-m+fp/hard\libgcc.a(_arm_addsubdf3.o)
 .ARM.attributes
                0x0000066b       0x22 C:/ST/STM32CubeIDE_2.1.1/STM32CubeIDE/plugins/com.st.stm32cube.ide.mcu.externaltools.gnu-tools-for-stm32.14.3.rel1.win32_1.0.100.202602081740/tools/bin/../lib/gcc/arm-none-eabi/14.3.1/thumb/v7e-m+fp/hard\libgcc.a(_arm_truncdfsf2.o)
 .ARM.attributes
                0x0000068d       0x22 C:/ST/STM32CubeIDE_2.1.1/STM32CubeIDE/plugins/com.st.stm32cube.ide.mcu.externaltools.gnu-tools-for-stm32.14.3.rel1.win32_1.0.100.202602081740/tools/bin/../lib/gcc/arm-none-eabi/14.3.1/thumb/v7e-m+fp/hard\libgcc.a(_aeabi_uldivmod.o)
 .ARM.attributes
                0x000006af       0x34 C:/ST/STM32CubeIDE_2.1.1/STM32CubeIDE/plugins/com.st.stm32cube.ide.mcu.externaltools.gnu-tools-for-stm32.14.3.rel1.win32_1.0.100.202602081740/tools/bin/../lib/gcc/arm-none-eabi/14.3.1/thumb/v7e-m+fp/hard\libgcc.a(_udivmoddi4.o)
 .ARM.attributes
                0x000006e3       0x22 C:/ST/STM32CubeIDE_2.1.1/STM32CubeIDE/plugins/com.st.stm32cube.ide.mcu.externaltools.gnu-tools-for-stm32.14.3.rel1.win32_1.0.100.202602081740/tools/bin/../lib/gcc/arm-none-eabi/14.3.1/thumb/v7e-m+fp/hard\libgcc.a(_dvmd_tls.o)
 .ARM.attributes
                0x00000705       0x22 C:/ST/STM32CubeIDE_2.1.1/STM32CubeIDE/plugins/com.st.stm32cube.ide.mcu.externaltools.gnu-tools-for-stm32.14.3.rel1.win32_1.0.100.202602081740/tools/bin/../lib/gcc/arm-none-eabi/14.3.1/thumb/v7e-m+fp/hard/crtn.o
OUTPUT(Gryphon Head FW.elf elf32-littlearm)
LOAD linker stubs
LOAD C:/ST/STM32CubeIDE_2.1.1/STM32CubeIDE/plugins/com.st.stm32cube.ide.mcu.externaltools.gnu-tools-for-stm32.14.3.rel1.win32_1.0.100.202602081740/tools/bin/../lib/gcc/arm-none-eabi/14.3.1/../../../../arm-none-eabi/lib/thumb/v7e-m+fp/hard\libc.a
LOAD C:/ST/STM32CubeIDE_2.1.1/STM32CubeIDE/plugins/com.st.stm32cube.ide.mcu.externaltools.gnu-tools-for-stm32.14.3.rel1.win32_1.0.100.202602081740/tools/bin/../lib/gcc/arm-none-eabi/14.3.1/../../../../arm-none-eabi/lib/thumb/v7e-m+fp/hard\libm.a
LOAD C:/ST/STM32CubeIDE_2.1.1/STM32CubeIDE/plugins/com.st.stm32cube.ide.mcu.externaltools.gnu-tools-for-stm32.14.3.rel1.win32_1.0.100.202602081740/tools/bin/../lib/gcc/arm-none-eabi/14.3.1/thumb/v7e-m+fp/hard\libgcc.a

.debug_info     0x00000000    0x1c6c1
 .debug_info    0x00000000      0x99c ./Drivers/STM32F4xx_HAL_Driver/Src/stm32f4xx_hal.o
 .debug_info    0x0000099c      0xe87 ./Drivers/STM32F4xx_HAL_Driver/Src/stm32f4xx_hal_adc.o
 .debug_info    0x00001823      0xc7f ./Drivers/STM32F4xx_HAL_Driver/Src/stm32f4xx_hal_adc_ex.o
 .debug_info    0x000024a2      0xf73 ./Drivers/STM32F4xx_HAL_Driver/Src/stm32f4xx_hal_cortex.o
 .debug_info    0x00003415      0xaf2 ./Drivers/STM32F4xx_HAL_Driver/Src/stm32f4xx_hal_dma.o
 .debug_info    0x00003f07      0x748 ./Drivers/STM32F4xx_HAL_Driver/Src/stm32f4xx_hal_gpio.o
 .debug_info    0x0000464f     0x377c ./Drivers/STM32F4xx_HAL_Driver/Src/stm32f4xx_hal_i2c.o
 .debug_info    0x00007dcb      0x1f9 ./Drivers/STM32F4xx_HAL_Driver/Src/stm32f4xx_hal_iwdg.o
 .debug_info    0x00007fc4      0xb27 ./Drivers/STM32F4xx_HAL_Driver/Src/stm32f4xx_hal_rcc.o
 .debug_info    0x00008aeb     0x414f ./Drivers/STM32F4xx_HAL_Driver/Src/stm32f4xx_hal_tim.o
 .debug_info    0x0000cc3a     0x18dc ./Drivers/STM32F4xx_HAL_Driver/Src/stm32f4xx_hal_tim_ex.o
 .debug_info    0x0000e516     0x4191 ./Drivers/STM32F4xx_HAL_Driver/Src/stm32f4xx_hal_uart.o
 .debug_info    0x000126a7      0x88f ./SensusSrc/adc.o
 .debug_info    0x00012f36      0xb47 ./SensusSrc/control_comm.o
 .debug_info    0x00013a7d      0x3ba ./SensusSrc/crcccitt.o
 .debug_info    0x00013e37      0x2c6 ./SensusSrc/flow.o
 .debug_info    0x000140fd      0xc3a ./SensusSrc/lis2mdl.o
 .debug_info    0x00014d37      0x876 ./SensusSrc/magnetometer.o
 .debug_info    0x000155ad     0x108d ./SensusSrc/qc.o
 .debug_info    0x0001663a      0xc7e ./SensusSrc/setup.o
 .debug_info    0x000172b8      0x839 ./SensusSrc/sys_data.o
 .debug_info    0x00017af1       0xd4 ./SensusSrc/timer.o
 .debug_info    0x00017bc5     0x1c07 ./Src/main.o
 .debug_info    0x000197cc     0x19a2 ./Src/stm32f4xx_hal_msp.o
 .debug_info    0x0001b16e      0xfcc ./Src/stm32f4xx_it.o
 .debug_info    0x0001c13a      0x557 ./Src/system_stm32f4xx.o
 .debug_info    0x0001c691       0x30 ./startup/startup_stm32f411xe.o

.debug_abbrev   0x00000000     0x42e8
 .debug_abbrev  0x00000000      0x2bc ./Drivers/STM32F4xx_HAL_Driver/Src/stm32f4xx_hal.o
 .debug_abbrev  0x000002bc      0x2ae ./Drivers/STM32F4xx_HAL_Driver/Src/stm32f4xx_hal_adc.o
 .debug_abbrev  0x0000056a      0x29d ./Drivers/STM32F4xx_HAL_Driver/Src/stm32f4xx_hal_adc_ex.o
 .debug_abbrev  0x00000807      0x386 ./Drivers/STM32F4xx_HAL_Driver/Src/stm32f4xx_hal_cortex.o
 .debug_abbrev  0x00000b8d      0x312 ./Drivers/STM32F4xx_HAL_Driver/Src/stm32f4xx_hal_dma.o
 .debug_abbrev  0x00000e9f      0x20a ./Drivers/STM32F4xx_HAL_Driver/Src/stm32f4xx_hal_gpio.o
 .debug_abbrev  0x000010a9      0x43f ./Drivers/STM32F4xx_HAL_Driver/Src/stm32f4xx_hal_i2c.o
 .debug_abbrev  0x000014e8      0x13b ./Drivers/STM32F4xx_HAL_Driver/Src/stm32f4xx_hal_iwdg.o
 .debug_abbrev  0x00001623      0x34e ./Drivers/STM32F4xx_HAL_Driver/Src/stm32f4xx_hal_rcc.o
 .debug_abbrev  0x00001971      0x394 ./Drivers/STM32F4xx_HAL_Driver/Src/stm32f4xx_hal_tim.o
 .debug_abbrev  0x00001d05      0x2fe ./Drivers/STM32F4xx_HAL_Driver/Src/stm32f4xx_hal_tim_ex.o
 .debug_abbrev  0x00002003      0x457 ./Drivers/STM32F4xx_HAL_Driver/Src/stm32f4xx_hal_uart.o
 .debug_abbrev  0x0000245a      0x216 ./SensusSrc/adc.o
 .debug_abbrev  0x00002670      0x2ea ./SensusSrc/control_comm.o
 .debug_abbrev  0x0000295a      0x18c ./SensusSrc/crcccitt.o
 .debug_abbrev  0x00002ae6      0x193 ./SensusSrc/flow.o
 .debug_abbrev  0x00002c79      0x255 ./SensusSrc/lis2mdl.o
 .debug_abbrev  0x00002ece      0x210 ./SensusSrc/magnetometer.o
 .debug_abbrev  0x000030de      0x3b8 ./SensusSrc/qc.o
 .debug_abbrev  0x00003496      0x1f9 ./SensusSrc/setup.o
 .debug_abbrev  0x0000368f      0x2ac ./SensusSrc/sys_data.o
 .debug_abbrev  0x0000393b       0x6d ./SensusSrc/timer.o
 .debug_abbrev  0x000039a8      0x368 ./Src/main.o
 .debug_abbrev  0x00003d10      0x264 ./Src/stm32f4xx_hal_msp.o
 .debug_abbrev  0x00003f74      0x230 ./Src/stm32f4xx_it.o
 .debug_abbrev  0x000041a4      0x120 ./Src/system_stm32f4xx.o
 .debug_abbrev  0x000042c4       0x24 ./startup/startup_stm32f411xe.o

.debug_loclists
                0x00000000     0xb44d
 .debug_loclists
                0x00000000       0xd5 ./Drivers/STM32F4xx_HAL_Driver/Src/stm32f4xx_hal.o
 .debug_loclists
                0x000000d5      0x692 ./Drivers/STM32F4xx_HAL_Driver/Src/stm32f4xx_hal_adc.o
 .debug_loclists
                0x00000767      0x5da ./Drivers/STM32F4xx_HAL_Driver/Src/stm32f4xx_hal_adc_ex.o
 .debug_loclists
                0x00000d41      0x410 ./Drivers/STM32F4xx_HAL_Driver/Src/stm32f4xx_hal_cortex.o
 .debug_loclists
                0x00001151      0x5d2 ./Drivers/STM32F4xx_HAL_Driver/Src/stm32f4xx_hal_dma.o
 .debug_loclists
                0x00001723      0x297 ./Drivers/STM32F4xx_HAL_Driver/Src/stm32f4xx_hal_gpio.o
 .debug_loclists
                0x000019ba     0x25cd ./Drivers/STM32F4xx_HAL_Driver/Src/stm32f4xx_hal_i2c.o
 .debug_loclists
                0x00003f87       0x66 ./Drivers/STM32F4xx_HAL_Driver/Src/stm32f4xx_hal_iwdg.o
 .debug_loclists
                0x00003fed      0x328 ./Drivers/STM32F4xx_HAL_Driver/Src/stm32f4xx_hal_rcc.o
 .debug_loclists
                0x00004315     0x2dbd ./Drivers/STM32F4xx_HAL_Driver/Src/stm32f4xx_hal_tim.o
 .debug_loclists
                0x000070d2      0xc5c ./Drivers/STM32F4xx_HAL_Driver/Src/stm32f4xx_hal_tim_ex.o
 .debug_loclists
                0x00007d2e     0x2952 ./Drivers/STM32F4xx_HAL_Driver/Src/stm32f4xx_hal_uart.o
 .debug_loclists
                0x0000a680       0xa4 ./SensusSrc/adc.o
 .debug_loclists
                0x0000a724       0xc0 ./SensusSrc/control_comm.o
 .debug_loclists
                0x0000a7e4      0x275 ./SensusSrc/crcccitt.o
 .debug_loclists
                0x0000aa59       0x17 ./SensusSrc/flow.o
 .debug_loclists
                0x0000aa70      0x24d ./SensusSrc/lis2mdl.o
 .debug_loclists
                0x0000acbd      0x156 ./SensusSrc/qc.o
 .debug_loclists
                0x0000ae13       0x87 ./SensusSrc/setup.o
 .debug_loclists
                0x0000ae9a      0x35a ./SensusSrc/sys_data.o
 .debug_loclists
                0x0000b1f4      0x195 ./Src/stm32f4xx_hal_msp.o
 .debug_loclists
                0x0000b389       0xc4 ./Src/system_stm32f4xx.o

.debug_aranges  0x00000000     0x1170
 .debug_aranges
                0x00000000       0xf0 ./Drivers/STM32F4xx_HAL_Driver/Src/stm32f4xx_hal.o
 .debug_aranges
                0x000000f0       0xe0 ./Drivers/STM32F4xx_HAL_Driver/Src/stm32f4xx_hal_adc.o
 .debug_aranges
                0x000001d0       0x90 ./Drivers/STM32F4xx_HAL_Driver/Src/stm32f4xx_hal_adc_ex.o
 .debug_aranges
                0x00000260       0xc0 ./Drivers/STM32F4xx_HAL_Driver/Src/stm32f4xx_hal_cortex.o
 .debug_aranges
                0x00000320       0x80 ./Drivers/STM32F4xx_HAL_Driver/Src/stm32f4xx_hal_dma.o
 .debug_aranges
                0x000003a0       0x58 ./Drivers/STM32F4xx_HAL_Driver/Src/stm32f4xx_hal_gpio.o
 .debug_aranges
                0x000003f8      0x208 ./Drivers/STM32F4xx_HAL_Driver/Src/stm32f4xx_hal_i2c.o
 .debug_aranges
                0x00000600       0x28 ./Drivers/STM32F4xx_HAL_Driver/Src/stm32f4xx_hal_iwdg.o
 .debug_aranges
                0x00000628       0x88 ./Drivers/STM32F4xx_HAL_Driver/Src/stm32f4xx_hal_rcc.o
 .debug_aranges
                0x000006b0      0x3a0 ./Drivers/STM32F4xx_HAL_Driver/Src/stm32f4xx_hal_tim.o
 .debug_aranges
                0x00000a50      0x168 ./Drivers/STM32F4xx_HAL_Driver/Src/stm32f4xx_hal_tim_ex.o
 .debug_aranges
                0x00000bb8      0x1f0 ./Drivers/STM32F4xx_HAL_Driver/Src/stm32f4xx_hal_uart.o
 .debug_aranges
                0x00000da8       0x30 ./SensusSrc/adc.o
 .debug_aranges
                0x00000dd8       0x38 ./SensusSrc/control_comm.o
 .debug_aranges
                0x00000e10       0x48 ./SensusSrc/crcccitt.o
 .debug_aranges
                0x00000e58       0x28 ./SensusSrc/flow.o
 .debug_aranges
                0x00000e80       0x30 ./SensusSrc/lis2mdl.o
 .debug_aranges
                0x00000eb0       0x30 ./SensusSrc/magnetometer.o
 .debug_aranges
                0x00000ee0       0x50 ./SensusSrc/qc.o
 .debug_aranges
                0x00000f30       0x58 ./SensusSrc/setup.o
 .debug_aranges
                0x00000f88       0x48 ./SensusSrc/sys_data.o
 .debug_aranges
                0x00000fd0       0x20 ./SensusSrc/timer.o
 .debug_aranges
                0x00000ff0       0x30 ./Src/main.o
 .debug_aranges
                0x00001020       0x60 ./Src/stm32f4xx_hal_msp.o
 .debug_aranges
                0x00001080       0xa0 ./Src/stm32f4xx_it.o
 .debug_aranges
                0x00001120       0x28 ./Src/system_stm32f4xx.o
 .debug_aranges
                0x00001148       0x28 ./startup/startup_stm32f411xe.o

.debug_rnglists
                0x00000000     0x1250
 .debug_rnglists
                0x00000000       0xaf ./Drivers/STM32F4xx_HAL_Driver/Src/stm32f4xx_hal.o
 .debug_rnglists
                0x000000af       0xbe ./Drivers/STM32F4xx_HAL_Driver/Src/stm32f4xx_hal_adc.o
 .debug_rnglists
                0x0000016d       0x6c ./Drivers/STM32F4xx_HAL_Driver/Src/stm32f4xx_hal_adc_ex.o
 .debug_rnglists
                0x000001d9       0xf4 ./Drivers/STM32F4xx_HAL_Driver/Src/stm32f4xx_hal_cortex.o
 .debug_rnglists
                0x000002cd       0x79 ./Drivers/STM32F4xx_HAL_Driver/Src/stm32f4xx_hal_dma.o
 .debug_rnglists
                0x00000346       0x52 ./Drivers/STM32F4xx_HAL_Driver/Src/stm32f4xx_hal_gpio.o
 .debug_rnglists
                0x00000398      0x362 ./Drivers/STM32F4xx_HAL_Driver/Src/stm32f4xx_hal_i2c.o
 .debug_rnglists
                0x000006fa       0x19 ./Drivers/STM32F4xx_HAL_Driver/Src/stm32f4xx_hal_iwdg.o
 .debug_rnglists
                0x00000713       0x80 ./Drivers/STM32F4xx_HAL_Driver/Src/stm32f4xx_hal_rcc.o
 .debug_rnglists
                0x00000793      0x366 ./Drivers/STM32F4xx_HAL_Driver/Src/stm32f4xx_hal_tim.o
 .debug_rnglists
                0x00000af9      0x112 ./Drivers/STM32F4xx_HAL_Driver/Src/stm32f4xx_hal_tim_ex.o
 .debug_rnglists
                0x00000c0b      0x1b4 ./Drivers/STM32F4xx_HAL_Driver/Src/stm32f4xx_hal_uart.o
 .debug_rnglists
                0x00000dbf       0x20 ./SensusSrc/adc.o
 .debug_rnglists
                0x00000ddf       0x4a ./SensusSrc/control_comm.o
 .debug_rnglists
                0x00000e29       0x3d ./SensusSrc/crcccitt.o
 .debug_rnglists
                0x00000e66       0x1a ./SensusSrc/flow.o
 .debug_rnglists
                0x00000e80       0x41 ./SensusSrc/lis2mdl.o
 .debug_rnglists
                0x00000ec1       0x1f ./SensusSrc/magnetometer.o
 .debug_rnglists
                0x00000ee0       0xdb ./SensusSrc/qc.o
 .debug_rnglists
                0x00000fbb       0x3d ./SensusSrc/setup.o
 .debug_rnglists
                0x00000ff8       0x6a ./SensusSrc/sys_data.o
 .debug_rnglists
                0x00001062       0x13 ./SensusSrc/timer.o
 .debug_rnglists
                0x00001075       0x57 ./Src/main.o
 .debug_rnglists
                0x000010cc       0xdf ./Src/stm32f4xx_hal_msp.o
 .debug_rnglists
                0x000011ab       0x73 ./Src/stm32f4xx_it.o
 .debug_rnglists
                0x0000121e       0x19 ./Src/system_stm32f4xx.o
 .debug_rnglists
                0x00001237       0x19 ./startup/startup_stm32f411xe.o

.debug_macro    0x00000000    0x195c4
 .debug_macro   0x00000000      0x279 ./Drivers/STM32F4xx_HAL_Driver/Src/stm32f4xx_hal.o
 .debug_macro   0x00000279      0xaea ./Drivers/STM32F4xx_HAL_Driver/Src/stm32f4xx_hal.o
 .debug_macro   0x00000d63      0x2ad ./Drivers/STM32F4xx_HAL_Driver/Src/stm32f4xx_hal.o
 .debug_macro   0x00001010       0x2e ./Drivers/STM32F4xx_HAL_Driver/Src/stm32f4xx_hal.o
 .debug_macro   0x0000103e       0x28 ./Drivers/STM32F4xx_HAL_Driver/Src/stm32f4xx_hal.o
 .debug_macro   0x00001066       0x22 ./Drivers/STM32F4xx_HAL_Driver/Src/stm32f4xx_hal.o
 .debug_macro   0x00001088       0x8e ./Drivers/STM32F4xx_HAL_Driver/Src/stm32f4xx_hal.o
 .debug_macro   0x00001116       0x51 ./Drivers/STM32F4xx_HAL_Driver/Src/stm32f4xx_hal.o
 .debug_macro   0x00001167      0x103 ./Drivers/STM32F4xx_HAL_Driver/Src/stm32f4xx_hal.o
 .debug_macro   0x0000126a       0x6a ./Drivers/STM32F4xx_HAL_Driver/Src/stm32f4xx_hal.o
 .debug_macro   0x000012d4      0x1df ./Drivers/STM32F4xx_HAL_Driver/Src/stm32f4xx_hal.o
 .debug_macro   0x000014b3       0x1c ./Drivers/STM32F4xx_HAL_Driver/Src/stm32f4xx_hal.o
 .debug_macro   0x000014cf       0x22 ./Drivers/STM32F4xx_HAL_Driver/Src/stm32f4xx_hal.o
 .debug_macro   0x000014f1       0xfb ./Drivers/STM32F4xx_HAL_Driver/Src/stm32f4xx_hal.o
 .debug_macro   0x000015ec     0x1011 ./Drivers/STM32F4xx_HAL_Driver/Src/stm32f4xx_hal.o
 .debug_macro   0x000025fd      0x11f ./Drivers/STM32F4xx_HAL_Driver/Src/stm32f4xx_hal.o
 .debug_macro   0x0000271c     0xb968 ./Drivers/STM32F4xx_HAL_Driver/Src/stm32f4xx_hal.o
 .debug_macro   0x0000e084       0x6d ./Drivers/STM32F4xx_HAL_Driver/Src/stm32f4xx_hal.o
 .debug_macro   0x0000e0f1     0x3693 ./Drivers/STM32F4xx_HAL_Driver/Src/stm32f4xx_hal.o
 .debug_macro   0x00011784      0x190 ./Drivers/STM32F4xx_HAL_Driver/Src/stm32f4xx_hal.o
 .debug_macro   0x00011914       0x50 ./Drivers/STM32F4xx_HAL_Driver/Src/stm32f4xx_hal.o
 .debug_macro   0x00011964      0x45c ./Drivers/STM32F4xx_HAL_Driver/Src/stm32f4xx_hal.o
 .debug_macro   0x00011dc0      0x9e9 ./Drivers/STM32F4xx_HAL_Driver/Src/stm32f4xx_hal.o
 .debug_macro   0x000127a9      0x115 ./Drivers/STM32F4xx_HAL_Driver/Src/stm32f4xx_hal.o
 .debug_macro   0x000128be      0x11b ./Drivers/STM32F4xx_HAL_Driver/Src/stm32f4xx_hal.o
 .debug_macro   0x000129d9       0xa5 ./Drivers/STM32F4xx_HAL_Driver/Src/stm32f4xx_hal.o
 .debug_macro   0x00012a7e      0x15f ./Drivers/STM32F4xx_HAL_Driver/Src/stm32f4xx_hal.o
 .debug_macro   0x00012bdd      0x287 ./Drivers/STM32F4xx_HAL_Driver/Src/stm32f4xx_hal.o
 .debug_macro   0x00012e64       0x5f ./Drivers/STM32F4xx_HAL_Driver/Src/stm32f4xx_hal.o
 .debug_macro   0x00012ec3      0x236 ./Drivers/STM32F4xx_HAL_Driver/Src/stm32f4xx_hal.o
 .debug_macro   0x000130f9      0x9e1 ./Drivers/STM32F4xx_HAL_Driver/Src/stm32f4xx_hal.o
 .debug_macro   0x00013ada      0x38b ./Drivers/STM32F4xx_HAL_Driver/Src/stm32f4xx_hal.o
 .debug_macro   0x00013e65      0x17d ./Drivers/STM32F4xx_HAL_Driver/Src/stm32f4xx_hal.o
 .debug_macro   0x00013fe2       0xf9 ./Drivers/STM32F4xx_HAL_Driver/Src/stm32f4xx_hal.o
 .debug_macro   0x000140db      0x132 ./Drivers/STM32F4xx_HAL_Driver/Src/stm32f4xx_hal.o
 .debug_macro   0x0001420d      0x264 ./Drivers/STM32F4xx_HAL_Driver/Src/stm32f4xx_hal.o
 .debug_macro   0x00014471       0x2e ./Drivers/STM32F4xx_HAL_Driver/Src/stm32f4xx_hal.o
 .debug_macro   0x0001449f      0x1b5 ./Drivers/STM32F4xx_HAL_Driver/Src/stm32f4xx_hal.o
 .debug_macro   0x00014654       0x22 ./Drivers/STM32F4xx_HAL_Driver/Src/stm32f4xx_hal.o
 .debug_macro   0x00014676       0xd6 ./Drivers/STM32F4xx_HAL_Driver/Src/stm32f4xx_hal.o
 .debug_macro   0x0001474c       0x78 ./Drivers/STM32F4xx_HAL_Driver/Src/stm32f4xx_hal.o
 .debug_macro   0x000147c4      0x127 ./Drivers/STM32F4xx_HAL_Driver/Src/stm32f4xx_hal.o
 .debug_macro   0x000148eb       0x85 ./Drivers/STM32F4xx_HAL_Driver/Src/stm32f4xx_hal.o
 .debug_macro   0x00014970       0x89 ./Drivers/STM32F4xx_HAL_Driver/Src/stm32f4xx_hal.o
 .debug_macro   0x000149f9      0x8ed ./Drivers/STM32F4xx_HAL_Driver/Src/stm32f4xx_hal.o
 .debug_macro   0x000152e6       0x47 ./Drivers/STM32F4xx_HAL_Driver/Src/stm32f4xx_hal.o
 .debug_macro   0x0001532d      0x2aa ./Drivers/STM32F4xx_HAL_Driver/Src/stm32f4xx_hal.o
 .debug_macro   0x000155d7      0x126 ./Drivers/STM32F4xx_HAL_Driver/Src/stm32f4xx_hal.o
 .debug_macro   0x000156fd      0x21a ./Drivers/STM32F4xx_HAL_Driver/Src/stm32f4xx_hal_adc.o
 .debug_macro   0x00015917      0x219 ./Drivers/STM32F4xx_HAL_Driver/Src/stm32f4xx_hal_adc_ex.o
 .debug_macro   0x00015b30      0x219 ./Drivers/STM32F4xx_HAL_Driver/Src/stm32f4xx_hal_cortex.o
 .debug_macro   0x00015d49      0x21f ./Drivers/STM32F4xx_HAL_Driver/Src/stm32f4xx_hal_dma.o
 .debug_macro   0x00015f68      0x21f ./Drivers/STM32F4xx_HAL_Driver/Src/stm32f4xx_hal_gpio.o
 .debug_macro   0x00016187      0x267 ./Drivers/STM32F4xx_HAL_Driver/Src/stm32f4xx_hal_i2c.o
 .debug_macro   0x000163ee      0x225 ./Drivers/STM32F4xx_HAL_Driver/Src/stm32f4xx_hal_iwdg.o
 .debug_macro   0x00016613      0x23d ./Drivers/STM32F4xx_HAL_Driver/Src/stm32f4xx_hal_rcc.o
 .debug_macro   0x00016850      0x21a ./Drivers/STM32F4xx_HAL_Driver/Src/stm32f4xx_hal_tim.o
 .debug_macro   0x00016a6a      0x219 ./Drivers/STM32F4xx_HAL_Driver/Src/stm32f4xx_hal_tim_ex.o
 .debug_macro   0x00016c83      0x21a ./Drivers/STM32F4xx_HAL_Driver/Src/stm32f4xx_hal_uart.o
 .debug_macro   0x00016e9d      0x24c ./SensusSrc/adc.o
 .debug_macro   0x000170e9       0x10 ./SensusSrc/adc.o
 .debug_macro   0x000170f9      0x326 ./SensusSrc/control_comm.o
 .debug_macro   0x0001741f       0x6a ./SensusSrc/control_comm.o
 .debug_macro   0x00017489      0x146 ./SensusSrc/crcccitt.o
 .debug_macro   0x000175cf       0x16 ./SensusSrc/crcccitt.o
 .debug_macro   0x000175e5      0x11c ./SensusSrc/crcccitt.o
 .debug_macro   0x00017701       0x9b ./SensusSrc/crcccitt.o
 .debug_macro   0x0001779c       0x16 ./SensusSrc/crcccitt.o
 .debug_macro   0x000177b2       0x29 ./SensusSrc/crcccitt.o
 .debug_macro   0x000177db       0x64 ./SensusSrc/crcccitt.o
 .debug_macro   0x0001783f      0x256 ./SensusSrc/flow.o
 .debug_macro   0x00017a95       0x16 ./SensusSrc/flow.o
 .debug_macro   0x00017aab      0x252 ./SensusSrc/lis2mdl.o
 .debug_macro   0x00017cfd       0x52 ./SensusSrc/lis2mdl.o
 .debug_macro   0x00017d4f      0x327 ./SensusSrc/magnetometer.o
 .debug_macro   0x00018076       0x3a ./SensusSrc/magnetometer.o
 .debug_macro   0x000180b0       0x58 ./SensusSrc/magnetometer.o
 .debug_macro   0x00018108       0x16 ./SensusSrc/magnetometer.o
 .debug_macro   0x0001811e      0x268 ./SensusSrc/qc.o
 .debug_macro   0x00018386      0x176 ./SensusSrc/qc.o
 .debug_macro   0x000184fc       0x16 ./SensusSrc/qc.o
 .debug_macro   0x00018512      0x271 ./SensusSrc/setup.o
 .debug_macro   0x00018783       0x16 ./SensusSrc/setup.o
 .debug_macro   0x00018799      0x31d ./SensusSrc/sys_data.o
 .debug_macro   0x00018ab6      0x235 ./SensusSrc/timer.o
 .debug_macro   0x00018ceb      0x231 ./Src/main.o
 .debug_macro   0x00018f1c       0x1c ./Src/main.o
 .debug_macro   0x00018f38      0x228 ./Src/stm32f4xx_hal_msp.o
 .debug_macro   0x00019160      0x245 ./Src/stm32f4xx_it.o
 .debug_macro   0x000193a5      0x21f ./Src/system_stm32f4xx.o

.debug_line     0x00000000    0x1f170
 .debug_line    0x00000000      0xb66 ./Drivers/STM32F4xx_HAL_Driver/Src/stm32f4xx_hal.o
 .debug_line    0x00000b66     0x1466 ./Drivers/STM32F4xx_HAL_Driver/Src/stm32f4xx_hal_adc.o
 .debug_line    0x00001fcc     0x10af ./Drivers/STM32F4xx_HAL_Driver/Src/stm32f4xx_hal_adc_ex.o
 .debug_line    0x0000307b      0xe20 ./Drivers/STM32F4xx_HAL_Driver/Src/stm32f4xx_hal_cortex.o
 .debug_line    0x00003e9b     0x12f7 ./Drivers/STM32F4xx_HAL_Driver/Src/stm32f4xx_hal_dma.o
 .debug_line    0x00005192      0xca8 ./Drivers/STM32F4xx_HAL_Driver/Src/stm32f4xx_hal_gpio.o
 .debug_line    0x00005e3a     0x521c ./Drivers/STM32F4xx_HAL_Driver/Src/stm32f4xx_hal_i2c.o
 .debug_line    0x0000b056      0x87c ./Drivers/STM32F4xx_HAL_Driver/Src/stm32f4xx_hal_iwdg.o
 .debug_line    0x0000b8d2     0x115c ./Drivers/STM32F4xx_HAL_Driver/Src/stm32f4xx_hal_rcc.o
 .debug_line    0x0000ca2e     0x445d ./Drivers/STM32F4xx_HAL_Driver/Src/stm32f4xx_hal_tim.o
 .debug_line    0x00010e8b     0x1934 ./Drivers/STM32F4xx_HAL_Driver/Src/stm32f4xx_hal_tim_ex.o
 .debug_line    0x000127bf     0x38cb ./Drivers/STM32F4xx_HAL_Driver/Src/stm32f4xx_hal_uart.o
 .debug_line    0x0001608a      0x9dc ./SensusSrc/adc.o
 .debug_line    0x00016a66      0xd0f ./SensusSrc/control_comm.o
 .debug_line    0x00017775      0x733 ./SensusSrc/crcccitt.o
 .debug_line    0x00017ea8      0x8cf ./SensusSrc/flow.o
 .debug_line    0x00018777      0x9a6 ./SensusSrc/lis2mdl.o
 .debug_line    0x0001911d      0xa6e ./SensusSrc/magnetometer.o
 .debug_line    0x00019b8b      0xe60 ./SensusSrc/qc.o
 .debug_line    0x0001a9eb      0x8ed ./SensusSrc/setup.o
 .debug_line    0x0001b2d8      0xcb1 ./SensusSrc/sys_data.o
 .debug_line    0x0001bf89      0x7f3 ./SensusSrc/timer.o
 .debug_line    0x0001c77c      0xc2c ./Src/main.o
 .debug_line    0x0001d3a8      0xb3e ./Src/stm32f4xx_hal_msp.o
 .debug_line    0x0001dee6      0x96d ./Src/stm32f4xx_it.o
 .debug_line    0x0001e853      0x8a5 ./Src/system_stm32f4xx.o
 .debug_line    0x0001f0f8       0x78 ./startup/startup_stm32f411xe.o

.debug_str      0x00000000    0x9e42c
 .debug_str     0x00000000    0x9e42c ./Drivers/STM32F4xx_HAL_Driver/Src/stm32f4xx_hal.o
                              0x95354 (size before relaxing)
 .debug_str     0x0009e42c    0x94f03 ./Drivers/STM32F4xx_HAL_Driver/Src/stm32f4xx_hal_adc.o
 .debug_str     0x0009e42c    0x94f57 ./Drivers/STM32F4xx_HAL_Driver/Src/stm32f4xx_hal_adc_ex.o
 .debug_str     0x0009e42c    0x950be ./Drivers/STM32F4xx_HAL_Driver/Src/stm32f4xx_hal_cortex.o
 .debug_str     0x0009e42c    0x94d30 ./Drivers/STM32F4xx_HAL_Driver/Src/stm32f4xx_hal_dma.o
 .debug_str     0x0009e42c    0x94aa3 ./Drivers/STM32F4xx_HAL_Driver/Src/stm32f4xx_hal_gpio.o
 .debug_str     0x0009e42c    0x95939 ./Drivers/STM32F4xx_HAL_Driver/Src/stm32f4xx_hal_i2c.o
 .debug_str     0x0009e42c    0x948cd ./Drivers/STM32F4xx_HAL_Driver/Src/stm32f4xx_hal_iwdg.o
 .debug_str     0x0009e42c    0x94d6d ./Drivers/STM32F4xx_HAL_Driver/Src/stm32f4xx_hal_rcc.o
 .debug_str     0x0009e42c    0x95ca0 ./Drivers/STM32F4xx_HAL_Driver/Src/stm32f4xx_hal_tim.o
 .debug_str     0x0009e42c    0x954ac ./Drivers/STM32F4xx_HAL_Driver/Src/stm32f4xx_hal_tim_ex.o
 .debug_str     0x0009e42c    0x9533c ./Drivers/STM32F4xx_HAL_Driver/Src/stm32f4xx_hal_uart.o
 .debug_str     0x0009e42c    0x9556f ./SensusSrc/adc.o
 .debug_str     0x0009e42c    0x98e21 ./SensusSrc/control_comm.o
 .debug_str     0x0009e42c     0x75d6 ./SensusSrc/crcccitt.o
 .debug_str     0x0009e42c    0x95125 ./SensusSrc/flow.o
 .debug_str     0x0009e42c    0x956ca ./SensusSrc/lis2mdl.o
 .debug_str     0x0009e42c    0x989bc ./SensusSrc/magnetometer.o
 .debug_str     0x0009e42c    0x959b4 ./SensusSrc/qc.o
 .debug_str     0x0009e42c    0x95ab4 ./SensusSrc/setup.o
 .debug_str     0x0009e42c    0x98689 ./SensusSrc/sys_data.o
 .debug_str     0x0009e42c    0x94e42 ./SensusSrc/timer.o
 .debug_str     0x0009e42c    0x95ecf ./Src/main.o
 .debug_str     0x0009e42c    0x95f36 ./Src/stm32f4xx_hal_msp.o
 .debug_str     0x0009e42c    0x95b30 ./Src/stm32f4xx_it.o
 .debug_str     0x0009e42c    0x94938 ./Src/system_stm32f4xx.o
 .debug_str     0x0009e42c       0x91 ./startup/startup_stm32f411xe.o

.comment        0x00000000       0x43
 .comment       0x00000000       0x43 ./Drivers/STM32F4xx_HAL_Driver/Src/stm32f4xx_hal.o
                                 0x44 (size before relaxing)
 .comment       0x00000043       0x44 ./Drivers/STM32F4xx_HAL_Driver/Src/stm32f4xx_hal_adc.o
 .comment       0x00000043       0x44 ./Drivers/STM32F4xx_HAL_Driver/Src/stm32f4xx_hal_adc_ex.o
 .comment       0x00000043       0x44 ./Drivers/STM32F4xx_HAL_Driver/Src/stm32f4xx_hal_cortex.o
 .comment       0x00000043       0x44 ./Drivers/STM32F4xx_HAL_Driver/Src/stm32f4xx_hal_dma.o
 .comment       0x00000043       0x44 ./Drivers/STM32F4xx_HAL_Driver/Src/stm32f4xx_hal_gpio.o
 .comment       0x00000043       0x44 ./Drivers/STM32F4xx_HAL_Driver/Src/stm32f4xx_hal_i2c.o
 .comment       0x00000043       0x44 ./Drivers/STM32F4xx_HAL_Driver/Src/stm32f4xx_hal_iwdg.o
 .comment       0x00000043       0x44 ./Drivers/STM32F4xx_HAL_Driver/Src/stm32f4xx_hal_rcc.o
 .comment       0x00000043       0x44 ./Drivers/STM32F4xx_HAL_Driver/Src/stm32f4xx_hal_tim.o
 .comment       0x00000043       0x44 ./Drivers/STM32F4xx_HAL_Driver/Src/stm32f4xx_hal_tim_ex.o
 .comment       0x00000043       0x44 ./Drivers/STM32F4xx_HAL_Driver/Src/stm32f4xx_hal_uart.o
 .comment       0x00000043       0x44 ./SensusSrc/adc.o
 .comment       0x00000043       0x44 ./SensusSrc/control_comm.o
 .comment       0x00000043       0x44 ./SensusSrc/crcccitt.o
 .comment       0x00000043       0x44 ./SensusSrc/flow.o
 .comment       0x00000043       0x44 ./SensusSrc/lis2mdl.o
 .comment       0x00000043       0x44 ./SensusSrc/magnetometer.o
 .comment       0x00000043       0x44 ./SensusSrc/qc.o
 .comment       0x00000043       0x44 ./SensusSrc/setup.o
 .comment       0x00000043       0x44 ./SensusSrc/sys_data.o
 .comment       0x00000043       0x44 ./SensusSrc/timer.o
 .comment       0x00000043       0x44 ./Src/main.o
 .comment       0x00000043       0x44 ./Src/stm32f4xx_hal_msp.o
 .comment       0x00000043       0x44 ./Src/stm32f4xx_it.o
 .comment       0x00000043       0x44 ./Src/system_stm32f4xx.o

.debug_frame    0x00000000     0x2efc
 .debug_frame   0x00000000      0x1f4 ./Drivers/STM32F4xx_HAL_Driver/Src/stm32f4xx_hal.o
 .debug_frame   0x000001f4      0x248 ./Drivers/STM32F4xx_HAL_Driver/Src/stm32f4xx_hal_adc.o
 .debug_frame   0x0000043c      0x160 ./Drivers/STM32F4xx_HAL_Driver/Src/stm32f4xx_hal_adc_ex.o
 .debug_frame   0x0000059c      0x180 ./Drivers/STM32F4xx_HAL_Driver/Src/stm32f4xx_hal_cortex.o
 .debug_frame   0x0000071c      0x16c ./Drivers/STM32F4xx_HAL_Driver/Src/stm32f4xx_hal_dma.o
 .debug_frame   0x00000888       0xd4 ./Drivers/STM32F4xx_HAL_Driver/Src/stm32f4xx_hal_gpio.o
 .debug_frame   0x0000095c      0x760 ./Drivers/STM32F4xx_HAL_Driver/Src/stm32f4xx_hal_i2c.o
 .debug_frame   0x000010bc       0x3c ./Drivers/STM32F4xx_HAL_Driver/Src/stm32f4xx_hal_iwdg.o
 .debug_frame   0x000010f8      0x13c ./Drivers/STM32F4xx_HAL_Driver/Src/stm32f4xx_hal_rcc.o
 .debug_frame   0x00001234      0x9ec ./Drivers/STM32F4xx_HAL_Driver/Src/stm32f4xx_hal_tim.o
 .debug_frame   0x00001c20      0x3d4 ./Drivers/STM32F4xx_HAL_Driver/Src/stm32f4xx_hal_tim_ex.o
 .debug_frame   0x00001ff4      0x58c ./Drivers/STM32F4xx_HAL_Driver/Src/stm32f4xx_hal_uart.o
 .debug_frame   0x00002580       0x6c ./SensusSrc/adc.o
 .debug_frame   0x000025ec       0x6c ./SensusSrc/control_comm.o
 .debug_frame   0x00002658       0x94 ./SensusSrc/crcccitt.o
 .debug_frame   0x000026ec       0x4c ./SensusSrc/flow.o
 .debug_frame   0x00002738       0x80 ./SensusSrc/lis2mdl.o
 .debug_frame   0x000027b8       0x5c ./SensusSrc/magnetometer.o
 .debug_frame   0x00002814       0xe0 ./SensusSrc/qc.o
 .debug_frame   0x000028f4       0xa8 ./SensusSrc/setup.o
 .debug_frame   0x0000299c       0xb4 ./SensusSrc/sys_data.o
 .debug_frame   0x00002a50       0x20 ./SensusSrc/timer.o
 .debug_frame   0x00002a70       0x5c ./Src/main.o
 .debug_frame   0x00002acc      0x128 ./Src/stm32f4xx_hal_msp.o
 .debug_frame   0x00002bf4      0x12c ./Src/stm32f4xx_it.o
 .debug_frame   0x00002d20       0x30 ./Src/system_stm32f4xx.o
 .debug_frame   0x00002d50       0x20 C:/ST/STM32CubeIDE_2.1.1/STM32CubeIDE/plugins/com.st.stm32cube.ide.mcu.externaltools.gnu-tools-for-stm32.14.3.rel1.win32_1.0.100.202602081740/tools/bin/../lib/gcc/arm-none-eabi/14.3.1/../../../../arm-none-eabi/lib/thumb/v7e-m+fp/hard\libc_nano.a(libc_a-memset.o)
 .debug_frame   0x00002d70       0x2c C:/ST/STM32CubeIDE_2.1.1/STM32CubeIDE/plugins/com.st.stm32cube.ide.mcu.externaltools.gnu-tools-for-stm32.14.3.rel1.win32_1.0.100.202602081740/tools/bin/../lib/gcc/arm-none-eabi/14.3.1/../../../../arm-none-eabi/lib/thumb/v7e-m+fp/hard\libc_nano.a(libc_a-init.o)
 .debug_frame   0x00002d9c       0x30 C:/ST/STM32CubeIDE_2.1.1/STM32CubeIDE/plugins/com.st.stm32cube.ide.mcu.externaltools.gnu-tools-for-stm32.14.3.rel1.win32_1.0.100.202602081740/tools/bin/../lib/gcc/arm-none-eabi/14.3.1/thumb/v7e-m+fp/hard\libgcc.a(_arm_muldf3.o)
 .debug_frame   0x00002dcc       0xac C:/ST/STM32CubeIDE_2.1.1/STM32CubeIDE/plugins/com.st.stm32cube.ide.mcu.externaltools.gnu-tools-for-stm32.14.3.rel1.win32_1.0.100.202602081740/tools/bin/../lib/gcc/arm-none-eabi/14.3.1/thumb/v7e-m+fp/hard\libgcc.a(_arm_addsubdf3.o)
 .debug_frame   0x00002e78       0x24 C:/ST/STM32CubeIDE_2.1.1/STM32CubeIDE/plugins/com.st.stm32cube.ide.mcu.externaltools.gnu-tools-for-stm32.14.3.rel1.win32_1.0.100.202602081740/tools/bin/../lib/gcc/arm-none-eabi/14.3.1/thumb/v7e-m+fp/hard\libgcc.a(_arm_truncdfsf2.o)
 .debug_frame   0x00002e9c       0x2c C:/ST/STM32CubeIDE_2.1.1/STM32CubeIDE/plugins/com.st.stm32cube.ide.mcu.externaltools.gnu-tools-for-stm32.14.3.rel1.win32_1.0.100.202602081740/tools/bin/../lib/gcc/arm-none-eabi/14.3.1/thumb/v7e-m+fp/hard\libgcc.a(_aeabi_uldivmod.o)
 .debug_frame   0x00002ec8       0x34 C:/ST/STM32CubeIDE_2.1.1/STM32CubeIDE/plugins/com.st.stm32cube.ide.mcu.externaltools.gnu-tools-for-stm32.14.3.rel1.win32_1.0.100.202602081740/tools/bin/../lib/gcc/arm-none-eabi/14.3.1/thumb/v7e-m+fp/hard\libgcc.a(_udivmoddi4.o)

.debug_line_str
                0x00000000       0x75
 .debug_line_str
                0x00000000       0x75 ./startup/startup_stm32f411xe.o
