../SensusSrc/1wire_ds2482.c:46:19:I2C_Write	16	static
../SensusSrc/1wire_ds2482.c:51:19:I2C_Read	16	static
../SensusSrc/1wire_ds2482.c:58:7:Wait_For_1WB	16	static
../SensusSrc/1wire_ds2482.c:146:7:OWReadByte	16	static
../SensusSrc/1wire_ds2482.c:249:5:DS2482_reset	16	static
../SensusSrc/1wire_ds2482.c:98:6:OWWriteByte	16	static
../SensusSrc/1wire_ds2482.c:285:5:DS2482_write_config	16	static
../SensusSrc/1wire_ds2482.c:216:5:DS2482_detect	8	static
../SensusSrc/1wire_ds2482.c:382:5:OWReset	16	static
../SensusSrc/1wire_ds2482.c:651:6:DS2484_ReadRom	0	static
../SensusSrc/1wire_ds2482.c:666:7:calc_crc8	0	static
../SensusSrc/1wire_ds2482.c:692:6:OWWriteBytePower	8	static
../SensusSrc/1wire_ds2482.c:711:7:OWReadBytePower	8	static
../SensusSrc/1wire_ds2482.c:761:7:OWTouchBit	16	static
../SensusSrc/1wire_ds2482.c:731:6:OWWriteBit	0	static
../SensusSrc/1wire_ds2482.c:743:7:OWReadBit	0	static
../SensusSrc/1wire_ds2482.c:794:15:docrc8	0	static
../SensusSrc/1wire_ds2482.c:818:7:DS2482_search_triplet	16	static
../SensusSrc/1wire_ds2482.c:527:5:OWSearch	40	static
../SensusSrc/1wire_ds2482.c:439:5:OWFirst	0	static
../SensusSrc/1wire_ds2482.c:454:5:OWNext	0	static
../SensusSrc/1wire_ds2482.c:466:5:OWVerify	40	static
../SensusSrc/1wire_ds2482.c:865:6:init_1wire	32	static
../SensusSrc/1wire_ds2482.c:907:6:get_col_id	16	static
