../Src/stm32f4xx_it.c:76:6:NMI_Handler	0	static
../Src/stm32f4xx_it.c:89:6:HardFault_Handler	0	static
../Src/stm32f4xx_it.c:104:6:MemManage_Handler	0	static
../Src/stm32f4xx_it.c:119:6:BusFault_Handler	0	static
../Src/stm32f4xx_it.c:134:6:UsageFault_Handler	0	static
../Src/stm32f4xx_it.c:149:6:SVC_Handler	0	static
../Src/stm32f4xx_it.c:162:6:DebugMon_Handler	0	static
../Src/stm32f4xx_it.c:175:6:PendSV_Handler	0	static
../Src/stm32f4xx_it.c:188:6:SysTick_Handler	8	static
../Src/stm32f4xx_it.c:209:6:ADC_IRQHandler	0	static
../Src/stm32f4xx_it.c:223:6:TIM1_UP_TIM10_IRQHandler	0	static
../Src/stm32f4xx_it.c:237:6:I2C1_EV_IRQHandler	0	static
../Src/stm32f4xx_it.c:251:6:I2C1_ER_IRQHandler	0	static
../Src/stm32f4xx_it.c:265:6:I2C2_EV_IRQHandler	0	static
../Src/stm32f4xx_it.c:279:6:I2C2_ER_IRQHandler	0	static
../Src/stm32f4xx_it.c:293:6:USART2_IRQHandler	0	static
../Src/stm32f4xx_it.c:307:6:I2C3_EV_IRQHandler	0	static
