Archive member included to satisfy reference by file (symbol)

c:/program files (x86)/atmel/studio/7.0/toolchain/arm/arm-gnu-toolchain/bin/../lib/gcc/arm-none-eabi/6.3.1/../../../../arm-none-eabi/lib/thumb/v7e-m/fpv5/hard\libc_nano.a(lib_a-exit.o)
                              c:/program files (x86)/atmel/studio/7.0/toolchain/arm/arm-gnu-toolchain/bin/../lib/gcc/arm-none-eabi/6.3.1/../../../../arm-none-eabi/lib/thumb/v7e-m/fpv5/hard/crt0.o (exit)
c:/program files (x86)/atmel/studio/7.0/toolchain/arm/arm-gnu-toolchain/bin/../lib/gcc/arm-none-eabi/6.3.1/../../../../arm-none-eabi/lib/thumb/v7e-m/fpv5/hard\libc_nano.a(lib_a-impure.o)
                              c:/program files (x86)/atmel/studio/7.0/toolchain/arm/arm-gnu-toolchain/bin/../lib/gcc/arm-none-eabi/6.3.1/../../../../arm-none-eabi/lib/thumb/v7e-m/fpv5/hard\libc_nano.a(lib_a-exit.o) (_global_impure_ptr)
c:/program files (x86)/atmel/studio/7.0/toolchain/arm/arm-gnu-toolchain/bin/../lib/gcc/arm-none-eabi/6.3.1/../../../../arm-none-eabi/lib/thumb/v7e-m/fpv5/hard\libc_nano.a(lib_a-init.o)
                              c:/program files (x86)/atmel/studio/7.0/toolchain/arm/arm-gnu-toolchain/bin/../lib/gcc/arm-none-eabi/6.3.1/../../../../arm-none-eabi/lib/thumb/v7e-m/fpv5/hard/crt0.o (__libc_init_array)
c:/program files (x86)/atmel/studio/7.0/toolchain/arm/arm-gnu-toolchain/bin/../lib/gcc/arm-none-eabi/6.3.1/../../../../arm-none-eabi/lib/thumb/v7e-m/fpv5/hard\libc_nano.a(lib_a-memcpy-stub.o)
                              hpl/efc/hpl_efc.o (memcpy)
c:/program files (x86)/atmel/studio/7.0/toolchain/arm/arm-gnu-toolchain/bin/../lib/gcc/arm-none-eabi/6.3.1/../../../../arm-none-eabi/lib/thumb/v7e-m/fpv5/hard\libc_nano.a(lib_a-memset.o)
                              c:/program files (x86)/atmel/studio/7.0/toolchain/arm/arm-gnu-toolchain/bin/../lib/gcc/arm-none-eabi/6.3.1/../../../../arm-none-eabi/lib/thumb/v7e-m/fpv5/hard/crt0.o (memset)
c:/program files (x86)/atmel/studio/7.0/toolchain/arm/arm-gnu-toolchain/bin/../lib/gcc/arm-none-eabi/6.3.1/../../../../arm-none-eabi/lib/thumb/v7e-m/fpv5/hard\libc_nano.a(lib_a-nano-vfprintf_float.o)
                              (_printf_float)
c:/program files (x86)/atmel/studio/7.0/toolchain/arm/arm-gnu-toolchain/bin/../lib/gcc/arm-none-eabi/6.3.1/../../../../arm-none-eabi/lib/thumb/v7e-m/fpv5/hard\libc_nano.a(lib_a-nano-vfprintf_i.o)
                              c:/program files (x86)/atmel/studio/7.0/toolchain/arm/arm-gnu-toolchain/bin/../lib/gcc/arm-none-eabi/6.3.1/../../../../arm-none-eabi/lib/thumb/v7e-m/fpv5/hard\libc_nano.a(lib_a-nano-vfprintf_float.o) (_printf_common)
c:/program files (x86)/atmel/studio/7.0/toolchain/arm/arm-gnu-toolchain/bin/../lib/gcc/arm-none-eabi/6.3.1/../../../../arm-none-eabi/lib/thumb/v7e-m/fpv5/hard\libc_nano.a(lib_a-printf.o)
                              hal/utils/src/utils_syscalls.o (printf)
c:/program files (x86)/atmel/studio/7.0/toolchain/arm/arm-gnu-toolchain/bin/../lib/gcc/arm-none-eabi/6.3.1/../../../../arm-none-eabi/lib/thumb/v7e-m/fpv5/hard\libc_nano.a(lib_a-strcmp.o)
                              main.o (strcmp)
c:/program files (x86)/atmel/studio/7.0/toolchain/arm/arm-gnu-toolchain/bin/../lib/gcc/arm-none-eabi/6.3.1/../../../../arm-none-eabi/lib/thumb/v7e-m/fpv5/hard\libc_nano.a(lib_a-strlen.o)
                              c:/program files (x86)/atmel/studio/7.0/toolchain/arm/arm-gnu-toolchain/bin/../lib/gcc/arm-none-eabi/6.3.1/../../../../arm-none-eabi/lib/thumb/v7e-m/fpv5/hard\libc_nano.a(lib_a-nano-vfprintf_float.o) (strlen)
c:/program files (x86)/atmel/studio/7.0/toolchain/arm/arm-gnu-toolchain/bin/../lib/gcc/arm-none-eabi/6.3.1/../../../../arm-none-eabi/lib/thumb/v7e-m/fpv5/hard\libc_nano.a(lib_a-strtol.o)
                              main.o (strtol)
c:/program files (x86)/atmel/studio/7.0/toolchain/arm/arm-gnu-toolchain/bin/../lib/gcc/arm-none-eabi/6.3.1/../../../../arm-none-eabi/lib/thumb/v7e-m/fpv5/hard\libc_nano.a(lib_a-strtoul.o)
                              main.o (strtoul)
c:/program files (x86)/atmel/studio/7.0/toolchain/arm/arm-gnu-toolchain/bin/../lib/gcc/arm-none-eabi/6.3.1/../../../../arm-none-eabi/lib/thumb/v7e-m/fpv5/hard\libc_nano.a(lib_a-dtoa.o)
                              c:/program files (x86)/atmel/studio/7.0/toolchain/arm/arm-gnu-toolchain/bin/../lib/gcc/arm-none-eabi/6.3.1/../../../../arm-none-eabi/lib/thumb/v7e-m/fpv5/hard\libc_nano.a(lib_a-nano-vfprintf_float.o) (_dtoa_r)
c:/program files (x86)/atmel/studio/7.0/toolchain/arm/arm-gnu-toolchain/bin/../lib/gcc/arm-none-eabi/6.3.1/../../../../arm-none-eabi/lib/thumb/v7e-m/fpv5/hard\libc_nano.a(lib_a-findfp.o)
                              c:/program files (x86)/atmel/studio/7.0/toolchain/arm/arm-gnu-toolchain/bin/../lib/gcc/arm-none-eabi/6.3.1/../../../../arm-none-eabi/lib/thumb/v7e-m/fpv5/hard\libc_nano.a(lib_a-printf.o) (__sinit)
[...]
Memory Configuration

Name             Origin             Length             Attributes
rom              0x00400000         0x00200000         xr
ram              0x20400000         0x00060000         xrw
*default*        0x00000000         0xffffffff

Linker script and memory map

LOAD c:/program files (x86)/atmel/studio/7.0/toolchain/arm/arm-gnu-toolchain/bin/../lib/gcc/arm-none-eabi/6.3.1/thumb/v7e-m/fpv5/hard/crti.o
LOAD c:/program files (x86)/atmel/studio/7.0/toolchain/arm/arm-gnu-toolchain/bin/../lib/gcc/arm-none-eabi/6.3.1/thumb/v7e-m/fpv5/hard/crtbegin.o
LOAD c:/program files (x86)/atmel/studio/7.0/toolchain/arm/arm-gnu-toolchain/bin/../lib/gcc/arm-none-eabi/6.3.1/../../../../arm-none-eabi/lib/thumb/v7e-m/fpv5/hard/crt0.o
LOAD atmel_start.o
LOAD crc32.o
LOAD Device_Startup/startup_same70q21b.o
LOAD Device_Startup/system_same70q21b.o
LOAD driver_init.o
LOAD examples/driver_examples.o
LOAD hal/src/hal_atomic.o
LOAD hal/src/hal_delay.o
LOAD hal/src/hal_flash.o
LOAD hal/src/hal_gpio.o
LOAD hal/src/hal_init.o
LOAD hal/src/hal_io.o
LOAD hal/src/hal_sleep.o
LOAD hal/src/hal_usart_async.o
LOAD hal/utils/src/utils_assert.o
LOAD hal/utils/src/utils_event.o
LOAD hal/utils/src/utils_list.o
LOAD hal/utils/src/utils_ringbuffer.o
LOAD hal/utils/src/utils_syscalls.o
LOAD hpl/core/hpl_core_m7_base.o
LOAD hpl/core/hpl_init.o
LOAD hpl/efc/hpl_efc.o
LOAD hpl/pmc/hpl_pmc.o
LOAD hpl/pmc/hpl_sleep.o
LOAD hpl/usart/hpl_usart.o
LOAD hpl/xdmac/hpl_xdmac.o
LOAD main.o
START GROUP
LOAD c:/program files (x86)/atmel/studio/7.0/toolchain/arm/arm-gnu-toolchain/bin/../lib/gcc/arm-none-eabi/6.3.1/../../../../arm-none-eabi/lib/thumb/v7e-m/fpv5/hard\libm.a
END GROUP
LOAD c:/program files (x86)/atmel/studio/7.0/toolchain/arm/arm-gnu-toolchain/bin/../lib/gcc/arm-none-eabi/6.3.1/../../../../arm-none-eabi/lib/thumb/v7e-m/fpv5/hard\libc_nano.a
START GROUP
LOAD c:/program files (x86)/atmel/studio/7.0/toolchain/arm/arm-gnu-toolchain/bin/../lib/gcc/arm-none-eabi/6.3.1/thumb/v7e-m/fpv5/hard\libgcc.a
LOAD c:/program files (x86)/atmel/studio/7.0/toolchain/arm/arm-gnu-toolchain/bin/../lib/gcc/arm-none-eabi/6.3.1/../../../../arm-none-eabi/lib/thumb/v7e-m/fpv5/hard\libc_nano.a
END GROUP
START GROUP
LOAD c:/program files (x86)/atmel/studio/7.0/toolchain/arm/arm-gnu-toolchain/bin/../lib/gcc/arm-none-eabi/6.3.1/thumb/v7e-m/fpv5/hard\libgcc.a
LOAD c:/program files (x86)/atmel/studio/7.0/toolchain/arm/arm-gnu-toolchain/bin/../lib/gcc/arm-none-eabi/6.3.1/../../../../arm-none-eabi/lib/thumb/v7e-m/fpv5/hard\libc_nano.a
END GROUP
LOAD c:/program files (x86)/atmel/studio/7.0/toolchain/arm/arm-gnu-toolchain/bin/../lib/gcc/arm-none-eabi/6.3.1/thumb/v7e-m/fpv5/hard/crtend.o
LOAD c:/program files (x86)/atmel/studio/7.0/toolchain/arm/arm-gnu-toolchain/bin/../lib/gcc/arm-none-eabi/6.3.1/thumb/v7e-m/fpv5/hard/crtn.o
                0x00000400                STACK_SIZE = DEFINED (STACK_SIZE)?STACK_SIZE:DEFINED (__stack_size__)?__stack_size__:0x400
                0x00000200                HEAP_SIZE = DEFINED (HEAP_SIZE)?HEAP_SIZE:DEFINED (__heap_size__)?__heap_size__:0x200

.text           0x00400000     0x3540
                0x00400000                . = ALIGN (0x4)
                0x00400000                _sfixed = .
 *(.vectors .vectors.*)
 .vectors       0x00400000      0x168 Device_Startup/startup_same70q21b.o
                0x00400000                exception_table
 *(.text .text.* .gnu.linkonce.t.*)
 .text          0x00400168       0x6c c:/program files (x86)/atmel/studio/7.0/toolchain/arm/arm-gnu-toolchain/bin/../lib/gcc/arm-none-eabi/6.3.1/thumb/v7e-m/fpv5/hard/crtbegin.o
 .text.atmel_start_init
                0x004001d4        0xc atmel_start.o
                0x004001d4                atmel_start_init
 .text.crc_32   0x004001e0       0x40 crc32.o
                0x004001e0                crc_32
 .text.init_crc32_tab
                0x00400220       0x3c crc32.o
                0x00400220                init_crc32_tab
 .text.Dummy_Handler
                0x0040025c        0x2 Device_Startup/startup_same70q21b.o
                0x0040025c                DACC_Handler
                0x0040025c                SVCall_Handler
                0x0040025c                UART3_Handler
                0x0040025c                UART2_Handler
                0x0040025c                TRNG_Handler
                0x0040025c                HardFault_Handler
                0x0040025c                TC2_Handler
                0x0040025c                SysTick_Handler
                0x0040025c                AFEC1_Handler
                0x0040025c                PendSV_Handler
                0x0040025c                TC7_Handler
                0x0040025c                QSPI_Handler
                0x0040025c                NonMaskableInt_Handler
                0x0040025c                ISI_Handler
                0x0040025c                MCAN0_INT0_Handler
                0x0040025c                TC9_Handler
                0x0040025c                RSWDT_Handler
                0x0040025c                RTT_Handler
                0x0040025c                USBHS_Handler
                0x0040025c                IXC_Handler
                0x0040025c                CCF_Handler
                0x0040025c                PIOB_Handler
                0x0040025c                RTC_Handler
                0x0040025c                UsageFault_Handler
                0x0040025c                TC6_Handler
                0x0040025c                WDT_Handler
                0x0040025c                MCAN1_INT1_Handler
                0x0040025c                TC4_Handler
                0x0040025c                TC1_Handler
                0x0040025c                HSMCI_Handler
                0x0040025c                UART1_Handler
                0x0040025c                TC3_Handler
                0x0040025c                Dummy_Handler
                0x0040025c                TWIHS1_Handler
                0x0040025c                XDMAC_Handler
                0x0040025c                UART4_Handler
                0x0040025c                PWM1_Handler
                0x0040025c                USART1_Handler
                0x0040025c                PWM0_Handler
                0x0040025c                PIOA_Handler
                0x0040025c                AFEC0_Handler
                0x0040025c                CCW_Handler
                0x0040025c                SSC_Handler
                0x0040025c                TC11_Handler
                0x0040025c                ACC_Handler
                0x0040025c                PMC_Handler
                0x0040025c                GMAC_Handler
                0x0040025c                MCAN0_INT1_Handler
                0x0040025c                GMAC_Q5_Handler
                0x0040025c                SUPC_Handler
                0x0040025c                TC8_Handler
                0x0040025c                MCAN1_INT0_Handler
                0x0040025c                GMAC_Q1_Handler
                0x0040025c                USART2_Handler
                0x0040025c                SDRAMC_Handler
                0x0040025c                GMAC_Q2_Handler
                0x0040025c                PIOE_Handler
                0x0040025c                SPI1_Handler
                0x0040025c                TC10_Handler
                0x0040025c                GMAC_Q3_Handler
                0x0040025c                PIOD_Handler
                0x0040025c                TWIHS2_Handler
                0x0040025c                I2SC0_Handler
                0x0040025c                UART0_Handler
                0x0040025c                I2SC1_Handler
                0x0040025c                PIOC_Handler
                0x0040025c                GMAC_Q4_Handler
                0x0040025c                FPU_Handler
                0x0040025c                BusFault_Handler
                0x0040025c                RSTC_Handler
                0x0040025c                TC0_Handler
                0x0040025c                MemoryManagement_Handler
                0x0040025c                DebugMonitor_Handler
                0x0040025c                TC5_Handler
                0x0040025c                ICM_Handler
                0x0040025c                AES_Handler
                0x0040025c                TWIHS0_Handler
                0x0040025c                SPI0_Handler
 *fill*         0x0040025e        0x2 
 .text.Reset_Handler
                0x00400260       0x84 Device_Startup/startup_same70q21b.o
                0x00400260                Reset_Handler
 .text.FLASH_0_init
                0x004002e4       0x18 driver_init.o
                0x004002e4                FLASH_0_init
 .text.FTDI_UART_CLOCK_init
                0x004002fc       0x18 driver_init.o
                0x004002fc                FTDI_UART_CLOCK_init
 .text.FTDI_UART_PORT_init
                0x00400314       0x30 driver_init.o
                0x00400314                FTDI_UART_PORT_init
 .text.FTDI_UART_init
                0x00400344       0x40 driver_init.o
                0x00400344                FTDI_UART_init
 .text.system_init
                0x00400384       0x80 driver_init.o
                0x00400384                system_init
 .text.atomic_enter_critical
                0x00400404        0xe hal/src/hal_atomic.o
                0x00400404                atomic_enter_critical
 .text.atomic_leave_critical
                0x00400412        0xc hal/src/hal_atomic.o
                0x00400412                atomic_leave_critical
 .text.flash_ready
                0x0040041e        0xa hal/src/hal_flash.o
 .text.flash_error
                0x00400428        0xa hal/src/hal_flash.o
 *fill*         0x00400432        0x2 
 .text.flash_is_address_aligned
                0x00400434       0x38 hal/src/hal_flash.o
 .text.flash_init
                0x0040046c       0x48 hal/src/hal_flash.o
                0x0040046c                flash_init
 .text.flash_write
                0x004004b4       0x94 hal/src/hal_flash.o
                0x004004b4                flash_write
 .text.flash_erase
                0x00400548       0x7c hal/src/hal_flash.o
                0x00400548                flash_erase
 .text.flash_get_page_size
                0x004005c4       0x28 hal/src/hal_flash.o
                0x004005c4                flash_get_page_size
 .text.io_write
                0x004005ec       0x30 hal/src/hal_io.o
                0x004005ec                io_write
 .text.io_read  0x0040061c       0x30 hal/src/hal_io.o
                0x0040061c                io_read
 .text.usart_transmission_complete
                0x0040064c       0x14 hal/src/hal_usart_async.o
 .text.usart_error
                0x00400660       0x14 hal/src/hal_usart_async.o
 .text.usart_fill_rx_buffer
                0x00400674       0x1c hal/src/hal_usart_async.o
 .text.usart_async_write
                0x00400690       0x64 hal/src/hal_usart_async.o
 .text.usart_process_byte_sent
                0x004006f4       0x34 hal/src/hal_usart_async.o
 .text.usart_async_read
                0x00400728       0x8c hal/src/hal_usart_async.o
 .text.usart_async_init
                0x004007b4       0x94 hal/src/hal_usart_async.o
                0x004007b4                usart_async_init
 .text.usart_async_enable
                0x00400848       0x2c hal/src/hal_usart_async.o
                0x00400848                usart_async_enable
 .text.usart_async_get_io_descriptor
                0x00400874       0x28 hal/src/hal_usart_async.o
                0x00400874                usart_async_get_io_descriptor
 .text.usart_async_register_callback
                0x0040089c       0x74 hal/src/hal_usart_async.o
                0x0040089c                usart_async_register_callback
 .text.assert   0x00400910        0x6 hal/utils/src/utils_assert.o
                0x00400910                assert
 *fill*         0x00400916        0x2 
 .text.ringbuffer_init
                0x00400918       0x48 hal/utils/src/utils_ringbuffer.o
                0x00400918                ringbuffer_init
 .text.ringbuffer_get
                0x00400960       0x44 hal/utils/src/utils_ringbuffer.o
                0x00400960                ringbuffer_get
 .text.ringbuffer_put
                0x004009a4       0x40 hal/utils/src/utils_ringbuffer.o
                0x004009a4                ringbuffer_put
 .text.ringbuffer_num
                0x004009e4       0x24 hal/utils/src/utils_ringbuffer.o
                0x004009e4                ringbuffer_num
 .text._sbrk    0x00400a08       0x24 hal/utils/src/utils_syscalls.o
                0x00400a08                _sbrk
 .text._init_chip
                0x00400a2c       0x54 hpl/core/hpl_init.o
                0x00400a2c                _init_chip
 .text._flash_init
                0x00400a80       0x4c hpl/efc/hpl_efc.o
                0x00400a80                _flash_init
 .text._flash_get_page_size
                0x00400acc        0x6 hpl/efc/hpl_efc.o
                0x00400acc                _flash_get_page_size
 .text._flash_get_total_pages
                0x00400ad2        0x6 hpl/efc/hpl_efc.o
                0x00400ad2                _flash_get_total_pages
 .text._flash_read
                0x00400ad8       0x38 hpl/efc/hpl_efc.o
                0x00400ad8                _flash_read
 .text._flash_write
                0x00400b10      0x110 hpl/efc/hpl_efc.o
                0x00400b10                _flash_write
 .text._flash_erase
                0x00400c20      0x118 hpl/efc/hpl_efc.o
                0x00400c20                _flash_erase
 .text._flash_is_locked
                0x00400d38       0x2c hpl/efc/hpl_efc.o
                0x00400d38                _flash_is_locked
 .text.EFC_Handler
                0x00400d64       0x1c hpl/efc/hpl_efc.o
                0x00400d64                EFC_Handler
 .text._pmc_init
                0x00400d80       0x8c hpl/pmc/hpl_pmc.o
                0x00400d80                _pmc_init
 .text._usart_get_hardware_index
                0x00400e0c       0x2c hpl/usart/hpl_usart.o
 .text._get_usart_index
                0x00400e38       0x38 hpl/usart/hpl_usart.o
 .text._usart_init
                0x00400e70       0x68 hpl/usart/hpl_usart.o
 .text._usart_get_irq_num
                0x00400ed8       0x2c hpl/usart/hpl_usart.o
 .text._usart_async_init
                0x00400f04       0xb4 hpl/usart/hpl_usart.o
                0x00400f04                _usart_async_init
 .text._usart_async_enable
                0x00400fb8       0x34 hpl/usart/hpl_usart.o
                0x00400fb8                _usart_async_enable
 .text._usart_async_write_byte
                0x00400fec       0x24 hpl/usart/hpl_usart.o
                0x00400fec                _usart_async_write_byte
 .text._usart_async_enable_byte_sent_irq
                0x00401010       0x24 hpl/usart/hpl_usart.o
                0x00401010                _usart_async_enable_byte_sent_irq
 .text._usart_async_enable_tx_done_irq
                0x00401034       0x28 hpl/usart/hpl_usart.o
                0x00401034                _usart_async_enable_tx_done_irq
 .text._usart_async_set_irq_state
                0x0040105c       0x84 hpl/usart/hpl_usart.o
                0x0040105c                _usart_async_set_irq_state
 .text._usart_get_usart_async
                0x004010e0        0x4 hpl/usart/hpl_usart.o
                0x004010e0                _usart_get_usart_async
 .text.USART0_Handler
                0x004010e4       0xa8 hpl/usart/hpl_usart.o
                0x004010e4                USART0_Handler
 .text.uart_tx_cb
                0x0040118c        0xc main.o
 .text.uart_rx_cb
                0x00401198       0x80 main.o
 .text.calculate_flash_crc
                0x00401218       0x20 main.o
 .text.main     0x00401238      0x304 main.o
                0x00401238                main
 .text.__libc_init_array
                0x0040153c       0x48 c:/program files (x86)/atmel/studio/7.0/toolchain/arm/arm-gnu-toolchain/bin/../lib/gcc/arm-none-eabi/6.3.1/../../../../arm-none-eabi/lib/thumb/v7e-m/fpv5/hard\libc_nano.a(lib_a-init.o)
                0x0040153c                __libc_init_array
 .text.memcpy   0x00401584       0x16 c:/program files (x86)/atmel/studio/7.0/toolchain/arm/arm-gnu-toolchain/bin/../lib/gcc/arm-none-eabi/6.3.1/../../../../arm-none-eabi/lib/thumb/v7e-m/fpv5/hard\libc_nano.a(lib_a-memcpy-stub.o)
                0x00401584                memcpy
 .text.memset   0x0040159a       0x10 c:/program files (x86)/atmel/studio/7.0/toolchain/arm/arm-gnu-toolchain/bin/../lib/gcc/arm-none-eabi/6.3.1/../../../../arm-none-eabi/lib/thumb/v7e-m/fpv5/hard\libc_nano.a(lib_a-memset.o)
                0x0040159a                memset
 .text.__cvt    0x004015aa       0xa6 c:/program files (x86)/atmel/studio/7.0/toolchain/arm/arm-gnu-toolchain/bin/../lib/gcc/arm-none-eabi/6.3.1/../../../../arm-none-eabi/lib/thumb/v7e-m/fpv5/hard\libc_nano.a(lib_a-nano-vfprintf_float.o)
                0x004015aa                __cvt
 .text.__exponent
                0x00401650       0x6a c:/program files (x86)/atmel/studio/7.0/toolchain/arm/arm-gnu-toolchain/bin/../lib/gcc/arm-none-eabi/6.3.1/../../../../arm-none-eabi/lib/thumb/v7e-m/fpv5/hard\libc_nano.a(lib_a-nano-vfprintf_float.o)
                0x00401650                __exponent
 *fill*         0x004016ba        0x6 
 .text._printf_float
                0x004016c0      0x458 c:/program files (x86)/atmel/studio/7.0/toolchain/arm/arm-gnu-toolchain/bin/../lib/gcc/arm-none-eabi/6.3.1/../../../../arm-none-eabi/lib/thumb/v7e-m/fpv5/hard\libc_nano.a(lib_a-nano-vfprintf_float.o)
                0x004016c0                _printf_float
 .text._printf_common
                0x00401b18       0xec c:/program files (x86)/atmel/studio/7.0/toolchain/arm/arm-gnu-toolchain/bin/../lib/gcc/arm-none-eabi/6.3.1/../../../../arm-none-eabi/lib/thumb/v7e-m/fpv5/hard\libc_nano.a(lib_a-nano-vfprintf_i.o)
                0x00401b18                _printf_common
 .text          0x00401c04       0x14 c:/program files (x86)/atmel/studio/7.0/toolchain/arm/arm-gnu-toolchain/bin/../lib/gcc/arm-none-eabi/6.3.1/../../../../arm-none-eabi/lib/thumb/v7e-m/fpv5/hard\libc_nano.a(lib_a-strcmp.o)
                0x00401c04                strcmp
 .text          0x00401c18       0x10 c:/program files (x86)/atmel/studio/7.0/toolchain/arm/arm-gnu-toolchain/bin/../lib/gcc/arm-none-eabi/6.3.1/../../../../arm-none-eabi/lib/thumb/v7e-m/fpv5/hard\libc_nano.a(lib_a-strlen.o)
                0x00401c18                strlen
 .text._strtol_l.isra.0
                0x00401c28      0x100 c:/program files (x86)/atmel/studio/7.0/toolchain/arm/arm-gnu-toolchain/bin/../lib/gcc/arm-none-eabi/6.3.1/../../../../arm-none-eabi/lib/thumb/v7e-m/fpv5/hard\libc_nano.a(lib_a-strtol.o)
 .text.strtol   0x00401d28       0x2c c:/program files (x86)/atmel/studio/7.0/toolchain/arm/arm-gnu-toolchain/bin/../lib/gcc/arm-none-eabi/6.3.1/../../../../arm-none-eabi/lib/thumb/v7e-m/fpv5/hard\libc_nano.a(lib_a-strtol.o)
                0x00401d28                strtol
 .text._strtoul_l.isra.0
                0x00401d54       0xfa c:/program files (x86)/atmel/studio/7.0/toolchain/arm/arm-gnu-toolchain/bin/../lib/gcc/arm-none-eabi/6.3.1/../../../../arm-none-eabi/lib/thumb/v7e-m/fpv5/hard\libc_nano.a(lib_a-strtoul.o)
 *fill*         0x00401e4e        0x2 
 .text.strtoul  0x00401e50       0x2c c:/program files (x86)/atmel/studio/7.0/toolchain/arm/arm-gnu-toolchain/bin/../lib/gcc/arm-none-eabi/6.3.1/../../../../arm-none-eabi/lib/thumb/v7e-m/fpv5/hard\libc_nano.a(lib_a-strtoul.o)
                0x00401e50                strtoul
 .text.quorem   0x00401e7c      0x118 c:/program files (x86)/atmel/studio/7.0/toolchain/arm/arm-gnu-toolchain/bin/../lib/gcc/arm-none-eabi/6.3.1/../../../../arm-none-eabi/lib/thumb/v7e-m/fpv5/hard\libc_nano.a(lib_a-dtoa.o)
 *fill*         0x00401f94        0x4 
 .text._dtoa_r  0x00401f98      0xad8 c:/program files (x86)/atmel/studio/7.0/toolchain/arm/arm-gnu-toolchain/bin/../lib/gcc/arm-none-eabi/6.3.1/../../../../arm-none-eabi/lib/thumb/v7e-m/fpv5/hard\libc_nano.a(lib_a-dtoa.o)
                0x00401f98                _dtoa_r
 .text.__locale_ctype_ptr_l
                0x00402a70        0x6 c:/program files (x86)/atmel/studio/7.0/toolchain/arm/arm-gnu-toolchain/bin/../lib/gcc/arm-none-eabi/6.3.1/../../../../arm-none-eabi/lib/thumb/v7e-m/fpv5/hard\libc_nano.a(lib_a-locale.o)
                0x00402a70                __locale_ctype_ptr_l
 *fill*         0x00402a76        0x2 
 .text._localeconv_r
                0x00402a78       0x1c c:/program files (x86)/atmel/studio/7.0/toolchain/arm/arm-gnu-toolchain/bin/../lib/gcc/arm-none-eabi/6.3.1/../../../../arm-none-eabi/lib/thumb/v7e-m/fpv5/hard\libc_nano.a(lib_a-localeconv.o)
                0x00402a78                _localeconv_r
 .text.malloc   0x00402a94       0x10 c:/program files (x86)/atmel/studio/7.0/toolchain/arm/arm-gnu-toolchain/bin/../lib/gcc/arm-none-eabi/6.3.1/../../../../arm-none-eabi/lib/thumb/v7e-m/fpv5/hard\libc_nano.a(lib_a-malloc.o)
                0x00402a94                malloc
 .text.__ascii_mbtowc
                0x00402aa4       0x24 c:/program files (x86)/atmel/studio/7.0/toolchain/arm/arm-gnu-toolchain/bin/../lib/gcc/arm-none-eabi/6.3.1/../../../../arm-none-eabi/lib/thumb/v7e-m/fpv5/hard\libc_nano.a(lib_a-mbtowc_r.o)
                0x00402aa4                __ascii_mbtowc
 .text._Balloc  0x00402ac8       0x68 c:/program files (x86)/atmel/studio/7.0/toolchain/arm/arm-gnu-toolchain/bin/../lib/gcc/arm-none-eabi/6.3.1/../../../../arm-none-eabi/lib/thumb/v7e-m/fpv5/hard\libc_nano.a(lib_a-mprec.o)
                0x00402ac8                _Balloc
 .text._Bfree   0x00402b30       0x2e c:/program files (x86)/atmel/studio/7.0/toolchain/arm/arm-gnu-toolchain/bin/../lib/gcc/arm-none-eabi/6.3.1/../../../../arm-none-eabi/lib/thumb/v7e-m/fpv5/hard\libc_nano.a(lib_a-mprec.o)
                0x00402b30                _Bfree
 .text.__multadd
                0x00402b5e       0x76 c:/program files (x86)/atmel/studio/7.0/toolchain/arm/arm-gnu-toolchain/bin/../lib/gcc/arm-none-eabi/6.3.1/../../../../arm-none-eabi/lib/thumb/v7e-m/fpv5/hard\libc_nano.a(lib_a-mprec.o)
                0x00402b5e                __multadd
 .text.__hi0bits
                0x00402bd4       0x3e c:/program files (x86)/atmel/studio/7.0/toolchain/arm/arm-gnu-toolchain/bin/../lib/gcc/arm-none-eabi/6.3.1/../../../../arm-none-eabi/lib/thumb/v7e-m/fpv5/hard\libc_nano.a(lib_a-mprec.o)
                0x00402bd4                __hi0bits
 .text.__lo0bits
                0x00402c12       0x5e c:/program files (x86)/atmel/studio/7.0/toolchain/arm/arm-gnu-toolchain/bin/../lib/gcc/arm-none-eabi/6.3.1/../../../../arm-none-eabi/lib/thumb/v7e-m/fpv5/hard\libc_nano.a(lib_a-mprec.o)
                0x00402c12                __lo0bits
 .text.__i2b    0x00402c70       0x12 c:/program files (x86)/atmel/studio/7.0/toolchain/arm/arm-gnu-toolchain/bin/../lib/gcc/arm-none-eabi/6.3.1/../../../../arm-none-eabi/lib/thumb/v7e-m/fpv5/hard\libc_nano.a(lib_a-mprec.o)
                0x00402c70                __i2b
 .text.__multiply
                0x00402c82      0x11a c:/program files (x86)/atmel/studio/7.0/toolchain/arm/arm-gnu-toolchain/bin/../lib/gcc/arm-none-eabi/6.3.1/../../../../arm-none-eabi/lib/thumb/v7e-m/fpv5/hard\libc_nano.a(lib_a-mprec.o)
                0x00402c82                __multiply
 .text.__pow5mult
                0x00402d9c       0x9c c:/program files (x86)/atmel/studio/7.0/toolchain/arm/arm-gnu-toolchain/bin/../lib/gcc/arm-none-eabi/6.3.1/../../../../arm-none-eabi/lib/thumb/v7e-m/fpv5/hard\libc_nano.a(lib_a-mprec.o)
                0x00402d9c                __pow5mult
 .text.__lshift
                0x00402e38       0xa2 c:/program files (x86)/atmel/studio/7.0/toolchain/arm/arm-gnu-toolchain/bin/../lib/gcc/arm-none-eabi/6.3.1/../../../../arm-none-eabi/lib/thumb/v7e-m/fpv5/hard\libc_nano.a(lib_a-mprec.o)
                0x00402e38                __lshift
 .text.__mcmp   0x00402eda       0x34 c:/program files (x86)/atmel/studio/7.0/toolchain/arm/arm-gnu-toolchain/bin/../lib/gcc/arm-none-eabi/6.3.1/../../../../arm-none-eabi/lib/thumb/v7e-m/fpv5/hard\libc_nano.a(lib_a-mprec.o)
                0x00402eda                __mcmp
 .text.__mdiff  0x00402f0e       0xbc c:/program files (x86)/atmel/studio/7.0/toolchain/arm/arm-gnu-toolchain/bin/../lib/gcc/arm-none-eabi/6.3.1/../../../../arm-none-eabi/lib/thumb/v7e-m/fpv5/hard\libc_nano.a(lib_a-mprec.o)
                0x00402f0e                __mdiff
 .text.__d2b    0x00402fca       0x9e c:/program files (x86)/atmel/studio/7.0/toolchain/arm/arm-gnu-toolchain/bin/../lib/gcc/arm-none-eabi/6.3.1/../../../../arm-none-eabi/lib/thumb/v7e-m/fpv5/hard\libc_nano.a(lib_a-mprec.o)
                0x00402fca                __d2b
 .text._calloc_r
                0x00403068       0x1c c:/program files (x86)/atmel/studio/7.0/toolchain/arm/arm-gnu-toolchain/bin/../lib/gcc/arm-none-eabi/6.3.1/../../../../arm-none-eabi/lib/thumb/v7e-m/fpv5/hard\libc_nano.a(lib_a-nano-callocr.o)
                0x00403068                _calloc_r
 .text._malloc_r
                0x00403084       0xbc c:/program files (x86)/atmel/studio/7.0/toolchain/arm/arm-gnu-toolchain/bin/../lib/gcc/arm-none-eabi/6.3.1/../../../../arm-none-eabi/lib/thumb/v7e-m/fpv5/hard\libc_nano.a(lib_a-nano-mallocr.o)
                0x00403084                _malloc_r
 .text._sbrk_r  0x00403140       0x20 c:/program files (x86)/atmel/studio/7.0/toolchain/arm/arm-gnu-toolchain/bin/../lib/gcc/arm-none-eabi/6.3.1/../../../../arm-none-eabi/lib/thumb/v7e-m/fpv5/hard\libc_nano.a(lib_a-sbrkr.o)
                0x00403140                _sbrk_r
 .text.__ascii_wctomb
                0x00403160       0x1a c:/program files (x86)/atmel/studio/7.0/toolchain/arm/arm-gnu-toolchain/bin/../lib/gcc/arm-none-eabi/6.3.1/../../../../arm-none-eabi/lib/thumb/v7e-m/fpv5/hard\libc_nano.a(lib_a-wctomb_r.o)
                0x00403160                __ascii_wctomb
 .text.__malloc_lock
                0x0040317a        0x2 c:/program files (x86)/atmel/studio/7.0/toolchain/arm/arm-gnu-toolchain/bin/../lib/gcc/arm-none-eabi/6.3.1/../../../../arm-none-eabi/lib/thumb/v7e-m/fpv5/hard\libc_nano.a(lib_a-mlock.o)
                0x0040317a                __malloc_lock
 .text.__malloc_unlock
                0x0040317c        0x2 c:/program files (x86)/atmel/studio/7.0/toolchain/arm/arm-gnu-toolchain/bin/../lib/gcc/arm-none-eabi/6.3.1/../../../../arm-none-eabi/lib/thumb/v7e-m/fpv5/hard\libc_nano.a(lib_a-mlock.o)
                0x0040317c                __malloc_unlock
 *(.glue_7t)
 .glue_7t       0x0040317e        0x0 linker stubs
 *(.glue_7)
 .glue_7        0x0040317e        0x0 linker stubs
 *(.rodata .rodata* .gnu.linkonce.r.*)
 *fill*         0x0040317e        0x2 
 .rodata.str1.4
                0x00403180       0x17 hal/src/hal_flash.o
 *fill*         0x00403197        0x1 
 .rodata.str1.4
                0x00403198       0x14 hal/src/hal_io.o
 .rodata.str1.4
                0x004031ac       0x1d hal/src/hal_usart_async.o
 *fill*         0x004031c9        0x3 
 .rodata.str1.4
                0x004031cc       0x24 hal/utils/src/utils_ringbuffer.o
 .rodata.str1.4
                0x004031f0       0x15 hpl/efc/hpl_efc.o
 *fill*         0x00403205        0x3 
 .rodata        0x00403208        0xc hpl/usart/hpl_usart.o
 .rodata.str1.4
                0x00403214       0x19 hpl/usart/hpl_usart.o
 *fill*         0x0040322d        0x3 
 .rodata.str1.4
                0x00403230       0x60 main.o
                                 0x5e (size before relaxing)
 .rodata._printf_float.str1.1
                0x00403290       0x12 c:/program files (x86)/atmel/studio/7.0/toolchain/arm/arm-gnu-toolchain/bin/../lib/gcc/arm-none-eabi/6.3.1/../../../../arm-none-eabi/lib/thumb/v7e-m/fpv5/hard\libc_nano.a(lib_a-nano-vfprintf_float.o)
 .rodata._dtoa_r.str1.1
                0x004032a2        0xd c:/program files (x86)/atmel/studio/7.0/toolchain/arm/arm-gnu-toolchain/bin/../lib/gcc/arm-none-eabi/6.3.1/../../../../arm-none-eabi/lib/thumb/v7e-m/fpv5/hard\libc_nano.a(lib_a-dtoa.o)
                                  0xf (size before relaxing)
 *fill*         0x004032af        0x1 
 .rodata.__sf_fake_stderr
                0x004032b0       0x20 c:/program files (x86)/atmel/studio/7.0/toolchain/arm/arm-gnu-toolchain/bin/../lib/gcc/arm-none-eabi/6.3.1/../../../../arm-none-eabi/lib/thumb/v7e-m/fpv5/hard\libc_nano.a(lib_a-findfp.o)
                0x004032b0                __sf_fake_stderr
 .rodata.__sf_fake_stdin
                0x004032d0       0x20 c:/program files (x86)/atmel/studio/7.0/toolchain/arm/arm-gnu-toolchain/bin/../lib/gcc/arm-none-eabi/6.3.1/../../../../arm-none-eabi/lib/thumb/v7e-m/fpv5/hard\libc_nano.a(lib_a-findfp.o)
                0x004032d0                __sf_fake_stdin
 .rodata.__sf_fake_stdout
                0x004032f0       0x20 c:/program files (x86)/atmel/studio/7.0/toolchain/arm/arm-gnu-toolchain/bin/../lib/gcc/arm-none-eabi/6.3.1/../../../../arm-none-eabi/lib/thumb/v7e-m/fpv5/hard\libc_nano.a(lib_a-findfp.o)
                0x004032f0                __sf_fake_stdout
 .rodata._setlocale_r.str1.1
                0x00403310        0x8 c:/program files (x86)/atmel/studio/7.0/toolchain/arm/arm-gnu-toolchain/bin/../lib/gcc/arm-none-eabi/6.3.1/../../../../arm-none-eabi/lib/thumb/v7e-m/fpv5/hard\libc_nano.a(lib_a-locale.o)
                                  0x9 (size before relaxing)
 .rodata.str1.1
                0x00403318        0x2 c:/program files (x86)/atmel/studio/7.0/toolchain/arm/arm-gnu-toolchain/bin/../lib/gcc/arm-none-eabi/6.3.1/../../../../arm-none-eabi/lib/thumb/v7e-m/fpv5/hard\libc_nano.a(lib_a-locale.o)
 *fill*         0x0040331a        0x6 
 .rodata.__mprec_bigtens
                0x00403320       0x28 c:/program files (x86)/atmel/studio/7.0/toolchain/arm/arm-gnu-toolchain/bin/../lib/gcc/arm-none-eabi/6.3.1/../../../../arm-none-eabi/lib/thumb/v7e-m/fpv5/hard\libc_nano.a(lib_a-mprec.o)
                0x00403320                __mprec_bigtens
 .rodata.__mprec_tens
                0x00403348       0xc8 c:/program files (x86)/atmel/studio/7.0/toolchain/arm/arm-gnu-toolchain/bin/../lib/gcc/arm-none-eabi/6.3.1/../../../../arm-none-eabi/lib/thumb/v7e-m/fpv5/hard\libc_nano.a(lib_a-mprec.o)
                0x00403348                __mprec_tens
 .rodata.p05.7170
                0x00403410        0xc c:/program files (x86)/atmel/studio/7.0/toolchain/arm/arm-gnu-toolchain/bin/../lib/gcc/arm-none-eabi/6.3.1/../../../../arm-none-eabi/lib/thumb/v7e-m/fpv5/hard\libc_nano.a(lib_a-mprec.o)
 .rodata._ctype_
                0x0040341c      0x101 c:/program files (x86)/atmel/studio/7.0/toolchain/arm/arm-gnu-toolchain/bin/../lib/gcc/arm-none-eabi/6.3.1/../../../../arm-none-eabi/lib/thumb/v7e-m/fpv5/hard\libc_nano.a(lib_a-ctype_.o)
                0x0040341c                _ctype_
 *(.ARM.extab* .gnu.linkonce.armextab.*)
                0x00403520                . = ALIGN (0x4)
 *fill*         0x0040351d        0x3 
 *(.init)
 .init          0x00403520        0x4 c:/program files (x86)/atmel/studio/7.0/toolchain/arm/arm-gnu-toolchain/bin/../lib/gcc/arm-none-eabi/6.3.1/thumb/v7e-m/fpv5/hard/crti.o
                0x00403520                _init
 .init          0x00403524        0x8 c:/program files (x86)/atmel/studio/7.0/toolchain/arm/arm-gnu-toolchain/bin/../lib/gcc/arm-none-eabi/6.3.1/thumb/v7e-m/fpv5/hard/crtn.o
                0x0040352c                . = ALIGN (0x4)
                0x0040352c                __preinit_array_start = .
 *(.preinit_array)
                0x0040352c                __preinit_array_end = .
                0x0040352c                . = ALIGN (0x4)
                0x0040352c                __init_array_start = .
 *(SORT(.init_array.*))
 *(.init_array)
 .init_array    0x0040352c        0x4 c:/program files (x86)/atmel/studio/7.0/toolchain/arm/arm-gnu-toolchain/bin/../lib/gcc/arm-none-eabi/6.3.1/thumb/v7e-m/fpv5/hard/crtbegin.o
                0x00403530                __init_array_end = .
                0x00403530                . = ALIGN (0x4)
 *crtbegin.o(.ctors)
 *(EXCLUDE_FILE(*crtend.o) .ctors)
 *(SORT(.ctors.*))
 *crtend.o(.ctors)
                0x00403530                . = ALIGN (0x4)
 *(.fini)
 .fini          0x00403530        0x4 c:/program files (x86)/atmel/studio/7.0/toolchain/arm/arm-gnu-toolchain/bin/../lib/gcc/arm-none-eabi/6.3.1/thumb/v7e-m/fpv5/hard/crti.o
                0x00403530                _fini
 .fini          0x00403534        0x8 c:/program files (x86)/atmel/studio/7.0/toolchain/arm/arm-gnu-toolchain/bin/../lib/gcc/arm-none-eabi/6.3.1/thumb/v7e-m/fpv5/hard/crtn.o
                0x0040353c                . = ALIGN (0x4)
                0x0040353c                __fini_array_start = .
 *(.fini_array)
 .fini_array    0x0040353c        0x4 c:/program files (x86)/atmel/studio/7.0/toolchain/arm/arm-gnu-toolchain/bin/../lib/gcc/arm-none-eabi/6.3.1/thumb/v7e-m/fpv5/hard/crtbegin.o
 *(SORT(.fini_array.*))
                0x00403540                __fini_array_end = .
 *crtbegin.o(.dtors)
 *(EXCLUDE_FILE(*crtend.o) .dtors)
 *(SORT(.dtors.*))
 *crtend.o(.dtors)
                0x00403540                . = ALIGN (0x4)
                0x00403540                _efixed = .
                [!provide]                PROVIDE (__exidx_start, .)

.vfp11_veneer   0x00403540        0x0
 .vfp11_veneer  0x00403540        0x0 linker stubs

.v4_bx          0x00403540        0x0
 .v4_bx         0x00403540        0x0 linker stubs

.iplt           0x00403540        0x0
 .iplt          0x00403540        0x0 c:/program files (x86)/atmel/studio/7.0/toolchain/arm/arm-gnu-toolchain/bin/../lib/gcc/arm-none-eabi/6.3.1/thumb/v7e-m/fpv5/hard/crtbegin.o

.eh_frame       0x00403540        0x0
 .eh_frame      0x00403540        0x0 c:/program files (x86)/atmel/studio/7.0/toolchain/arm/arm-gnu-toolchain/bin/../lib/gcc/arm-none-eabi/6.3.1/thumb/v7e-m/fpv5/hard/crtbegin.o

.rel.dyn        0x00403540        0x0
 .rel.iplt      0x00403540        0x0 c:/program files (x86)/atmel/studio/7.0/toolchain/arm/arm-gnu-toolchain/bin/../lib/gcc/arm-none-eabi/6.3.1/thumb/v7e-m/fpv5/hard/crtbegin.o

.jcr            0x00403540        0x0
 .jcr           0x00403540        0x0 c:/program files (x86)/atmel/studio/7.0/toolchain/arm/arm-gnu-toolchain/bin/../lib/gcc/arm-none-eabi/6.3.1/thumb/v7e-m/fpv5/hard/crtbegin.o

.igot.plt       0x00403540        0x0
 .igot.plt      0x00403540        0x0 c:/program files (x86)/atmel/studio/7.0/toolchain/arm/arm-gnu-toolchain/bin/../lib/gcc/arm-none-eabi/6.3.1/thumb/v7e-m/fpv5/hard/crtbegin.o

.ARM.exidx
 *(.ARM.exidx* .gnu.linkonce.armexidx.*)
                [!provide]                PROVIDE (__exidx_end, .)
                0x00403540                . = ALIGN (0x4)
                0x00403540                _etext = .

.relocate       0x20400000      0x258 load address 0x00403540
                0x20400000                . = ALIGN (0x4)
                0x20400000                _srelocate = .
 *(.ramfunc .ramfunc.*)
 .ramfunc       0x20400000       0x68 hpl/efc/hpl_efc.o
 *(.data .data.*)
 .data          0x20400068       0x20 main.o
                0x20400068                ping_str
                0x2040006c                erase_str
                0x20400070                write_str
                0x20400074                check_str
                0x20400078                ping_respn
                0x2040007c                erase_done
                0x20400080                write_done
                0x20400084                check_done
 .data._impure_ptr
                0x20400088        0x4 c:/program files (x86)/atmel/studio/7.0/toolchain/arm/arm-gnu-toolchain/bin/../lib/gcc/arm-none-eabi/6.3.1/../../../../arm-none-eabi/lib/thumb/v7e-m/fpv5/hard\libc_nano.a(lib_a-impure.o)
                0x20400088                _impure_ptr
 .data.impure_data
                0x2040008c       0x60 c:/program files (x86)/atmel/studio/7.0/toolchain/arm/arm-gnu-toolchain/bin/../lib/gcc/arm-none-eabi/6.3.1/../../../../arm-none-eabi/lib/thumb/v7e-m/fpv5/hard\libc_nano.a(lib_a-impure.o)
 .data.__global_locale
                0x204000ec      0x16c c:/program files (x86)/atmel/studio/7.0/toolchain/arm/arm-gnu-toolchain/bin/../lib/gcc/arm-none-eabi/6.3.1/../../../../arm-none-eabi/lib/thumb/v7e-m/fpv5/hard\libc_nano.a(lib_a-locale.o)
                0x204000ec                __global_locale
                0x20400258                . = ALIGN (0x4)
                0x20400258                _erelocate = .

.bss            0x20400258     0x2af0 load address 0x00403798
                0x20400258                . = ALIGN (0x4)
                0x20400258                _sbss = .
                0x20400258                _szero = .
 *(.bss .bss.*)
 .bss           0x20400258       0x1c c:/program files (x86)/atmel/studio/7.0/toolchain/arm/arm-gnu-toolchain/bin/../lib/gcc/arm-none-eabi/6.3.1/thumb/v7e-m/fpv5/hard/crtbegin.o
 .bss           0x20400274      0x400 crc32.o
 .bss           0x20400674       0x10 driver_init.o
 .bss           0x20400684        0x4 hal/utils/src/utils_syscalls.o
 .bss           0x20400688     0x2004 hpl/efc/hpl_efc.o
 .bss           0x2040268c        0x4 hpl/usart/hpl_usart.o
 .bss           0x20402690        0xd main.o
                0x20402690                tx_busy
                0x20402691                process_rx
                0x20402694                rx_idx
                0x20402698                page_size
                0x2040269c                rx_cmd
 *fill*         0x2040269d        0x3 
 .bss.__malloc_free_list
                0x204026a0        0x4 c:/program files (x86)/atmel/studio/7.0/toolchain/arm/arm-gnu-toolchain/bin/../lib/gcc/arm-none-eabi/6.3.1/../../../../arm-none-eabi/lib/thumb/v7e-m/fpv5/hard\libc_nano.a(lib_a-nano-mallocr.o)
                0x204026a0                __malloc_free_list
 .bss.__malloc_sbrk_start
                0x204026a4        0x4 c:/program files (x86)/atmel/studio/7.0/toolchain/arm/arm-gnu-toolchain/bin/../lib/gcc/arm-none-eabi/6.3.1/../../../../arm-none-eabi/lib/thumb/v7e-m/fpv5/hard\libc_nano.a(lib_a-nano-mallocr.o)
                0x204026a4                __malloc_sbrk_start
 *(COMMON)
 COMMON         0x204026a8       0x6c driver_init.o
                0x204026a8                FTDI_UART
                0x204026f8                FLASH_0
 COMMON         0x20402714      0x62d main.o
                0x20402714                program_array
                0x20402914                ftdi_io
                0x20402918                cmd_string_comp
                0x20402920                string_checksum
                0x2040292c                string_byte
                0x20402930                rx_buf
                0x20402d3c                string_page_num
 *fill*         0x20402d41        0x3 
 COMMON         0x20402d44        0x4 c:/program files (x86)/atmel/studio/7.0/toolchain/arm/arm-gnu-toolchain/bin/../lib/gcc/arm-none-eabi/6.3.1/../../../../arm-none-eabi/lib/thumb/v7e-m/fpv5/hard\libc_nano.a(lib_a-reent.o)
                0x20402d44                errno
                0x20402d48                . = ALIGN (0x4)
                0x20402d48                _ebss = .
                0x20402d48                _ezero = .

.heap           0x20402d48      0x200 load address 0x00406288
                0x20402d48                . = ALIGN (0x8)
                0x20402d48                _sheap = .
                0x20402f48                . = (. + HEAP_SIZE)
 *fill*         0x20402d48      0x200 
                0x20402f48                . = ALIGN (0x8)
                0x20402f48                _eheap = .

.stack          0x20402f48      0x400 load address 0x00406488
                0x20402f48                . = ALIGN (0x8)
                0x20402f48                _sstack = .
                0x20403348                . = (. + STACK_SIZE)
 *fill*         0x20402f48      0x400 
                0x20403348                . = ALIGN (0x8)
                0x20403348                _estack = .
                0x20403348                . = ALIGN (0x4)
                0x20403348                _end = .
                0x2045ffff                _ram_end_ = ((ORIGIN (ram) + LENGTH (ram)) - 0x1)
OUTPUT(Gryphon System Bootloader FW.elf elf32-littlearm)

.ARM.attributes
                0x00000000       0x30
 .ARM.attributes
                0x00000000       0x20 c:/program files (x86)/atmel/studio/7.0/toolchain/arm/arm-gnu-toolchain/bin/../lib/gcc/arm-none-eabi/6.3.1/thumb/v7e-m/fpv5/hard/crti.o
 .ARM.attributes
                0x00000020       0x32 c:/program files (x86)/atmel/studio/7.0/toolchain/arm/arm-gnu-toolchain/bin/../lib/gcc/arm-none-eabi/6.3.1/thumb/v7e-m/fpv5/hard/crtbegin.o
 .ARM.attributes
                0x00000052       0x39 atmel_start.o
 .ARM.attributes
                0x0000008b       0x39 crc32.o
 .ARM.attributes
                0x000000c4       0x39 Device_Startup/startup_same70q21b.o
 .ARM.attributes
                0x000000fd       0x39 driver_init.o
 .ARM.attributes
                0x00000136       0x39 hal/src/hal_atomic.o
 .ARM.attributes
                0x0000016f       0x39 hal/src/hal_flash.o
 .ARM.attributes
                0x000001a8       0x39 hal/src/hal_io.o
 .ARM.attributes
                0x000001e1       0x39 hal/src/hal_usart_async.o
 .ARM.attributes
                0x0000021a       0x39 hal/utils/src/utils_assert.o
 .ARM.attributes
                0x00000253       0x39 hal/utils/src/utils_ringbuffer.o
 .ARM.attributes
                0x0000028c       0x39 hal/utils/src/utils_syscalls.o
 .ARM.attributes
                0x000002c5       0x39 hpl/core/hpl_init.o
 .ARM.attributes
                0x000002fe       0x39 hpl/efc/hpl_efc.o
 .ARM.attributes
                0x00000337       0x39 hpl/pmc/hpl_pmc.o
 .ARM.attributes
                0x00000370       0x39 hpl/usart/hpl_usart.o
 .ARM.attributes
                0x000003a9       0x39 main.o
 .ARM.attributes
                0x000003e2       0x32 c:/program files (x86)/atmel/studio/7.0/toolchain/arm/arm-gnu-toolchain/bin/../lib/gcc/arm-none-eabi/6.3.1/../../../../arm-none-eabi/lib/thumb/v7e-m/fpv5/hard\libc_nano.a(lib_a-impure.o)
 .ARM.attributes
                0x00000414       0x32 c:/program files (x86)/atmel/studio/7.0/toolchain/arm/arm-gnu-toolchain/bin/../lib/gcc/arm-none-eabi/6.3.1/../../../../arm-none-eabi/lib/thumb/v7e-m/fpv5/hard\libc_nano.a(lib_a-init.o)
 .ARM.attributes
                0x00000446       0x32 c:/program files (x86)/atmel/studio/7.0/toolchain/arm/arm-gnu-toolchain/bin/../lib/gcc/arm-none-eabi/6.3.1/../../../../arm-none-eabi/lib/thumb/v7e-m/fpv5/hard\libc_nano.a(lib_a-memcpy-stub.o)
 .ARM.attributes
                0x00000478       0x32 c:/program files (x86)/atmel/studio/7.0/toolchain/arm/arm-gnu-toolchain/bin/../lib/gcc/arm-none-eabi/6.3.1/../../../../arm-none-eabi/lib/thumb/v7e-m/fpv5/hard\libc_nano.a(lib_a-memset.o)
 .ARM.attributes
                0x000004aa       0x32 c:/program files (x86)/atmel/studio/7.0/toolchain/arm/arm-gnu-toolchain/bin/../lib/gcc/arm-none-eabi/6.3.1/../../../../arm-none-eabi/lib/thumb/v7e-m/fpv5/hard\libc_nano.a(lib_a-nano-vfprintf_float.o)
 .ARM.attributes
                0x000004dc       0x32 c:/program files (x86)/atmel/studio/7.0/toolchain/arm/arm-gnu-toolchain/bin/../lib/gcc/arm-none-eabi/6.3.1/../../../../arm-none-eabi/lib/thumb/v7e-m/fpv5/hard\libc_nano.a(lib_a-nano-vfprintf_i.o)
 .ARM.attributes
                0x0000050e       0x1e c:/program files (x86)/atmel/studio/7.0/toolchain/arm/arm-gnu-toolchain/bin/../lib/gcc/arm-none-eabi/6.3.1/../../../../arm-none-eabi/lib/thumb/v7e-m/fpv5/hard\libc_nano.a(lib_a-strcmp.o)
 .ARM.attributes
                0x0000052c       0x19 c:/program files (x86)/atmel/studio/7.0/toolchain/arm/arm-gnu-toolchain/bin/../lib/gcc/arm-none-eabi/6.3.1/../../../../arm-none-eabi/lib/thumb/v7e-m/fpv5/hard\libc_nano.a(lib_a-strlen.o)
 .ARM.attributes
                0x00000545       0x32 c:/program files (x86)/atmel/studio/7.0/toolchain/arm/arm-gnu-toolchain/bin/../lib/gcc/arm-none-eabi/6.3.1/../../../../arm-none-eabi/lib/thumb/v7e-m/fpv5/hard\libc_nano.a(lib_a-strtol.o)
 .ARM.attributes
                0x00000577       0x32 c:/program files (x86)/atmel/studio/7.0/toolchain/arm/arm-gnu-toolchain/bin/../lib/gcc/arm-none-eabi/6.3.1/../../../../arm-none-eabi/lib/thumb/v7e-m/fpv5/hard\libc_nano.a(lib_a-strtoul.o)
 .ARM.attributes
                0x000005a9       0x32 c:/program files (x86)/atmel/studio/7.0/toolchain/arm/arm-gnu-toolchain/bin/../lib/gcc/arm-none-eabi/6.3.1/../../../../arm-none-eabi/lib/thumb/v7e-m/fpv5/hard\libc_nano.a(lib_a-dtoa.o)
 .ARM.attributes
                0x000005db       0x32 c:/program files (x86)/atmel/studio/7.0/toolchain/arm/arm-gnu-toolchain/bin/../lib/gcc/arm-none-eabi/6.3.1/../../../../arm-none-eabi/lib/thumb/v7e-m/fpv5/hard\libc_nano.a(lib_a-findfp.o)
 .ARM.attributes
                0x0000060d       0x32 c:/program files (x86)/atmel/studio/7.0/toolchain/arm/arm-gnu-toolchain/bin/../lib/gcc/arm-none-eabi/6.3.1/../../../../arm-none-eabi/lib/thumb/v7e-m/fpv5/hard\libc_nano.a(lib_a-locale.o)
 .ARM.attributes
                0x0000063f       0x32 c:/program files (x86)/atmel/studio/7.0/toolchain/arm/arm-gnu-toolchain/bin/../lib/gcc/arm-none-eabi/6.3.1/../../../../arm-none-eabi/lib/thumb/v7e-m/fpv5/hard\libc_nano.a(lib_a-localeconv.o)
 .ARM.attributes
                0x00000671       0x32 c:/program files (x86)/atmel/studio/7.0/toolchain/arm/arm-gnu-toolchain/bin/../lib/gcc/arm-none-eabi/6.3.1/../../../../arm-none-eabi/lib/thumb/v7e-m/fpv5/hard\libc_nano.a(lib_a-malloc.o)
 .ARM.attributes
                0x000006a3       0x32 c:/program files (x86)/atmel/studio/7.0/toolchain/arm/arm-gnu-toolchain/bin/../lib/gcc/arm-none-eabi/6.3.1/../../../../arm-none-eabi/lib/thumb/v7e-m/fpv5/hard\libc_nano.a(lib_a-mbtowc_r.o)
 .ARM.attributes
                0x000006d5       0x32 c:/program files (x86)/atmel/studio/7.0/toolchain/arm/arm-gnu-toolchain/bin/../lib/gcc/arm-none-eabi/6.3.1/../../../../arm-none-eabi/lib/thumb/v7e-m/fpv5/hard\libc_nano.a(lib_a-mprec.o)
 .ARM.attributes
                0x00000707       0x32 c:/program files (x86)/atmel/studio/7.0/toolchain/arm/arm-gnu-toolchain/bin/../lib/gcc/arm-none-eabi/6.3.1/../../../../arm-none-eabi/lib/thumb/v7e-m/fpv5/hard\libc_nano.a(lib_a-nano-callocr.o)
 .ARM.attributes
                0x00000739       0x32 c:/program files (x86)/atmel/studio/7.0/toolchain/arm/arm-gnu-toolchain/bin/../lib/gcc/arm-none-eabi/6.3.1/../../../../arm-none-eabi/lib/thumb/v7e-m/fpv5/hard\libc_nano.a(lib_a-nano-mallocr.o)
 .ARM.attributes
                0x0000076b       0x32 c:/program files (x86)/atmel/studio/7.0/toolchain/arm/arm-gnu-toolchain/bin/../lib/gcc/arm-none-eabi/6.3.1/../../../../arm-none-eabi/lib/thumb/v7e-m/fpv5/hard\libc_nano.a(lib_a-sbrkr.o)
 .ARM.attributes
                0x0000079d       0x32 c:/program files (x86)/atmel/studio/7.0/toolchain/arm/arm-gnu-toolchain/bin/../lib/gcc/arm-none-eabi/6.3.1/../../../../arm-none-eabi/lib/thumb/v7e-m/fpv5/hard\libc_nano.a(lib_a-wctomb_r.o)
 .ARM.attributes
                0x000007cf       0x32 c:/program files (x86)/atmel/studio/7.0/toolchain/arm/arm-gnu-toolchain/bin/../lib/gcc/arm-none-eabi/6.3.1/../../../../arm-none-eabi/lib/thumb/v7e-m/fpv5/hard\libc_nano.a(lib_a-ctype_.o)
 .ARM.attributes
                0x00000801       0x32 c:/program files (x86)/atmel/studio/7.0/toolchain/arm/arm-gnu-toolchain/bin/../lib/gcc/arm-none-eabi/6.3.1/../../../../arm-none-eabi/lib/thumb/v7e-m/fpv5/hard\libc_nano.a(lib_a-mlock.o)
 .ARM.attributes
                0x00000833       0x32 c:/program files (x86)/atmel/studio/7.0/toolchain/arm/arm-gnu-toolchain/bin/../lib/gcc/arm-none-eabi/6.3.1/../../../../arm-none-eabi/lib/thumb/v7e-m/fpv5/hard\libc_nano.a(lib_a-reent.o)
 .ARM.attributes
                0x00000865       0x20 c:/program files (x86)/atmel/studio/7.0/toolchain/arm/arm-gnu-toolchain/bin/../lib/gcc/arm-none-eabi/6.3.1/thumb/v7e-m/fpv5/hard/crtn.o

.comment        0x00000000       0x59
 .comment       0x00000000       0x59 atmel_start.o
                                 0x5a (size before relaxing)
 .comment       0x00000059       0x5a crc32.o
 .comment       0x00000059       0x5a Device_Startup/startup_same70q21b.o
 .comment       0x00000059       0x5a driver_init.o
 .comment       0x00000059       0x5a hal/src/hal_atomic.o
 .comment       0x00000059       0x5a hal/src/hal_flash.o
 .comment       0x00000059       0x5a hal/src/hal_io.o
 .comment       0x00000059       0x5a hal/src/hal_usart_async.o
 .comment       0x00000059       0x5a hal/utils/src/utils_assert.o
 .comment       0x00000059       0x5a hal/utils/src/utils_ringbuffer.o
 .comment       0x00000059       0x5a hal/utils/src/utils_syscalls.o
 .comment       0x00000059       0x5a hpl/core/hpl_init.o
 .comment       0x00000059       0x5a hpl/efc/hpl_efc.o
 .comment       0x00000059       0x5a hpl/pmc/hpl_pmc.o
 .comment       0x00000059       0x5a hpl/usart/hpl_usart.o
 .comment       0x00000059       0x5a main.o

.debug_info     0x00000000     0xf41f
 .debug_info    0x00000000      0x4e4 atmel_start.o
 .debug_info    0x000004e4      0xaf9 crc32.o
 .debug_info    0x00000fdd      0xb33 Device_Startup/startup_same70q21b.o
 .debug_info    0x00001b10     0x241a driver_init.o
 .debug_info    0x00003f2a      0x1fa hal/src/hal_atomic.o
 .debug_info    0x00004124      0xd6a hal/src/hal_flash.o
 .debug_info    0x00004e8e      0x311 hal/src/hal_io.o
 .debug_info    0x0000519f     0x138e hal/src/hal_usart_async.o
 .debug_info    0x0000652d      0x130 hal/utils/src/utils_assert.o
 .debug_info    0x0000665d      0x342 hal/utils/src/utils_ringbuffer.o
 .debug_info    0x0000699f      0xdca hal/utils/src/utils_syscalls.o
 .debug_info    0x00007769      0x6be hpl/core/hpl_init.o
 .debug_info    0x00007e27     0x1d7c hpl/efc/hpl_efc.o
 .debug_info    0x00009ba3      0x89b hpl/pmc/hpl_pmc.o
 .debug_info    0x0000a43e     0x35e1 hpl/usart/hpl_usart.o
 .debug_info    0x0000da1f     0x1a00 main.o

.debug_abbrev   0x00000000     0x241c
 .debug_abbrev  0x00000000       0xfb atmel_start.o
 .debug_abbrev  0x000000fb      0x213 crc32.o
 .debug_abbrev  0x0000030e      0x153 Device_Startup/startup_same70q21b.o
 .debug_abbrev  0x00000461      0x302 driver_init.o
 .debug_abbrev  0x00000763      0x155 hal/src/hal_atomic.o
 .debug_abbrev  0x000008b8      0x1d4 hal/src/hal_flash.o
 .debug_abbrev  0x00000a8c      0x12d hal/src/hal_io.o
 .debug_abbrev  0x00000bb9      0x2aa hal/src/hal_usart_async.o
 .debug_abbrev  0x00000e63       0x9e hal/utils/src/utils_assert.o
 .debug_abbrev  0x00000f01      0x10c hal/utils/src/utils_ringbuffer.o
 .debug_abbrev  0x0000100d      0x269 hal/utils/src/utils_syscalls.o
 .debug_abbrev  0x00001276      0x1e7 hpl/core/hpl_init.o
 .debug_abbrev  0x0000145d      0x51f hpl/efc/hpl_efc.o
 .debug_abbrev  0x0000197c      0x1d2 hpl/pmc/hpl_pmc.o
 .debug_abbrev  0x00001b4e      0x4b1 hpl/usart/hpl_usart.o
 .debug_abbrev  0x00001fff      0x41d main.o

.debug_loc      0x00000000     0x5bf9
 .debug_loc     0x00000000       0x20 atmel_start.o
 .debug_loc     0x00000020      0x3af crc32.o
 .debug_loc     0x000003cf       0x6b Device_Startup/startup_same70q21b.o
 .debug_loc     0x0000043a      0x6b4 driver_init.o
 .debug_loc     0x00000aee       0x13 hal/src/hal_atomic.o
 .debug_loc     0x00000b01      0x940 hal/src/hal_flash.o
 .debug_loc     0x00001441      0x132 hal/src/hal_io.o
 .debug_loc     0x00001573      0xc2c hal/src/hal_usart_async.o
 .debug_loc     0x0000219f      0x220 hal/utils/src/utils_ringbuffer.o
 .debug_loc     0x000023bf      0x13b hal/utils/src/utils_syscalls.o
 .debug_loc     0x000024fa       0x77 hpl/core/hpl_init.o
 .debug_loc     0x00002571      0xf96 hpl/efc/hpl_efc.o
 .debug_loc     0x00003507      0x1fc hpl/pmc/hpl_pmc.o
 .debug_loc     0x00003703     0x2202 hpl/usart/hpl_usart.o
 .debug_loc     0x00005905      0x2f4 main.o

.debug_aranges  0x00000000      0x638
 .debug_aranges
                0x00000000       0x20 atmel_start.o
 .debug_aranges
                0x00000020       0x30 crc32.o
 .debug_aranges
                0x00000050       0x28 Device_Startup/startup_same70q21b.o
 .debug_aranges
                0x00000078       0x48 driver_init.o
 .debug_aranges
                0x000000c0       0x30 hal/src/hal_atomic.o
 .debug_aranges
                0x000000f0       0x90 hal/src/hal_flash.o
 .debug_aranges
                0x00000180       0x30 hal/src/hal_io.o
 .debug_aranges
                0x000001b0       0xe0 hal/src/hal_usart_async.o
 .debug_aranges
                0x00000290       0x20 hal/utils/src/utils_assert.o
 .debug_aranges
                0x000002b0       0x40 hal/utils/src/utils_ringbuffer.o
 .debug_aranges
                0x000002f0       0x60 hal/utils/src/utils_syscalls.o
 .debug_aranges
                0x00000350       0x20 hpl/core/hpl_init.o
 .debug_aranges
                0x00000370       0xa8 hpl/efc/hpl_efc.o
 .debug_aranges
                0x00000418       0x20 hpl/pmc/hpl_pmc.o
 .debug_aranges
                0x00000438      0x1c8 hpl/usart/hpl_usart.o
 .debug_aranges
                0x00000600       0x38 main.o

.debug_ranges   0x00000000      0x648
 .debug_ranges  0x00000000       0x10 atmel_start.o
 .debug_ranges  0x00000010       0x20 crc32.o
 .debug_ranges  0x00000030       0x18 Device_Startup/startup_same70q21b.o
 .debug_ranges  0x00000048       0x38 driver_init.o
 .debug_ranges  0x00000080       0x20 hal/src/hal_atomic.o
 .debug_ranges  0x000000a0       0x80 hal/src/hal_flash.o
 .debug_ranges  0x00000120       0x20 hal/src/hal_io.o
 .debug_ranges  0x00000140       0xd0 hal/src/hal_usart_async.o
 .debug_ranges  0x00000210       0x10 hal/utils/src/utils_assert.o
 .debug_ranges  0x00000220       0x30 hal/utils/src/utils_ringbuffer.o
 .debug_ranges  0x00000250       0x50 hal/utils/src/utils_syscalls.o
 .debug_ranges  0x000002a0       0x10 hpl/core/hpl_init.o
 .debug_ranges  0x000002b0       0xf0 hpl/efc/hpl_efc.o
 .debug_ranges  0x000003a0       0x10 hpl/pmc/hpl_pmc.o
 .debug_ranges  0x000003b0      0x228 hpl/usart/hpl_usart.o
 .debug_ranges  0x000005d8       0x70 main.o

.debug_macro    0x00000000    0x3b9ac
 .debug_macro   0x00000000      0x749 atmel_start.o
 .debug_macro   0x00000749      0x8c2 atmel_start.o
 .debug_macro   0x0000100b      0x16d atmel_start.o
 .debug_macro   0x00001178       0x22 atmel_start.o
 .debug_macro   0x0000119a       0x87 atmel_start.o
 .debug_macro   0x00001221       0x51 atmel_start.o
 .debug_macro   0x00001272       0xef atmel_start.o
 .debug_macro   0x00001361       0x6a atmel_start.o
 .debug_macro   0x000013cb      0x1df atmel_start.o
 .debug_macro   0x000015aa       0x22 atmel_start.o
 .debug_macro   0x000015cc       0xd7 atmel_start.o
 .debug_macro   0x000016a3       0x1c atmel_start.o
 .debug_macro   0x000016bf       0x22 atmel_start.o
 .debug_macro   0x000016e1       0xdf atmel_start.o
 .debug_macro   0x000017c0     0x12cd atmel_start.o
 .debug_macro   0x00002a8d      0x11f atmel_start.o
 .debug_macro   0x00002bac       0x19 atmel_start.o
 .debug_macro   0x00002bc5      0x3e2 atmel_start.o
 .debug_macro   0x00002fa7      0x5a9 atmel_start.o
 .debug_macro   0x00003550     0x1797 atmel_start.o
 .debug_macro   0x00004ce7      0x3bb atmel_start.o
 .debug_macro   0x000050a2      0x830 atmel_start.o
 .debug_macro   0x000058d2      0x316 atmel_start.o
 .debug_macro   0x00005be8     0x269d atmel_start.o
 .debug_macro   0x00008285       0x40 atmel_start.o
 .debug_macro   0x000082c5     0x105e atmel_start.o
 .debug_macro   0x00009323      0x60b atmel_start.o
 .debug_macro   0x0000992e      0x555 atmel_start.o
 .debug_macro   0x00009e83      0xb8f atmel_start.o
 .debug_macro   0x0000aa12      0x602 atmel_start.o
 .debug_macro   0x0000b014     0x3ac9 atmel_start.o
 .debug_macro   0x0000eadd     0x83ff atmel_start.o
 .debug_macro   0x00016edc     0x31db atmel_start.o
 .debug_macro   0x0001a0b7     0x24d0 atmel_start.o
 .debug_macro   0x0001c587      0x87f atmel_start.o
 .debug_macro   0x0001ce06      0x17d atmel_start.o
 .debug_macro   0x0001cf83      0x118 atmel_start.o
 .debug_macro   0x0001d09b      0x909 atmel_start.o
 .debug_macro   0x0001d9a4      0x125 atmel_start.o
 .debug_macro   0x0001dac9      0x503 atmel_start.o
 .debug_macro   0x0001dfcc      0x3e0 atmel_start.o
 .debug_macro   0x0001e3ac      0x709 atmel_start.o
 .debug_macro   0x0001eab5      0xb64 atmel_start.o
 .debug_macro   0x0001f619      0xf03 atmel_start.o
 .debug_macro   0x0002051c      0xff2 atmel_start.o
 .debug_macro   0x0002150e       0xa6 atmel_start.o
 .debug_macro   0x000215b4      0x124 atmel_start.o
 .debug_macro   0x000216d8      0xbc2 atmel_start.o
 .debug_macro   0x0002229a      0x5c5 atmel_start.o
 .debug_macro   0x0002285f     0x1afb atmel_start.o
 .debug_macro   0x0002435a      0x56f atmel_start.o
 .debug_macro   0x000248c9     0x41a7 atmel_start.o
 .debug_macro   0x00028a70      0x3a1 atmel_start.o
 .debug_macro   0x00028e11       0xc4 atmel_start.o
 .debug_macro   0x00028ed5      0x12d atmel_start.o
 .debug_macro   0x00029002     0x2a5f atmel_start.o
 .debug_macro   0x0002ba61       0x7c atmel_start.o
 .debug_macro   0x0002badd      0x14e atmel_start.o
 .debug_macro   0x0002bc2b       0xf4 atmel_start.o
 .debug_macro   0x0002bd1f       0xf4 atmel_start.o
 .debug_macro   0x0002be13       0x16 atmel_start.o
 .debug_macro   0x0002be29       0x7c atmel_start.o
 .debug_macro   0x0002bea5       0x40 atmel_start.o
 .debug_macro   0x0002bee5      0x623 atmel_start.o
 .debug_macro   0x0002c508       0x40 atmel_start.o
 .debug_macro   0x0002c548      0x7ce atmel_start.o
 .debug_macro   0x0002cd16       0x6a atmel_start.o
 .debug_macro   0x0002cd80       0x6a atmel_start.o
 .debug_macro   0x0002cdea       0x88 atmel_start.o
 .debug_macro   0x0002ce72       0xac atmel_start.o
 .debug_macro   0x0002cf1e      0x142 atmel_start.o
 .debug_macro   0x0002d060      0x138 atmel_start.o
 .debug_macro   0x0002d198      0x138 atmel_start.o
 .debug_macro   0x0002d2d0      0x187 atmel_start.o
 .debug_macro   0x0002d457      0x180 atmel_start.o
 .debug_macro   0x0002d5d7      0x180 atmel_start.o
 .debug_macro   0x0002d757      0x180 atmel_start.o
 .debug_macro   0x0002d8d7      0x180 atmel_start.o
 .debug_macro   0x0002da57      0x121 atmel_start.o
 .debug_macro   0x0002db78      0x352 atmel_start.o
 .debug_macro   0x0002deca      0x352 atmel_start.o
 .debug_macro   0x0002e21c       0x82 atmel_start.o
 .debug_macro   0x0002e29e       0x22 atmel_start.o
 .debug_macro   0x0002e2c0       0x22 atmel_start.o
 .debug_macro   0x0002e2e2       0x58 atmel_start.o
 .debug_macro   0x0002e33a       0x28 atmel_start.o
 .debug_macro   0x0002e362       0x64 atmel_start.o
 .debug_macro   0x0002e3c6       0x94 atmel_start.o
 .debug_macro   0x0002e45a       0x7c atmel_start.o
 .debug_macro   0x0002e4d6       0x7c atmel_start.o
 .debug_macro   0x0002e552       0x8e atmel_start.o
 .debug_macro   0x0002e5e0       0x34 atmel_start.o
 .debug_macro   0x0002e614      0x1a8 atmel_start.o
 .debug_macro   0x0002e7bc      0x1a8 atmel_start.o
 .debug_macro   0x0002e964      0x1a8 atmel_start.o
 .debug_macro   0x0002eb0c      0x1a8 atmel_start.o
 .debug_macro   0x0002ecb4       0x3a atmel_start.o
 .debug_macro   0x0002ecee       0x82 atmel_start.o
 .debug_macro   0x0002ed70       0x82 atmel_start.o
 .debug_macro   0x0002edf2       0x82 atmel_start.o
 .debug_macro   0x0002ee74       0x70 atmel_start.o
 .debug_macro   0x0002eee4       0x70 atmel_start.o
 .debug_macro   0x0002ef54       0x70 atmel_start.o
 .debug_macro   0x0002efc4       0x70 atmel_start.o
 .debug_macro   0x0002f034       0x70 atmel_start.o
 .debug_macro   0x0002f0a4       0xf4 atmel_start.o
 .debug_macro   0x0002f198       0xf4 atmel_start.o
 .debug_macro   0x0002f28c       0xf4 atmel_start.o
 .debug_macro   0x0002f380      0x71f atmel_start.o
 .debug_macro   0x0002fa9f       0x16 atmel_start.o
 .debug_macro   0x0002fab5       0x22 atmel_start.o
 .debug_macro   0x0002fad7      0x9bf atmel_start.o
 .debug_macro   0x00030496      0x583 atmel_start.o
 .debug_macro   0x00030a19     0x283a atmel_start.o
 .debug_macro   0x00033253      0x169 atmel_start.o
 .debug_macro   0x000333bc       0x10 atmel_start.o
 .debug_macro   0x000333cc       0x10 atmel_start.o
 .debug_macro   0x000333dc       0x16 atmel_start.o
 .debug_macro   0x000333f2       0x16 atmel_start.o
 .debug_macro   0x00033408       0x16 atmel_start.o
 .debug_macro   0x0003341e       0x16 atmel_start.o
 .debug_macro   0x00033434       0x16 atmel_start.o
 .debug_macro   0x0003344a       0x16 atmel_start.o
 .debug_macro   0x00033460       0x16 atmel_start.o
 .debug_macro   0x00033476       0x16 atmel_start.o
 .debug_macro   0x0003348c       0x16 atmel_start.o
 .debug_macro   0x000334a2       0x16 atmel_start.o
 .debug_macro   0x000334b8       0x16 atmel_start.o
 .debug_macro   0x000334ce       0x16 atmel_start.o
 .debug_macro   0x000334e4       0x16 atmel_start.o
 .debug_macro   0x000334fa       0x16 atmel_start.o
 .debug_macro   0x00033510       0x16 atmel_start.o
 .debug_macro   0x00033526       0x16 atmel_start.o
 .debug_macro   0x0003353c       0x16 atmel_start.o
 .debug_macro   0x00033552       0x16 atmel_start.o
 .debug_macro   0x00033568       0x16 atmel_start.o
 .debug_macro   0x0003357e       0x16 atmel_start.o
 .debug_macro   0x00033594       0x16 atmel_start.o
 .debug_macro   0x000335aa       0x16 atmel_start.o
 .debug_macro   0x000335c0       0x16 atmel_start.o
 .debug_macro   0x000335d6       0x16 atmel_start.o
 .debug_macro   0x000335ec       0x16 atmel_start.o
 .debug_macro   0x00033602       0x16 atmel_start.o
 .debug_macro   0x00033618      0x27e atmel_start.o
 .debug_macro   0x00033896       0x16 atmel_start.o
 .debug_macro   0x000338ac       0x16 atmel_start.o
 .debug_macro   0x000338c2       0x16 atmel_start.o
 .debug_macro   0x000338d8      0x373 atmel_start.o
 .debug_macro   0x00033c4b       0xa9 atmel_start.o
 .debug_macro   0x00033cf4       0x16 atmel_start.o
 .debug_macro   0x00033d0a       0x16 atmel_start.o
 .debug_macro   0x00033d20       0x16 atmel_start.o
 .debug_macro   0x00033d36       0xca atmel_start.o
 .debug_macro   0x00033e00       0x1c atmel_start.o
 .debug_macro   0x00033e1c       0x16 atmel_start.o
 .debug_macro   0x00033e32       0x4c atmel_start.o
 .debug_macro   0x00033e7e      0x13a crc32.o
 .debug_macro   0x00033fb8       0x52 crc32.o
 .debug_macro   0x0003400a       0x8d crc32.o
 .debug_macro   0x00034097       0x35 crc32.o
 .debug_macro   0x000340cc       0x9c crc32.o
 .debug_macro   0x00034168       0x16 crc32.o
 .debug_macro   0x0003417e      0x10e crc32.o
 .debug_macro   0x0003428c       0x86 crc32.o
 .debug_macro   0x00034312       0x57 crc32.o
 .debug_macro   0x00034369       0x58 crc32.o
 .debug_macro   0x000343c1       0x1f crc32.o
 .debug_macro   0x000343e0       0x43 crc32.o
 .debug_macro   0x00034423       0x20 crc32.o
 .debug_macro   0x00034443      0x187 crc32.o
 .debug_macro   0x000345ca      0x353 crc32.o
 .debug_macro   0x0003491d       0x16 crc32.o
 .debug_macro   0x00034933       0x29 crc32.o
 .debug_macro   0x0003495c       0x64 crc32.o
 .debug_macro   0x000349c0      0x488 Device_Startup/startup_same70q21b.o
 .debug_macro   0x00034e48       0xd1 Device_Startup/startup_same70q21b.o
 .debug_macro   0x00034f19      0x77d driver_init.o
 .debug_macro   0x00035696       0x10 driver_init.o
 .debug_macro   0x000356a6       0x40 driver_init.o
 .debug_macro   0x000356e6       0xc9 driver_init.o
 .debug_macro   0x000357af      0x649 hal/src/hal_atomic.o
 .debug_macro   0x00035df8      0x67e hal/src/hal_flash.o
 .debug_macro   0x00036476      0x65e hal/src/hal_io.o
 .debug_macro   0x00036ad4      0x6ad hal/src/hal_usart_async.o
 .debug_macro   0x00037181      0x653 hal/utils/src/utils_assert.o
 .debug_macro   0x000377d4       0x10 hal/utils/src/utils_assert.o
 .debug_macro   0x000377e4      0x658 hal/utils/src/utils_ringbuffer.o
 .debug_macro   0x00037e3c      0x1d6 hal/utils/src/utils_syscalls.o
 .debug_macro   0x00038012       0x16 hal/utils/src/utils_syscalls.o
 .debug_macro   0x00038028       0x97 hal/utils/src/utils_syscalls.o
 .debug_macro   0x000380bf       0xf6 hal/utils/src/utils_syscalls.o
 .debug_macro   0x000381b5       0x10 hal/utils/src/utils_syscalls.o
 .debug_macro   0x000381c5       0x10 hal/utils/src/utils_syscalls.o
 .debug_macro   0x000381d5       0x1c hal/utils/src/utils_syscalls.o
 .debug_macro   0x000381f1       0x52 hal/utils/src/utils_syscalls.o
 .debug_macro   0x00038243       0x40 hal/utils/src/utils_syscalls.o
 .debug_macro   0x00038283       0x10 hal/utils/src/utils_syscalls.o
 .debug_macro   0x00038293       0x40 hal/utils/src/utils_syscalls.o
 .debug_macro   0x000382d3       0xd7 hal/utils/src/utils_syscalls.o
 .debug_macro   0x000383aa       0x16 hal/utils/src/utils_syscalls.o
 .debug_macro   0x000383c0      0x18b hal/utils/src/utils_syscalls.o
 .debug_macro   0x0003854b       0x4c hal/utils/src/utils_syscalls.o
 .debug_macro   0x00038597       0x16 hal/utils/src/utils_syscalls.o
 .debug_macro   0x000385ad       0x10 hal/utils/src/utils_syscalls.o
 .debug_macro   0x000385bd       0x10 hal/utils/src/utils_syscalls.o
 .debug_macro   0x000385cd       0x35 hal/utils/src/utils_syscalls.o
 .debug_macro   0x00038602      0x122 hal/utils/src/utils_syscalls.o
 .debug_macro   0x00038724      0x6c1 hpl/core/hpl_init.o
 .debug_macro   0x00038de5      0x324 hpl/core/hpl_init.o
 .debug_macro   0x00039109      0x9df hpl/core/hpl_init.o
 .debug_macro   0x00039ae8      0x7b0 hpl/efc/hpl_efc.o
 .debug_macro   0x0003a298       0x34 hpl/efc/hpl_efc.o
 .debug_macro   0x0003a2cc      0x672 hpl/pmc/hpl_pmc.o
 .debug_macro   0x0003a93e      0x6b9 hpl/usart/hpl_usart.o
 .debug_macro   0x0003aff7       0x9f hpl/usart/hpl_usart.o
 .debug_macro   0x0003b096      0x8ac main.o
 .debug_macro   0x0003b942       0x6a main.o

.debug_line     0x00000000     0xc71a
 .debug_line    0x00000000      0xd72 atmel_start.o
 .debug_line    0x00000d72      0x35a crc32.o
 .debug_line    0x000010cc      0x8eb Device_Startup/startup_same70q21b.o
 .debug_line    0x000019b7      0xec3 driver_init.o
 .debug_line    0x0000287a      0xc54 hal/src/hal_atomic.o
 .debug_line    0x000034ce      0xdc8 hal/src/hal_flash.o
 .debug_line    0x00004296      0xc4c hal/src/hal_io.o
 .debug_line    0x00004ee2      0xeb2 hal/src/hal_usart_async.o
 .debug_line    0x00005d94      0xc29 hal/utils/src/utils_assert.o
 .debug_line    0x000069bd      0xca1 hal/utils/src/utils_ringbuffer.o
 .debug_line    0x0000765e      0x40a hal/utils/src/utils_syscalls.o
 .debug_line    0x00007a68      0xd0f hpl/core/hpl_init.o
 .debug_line    0x00008777      0xfea hpl/efc/hpl_efc.o
 .debug_line    0x00009761      0xcd1 hpl/pmc/hpl_pmc.o
 .debug_line    0x0000a432     0x13c4 hpl/usart/hpl_usart.o
 .debug_line    0x0000b7f6      0xf24 main.o

.debug_str      0x00000000   0x13ccfc
 .debug_str     0x00000000   0x131056 atmel_start.o
                             0x131a0b (size before relaxing)
 .debug_str     0x00131056     0x2edb crc32.o
                               0x6790 (size before relaxing)
 .debug_str     0x00133f31      0x78b Device_Startup/startup_same70q21b.o
                             0x12c0e8 (size before relaxing)
 .debug_str     0x001346bc      0xfd4 driver_init.o
                             0x132a29 (size before relaxing)
 .debug_str     0x00135690       0xb7 hal/src/hal_atomic.o
                             0x13144b (size before relaxing)
 .debug_str     0x00135747      0x1ca hal/src/hal_flash.o
                             0x131c71 (size before relaxing)
 .debug_str     0x00135911       0x3d hal/src/hal_io.o
                             0x1314e6 (size before relaxing)
 .debug_str     0x0013594e      0x67d hal/src/hal_usart_async.o
                             0x132330 (size before relaxing)
 .debug_str     0x00135fcb       0x2a hal/utils/src/utils_assert.o
                             0x13145b (size before relaxing)
 .debug_str     0x00135ff5       0x24 hal/utils/src/utils_ringbuffer.o
                             0x1314ef (size before relaxing)
 .debug_str     0x00136019     0x18f0 hal/utils/src/utils_syscalls.o
                               0x743b (size before relaxing)
 .debug_str     0x00137909     0x3063 hpl/core/hpl_init.o
                             0x134879 (size before relaxing)
 .debug_str     0x0013a96c      0xb49 hpl/efc/hpl_efc.o
                             0x1353c0 (size before relaxing)
 .debug_str     0x0013b4b5      0x1d6 hpl/pmc/hpl_pmc.o
                             0x1324a9 (size before relaxing)
 .debug_str     0x0013b68b     0x1276 hpl/usart/hpl_usart.o
                             0x133757 (size before relaxing)
 .debug_str     0x0013c901      0x3fb main.o
                             0x134f82 (size before relaxing)

.debug_frame    0x00000000     0x18a8
 .debug_frame   0x00000000       0x28 atmel_start.o
 .debug_frame   0x00000028       0x58 crc32.o
 .debug_frame   0x00000080       0x38 Device_Startup/startup_same70q21b.o
 .debug_frame   0x000000b8       0x90 driver_init.o
 .debug_frame   0x00000148       0x40 hal/src/hal_atomic.o
 .debug_frame   0x00000188      0x1b0 hal/src/hal_flash.o
 .debug_frame   0x00000338       0x58 hal/src/hal_io.o
 .debug_frame   0x00000390      0x2b0 hal/src/hal_usart_async.o
 .debug_frame   0x00000640       0x20 hal/utils/src/utils_assert.o
 .debug_frame   0x00000660       0x94 hal/utils/src/utils_ringbuffer.o
 .debug_frame   0x000006f4       0xa8 hal/utils/src/utils_syscalls.o
 .debug_frame   0x0000079c       0x2c hpl/core/hpl_init.o
 .debug_frame   0x000007c8      0x1f4 hpl/efc/hpl_efc.o
 .debug_frame   0x000009bc       0x20 hpl/pmc/hpl_pmc.o
 .debug_frame   0x000009dc      0x58c hpl/usart/hpl_usart.o
 .debug_frame   0x00000f68       0x80 main.o
 .debug_frame   0x00000fe8       0x2c c:/program files (x86)/atmel/studio/7.0/toolchain/arm/arm-gnu-toolchain/bin/../lib/gcc/arm-none-eabi/6.3.1/../../../../arm-none-eabi/lib/thumb/v7e-m/fpv5/hard\libc_nano.a(lib_a-init.o)
 .debug_frame   0x00001014       0x28 c:/program files (x86)/atmel/studio/7.0/toolchain/arm/arm-gnu-toolchain/bin/../lib/gcc/arm-none-eabi/6.3.1/../../../../arm-none-eabi/lib/thumb/v7e-m/fpv5/hard\libc_nano.a(lib_a-memcpy-stub.o)
 .debug_frame   0x0000103c       0x20 c:/program files (x86)/atmel/studio/7.0/toolchain/arm/arm-gnu-toolchain/bin/../lib/gcc/arm-none-eabi/6.3.1/../../../../arm-none-eabi/lib/thumb/v7e-m/fpv5/hard\libc_nano.a(lib_a-memset.o)
 .debug_frame   0x0000105c       0x9c c:/program files (x86)/atmel/studio/7.0/toolchain/arm/arm-gnu-toolchain/bin/../lib/gcc/arm-none-eabi/6.3.1/../../../../arm-none-eabi/lib/thumb/v7e-m/fpv5/hard\libc_nano.a(lib_a-nano-vfprintf_float.o)
 .debug_frame   0x000010f8       0x60 c:/program files (x86)/atmel/studio/7.0/toolchain/arm/arm-gnu-toolchain/bin/../lib/gcc/arm-none-eabi/6.3.1/../../../../arm-none-eabi/lib/thumb/v7e-m/fpv5/hard\libc_nano.a(lib_a-nano-vfprintf_i.o)
 .debug_frame   0x00001158       0x20 c:/program files (x86)/atmel/studio/7.0/toolchain/arm/arm-gnu-toolchain/bin/../lib/gcc/arm-none-eabi/6.3.1/../../../../arm-none-eabi/lib/thumb/v7e-m/fpv5/hard\libc_nano.a(lib_a-strcmp.o)
 .debug_frame   0x00001178       0x88 c:/program files (x86)/atmel/studio/7.0/toolchain/arm/arm-gnu-toolchain/bin/../lib/gcc/arm-none-eabi/6.3.1/../../../../arm-none-eabi/lib/thumb/v7e-m/fpv5/hard\libc_nano.a(lib_a-strtol.o)
 .debug_frame   0x00001200       0x84 c:/program files (x86)/atmel/studio/7.0/toolchain/arm/arm-gnu-toolchain/bin/../lib/gcc/arm-none-eabi/6.3.1/../../../../arm-none-eabi/lib/thumb/v7e-m/fpv5/hard\libc_nano.a(lib_a-strtoul.o)
 .debug_frame   0x00001284       0x6c c:/program files (x86)/atmel/studio/7.0/toolchain/arm/arm-gnu-toolchain/bin/../lib/gcc/arm-none-eabi/6.3.1/../../../../arm-none-eabi/lib/thumb/v7e-m/fpv5/hard\libc_nano.a(lib_a-dtoa.o)
 .debug_frame   0x000012f0      0x11c c:/program files (x86)/atmel/studio/7.0/toolchain/arm/arm-gnu-toolchain/bin/../lib/gcc/arm-none-eabi/6.3.1/../../../../arm-none-eabi/lib/thumb/v7e-m/fpv5/hard\libc_nano.a(lib_a-findfp.o)
 .debug_frame   0x0000140c       0x68 c:/program files (x86)/atmel/studio/7.0/toolchain/arm/arm-gnu-toolchain/bin/../lib/gcc/arm-none-eabi/6.3.1/../../../../arm-none-eabi/lib/thumb/v7e-m/fpv5/hard\libc_nano.a(lib_a-locale.o)
 .debug_frame   0x00001474       0x40 c:/program files (x86)/atmel/studio/7.0/toolchain/arm/arm-gnu-toolchain/bin/../lib/gcc/arm-none-eabi/6.3.1/../../../../arm-none-eabi/lib/thumb/v7e-m/fpv5/hard\libc_nano.a(lib_a-localeconv.o)
 .debug_frame   0x000014b4       0x30 c:/program files (x86)/atmel/studio/7.0/toolchain/arm/arm-gnu-toolchain/bin/../lib/gcc/arm-none-eabi/6.3.1/../../../../arm-none-eabi/lib/thumb/v7e-m/fpv5/hard\libc_nano.a(lib_a-malloc.o)
 .debug_frame   0x000014e4       0x48 c:/program files (x86)/atmel/studio/7.0/toolchain/arm/arm-gnu-toolchain/bin/../lib/gcc/arm-none-eabi/6.3.1/../../../../arm-none-eabi/lib/thumb/v7e-m/fpv5/hard\libc_nano.a(lib_a-mbtowc_r.o)
 .debug_frame   0x0000152c      0x230 c:/program files (x86)/atmel/studio/7.0/toolchain/arm/arm-gnu-toolchain/bin/../lib/gcc/arm-none-eabi/6.3.1/../../../../arm-none-eabi/lib/thumb/v7e-m/fpv5/hard\libc_nano.a(lib_a-mprec.o)
 .debug_frame   0x0000175c       0x2c c:/program files (x86)/atmel/studio/7.0/toolchain/arm/arm-gnu-toolchain/bin/../lib/gcc/arm-none-eabi/6.3.1/../../../../arm-none-eabi/lib/thumb/v7e-m/fpv5/hard\libc_nano.a(lib_a-nano-callocr.o)
 .debug_frame   0x00001788       0x2c c:/program files (x86)/atmel/studio/7.0/toolchain/arm/arm-gnu-toolchain/bin/../lib/gcc/arm-none-eabi/6.3.1/../../../../arm-none-eabi/lib/thumb/v7e-m/fpv5/hard\libc_nano.a(lib_a-nano-mallocr.o)
 .debug_frame   0x000017b4       0x2c c:/program files (x86)/atmel/studio/7.0/toolchain/arm/arm-gnu-toolchain/bin/../lib/gcc/arm-none-eabi/6.3.1/../../../../arm-none-eabi/lib/thumb/v7e-m/fpv5/hard\libc_nano.a(lib_a-sbrkr.o)
 .debug_frame   0x000017e0       0x3c c:/program files (x86)/atmel/studio/7.0/toolchain/arm/arm-gnu-toolchain/bin/../lib/gcc/arm-none-eabi/6.3.1/../../../../arm-none-eabi/lib/thumb/v7e-m/fpv5/hard\libc_nano.a(lib_a-wctomb_r.o)
 .debug_frame   0x0000181c       0x30 c:/program files (x86)/atmel/studio/7.0/toolchain/arm/arm-gnu-toolchain/bin/../lib/gcc/arm-none-eabi/6.3.1/../../../../arm-none-eabi/lib/thumb/v7e-m/fpv5/hard\libc_nano.a(lib_a-mlock.o)
 .debug_frame   0x0000184c       0x5c c:/program files (x86)/atmel/studio/7.0/toolchain/arm/arm-gnu-toolchain/bin/../lib/gcc/arm-none-eabi/6.3.1/../../../../arm-none-eabi/lib/thumb/v7e-m/fpv5/hard\libc_nano.a(lib_a-reent.o)
